<?xml version="1.0"?>
<link_info>
   <banner>TI ARM Linker PC v5.2.7</banner>
   <copyright>Copyright (c) 1996-2015 Texas Instruments Incorporated</copyright>
   <link_time>0x57e10f12</link_time>
   <link_errors>0x0</link_errors>
   <output_file>fitgood.out</output_file>
   <entry_point>
      <name>_c_int00</name>
      <address>0x10c35</address>
   </entry_point>
   <input_file_list>
      <input_file id="fl-2">
         <path>.\src\</path>
         <kind>object</kind>
         <file>abreast_dm.obj</file>
         <name>abreast_dm.obj</name>
      </input_file>
      <input_file id="fl-3">
         <path>.\src\</path>
         <kind>object</kind>
         <file>consume.obj</file>
         <name>consume.obj</name>
      </input_file>
      <input_file id="fl-4">
         <path>.\src\</path>
         <kind>object</kind>
         <file>dm_hash.obj</file>
         <name>dm_hash.obj</name>
      </input_file>
      <input_file id="fl-5">
         <path>.\src\</path>
         <kind>object</kind>
         <file>fit_aes.obj</file>
         <name>fit_aes.obj</name>
      </input_file>
      <input_file id="fl-6">
         <path>.\src\</path>
         <kind>object</kind>
         <file>fit_debug.obj</file>
         <name>fit_debug.obj</name>
      </input_file>
      <input_file id="fl-7">
         <path>.\src\</path>
         <kind>object</kind>
         <file>fit_rsa.obj</file>
         <name>fit_rsa.obj</name>
      </input_file>
      <input_file id="fl-8">
         <path>.\src\</path>
         <kind>object</kind>
         <file>fit_version.obj</file>
         <name>fit_version.obj</name>
      </input_file>
      <input_file id="fl-9">
         <path>.\src\</path>
         <kind>object</kind>
         <file>get_info.obj</file>
         <name>get_info.obj</name>
      </input_file>
      <input_file id="fl-a">
         <path>.\src\</path>
         <kind>object</kind>
         <file>internal.obj</file>
         <name>internal.obj</name>
      </input_file>
      <input_file id="fl-b">
         <path>.\src\</path>
         <kind>object</kind>
         <file>mem_read.obj</file>
         <name>mem_read.obj</name>
      </input_file>
      <input_file id="fl-c">
         <path>.\src\</path>
         <kind>object</kind>
         <file>node_locking.obj</file>
         <name>node_locking.obj</name>
      </input_file>
      <input_file id="fl-d">
         <path>.\src\</path>
         <kind>object</kind>
         <file>parser.obj</file>
         <name>parser.obj</name>
      </input_file>
      <input_file id="fl-e">
         <path>.\src\</path>
         <kind>object</kind>
         <file>validate.obj</file>
         <name>validate.obj</name>
      </input_file>
      <input_file id="fl-f">
         <path>.\sample\</path>
         <kind>object</kind>
         <file>demo_getinfo.obj</file>
         <name>demo_getinfo.obj</name>
      </input_file>
      <input_file id="fl-10">
         <path>.\sample\</path>
         <kind>object</kind>
         <file>fit_demo.obj</file>
         <name>fit_demo.obj</name>
      </input_file>
      <input_file id="fl-11">
         <path>.\mbedtls-2.2.1\library\</path>
         <kind>object</kind>
         <file>asn1parse.obj</file>
         <name>asn1parse.obj</name>
      </input_file>
      <input_file id="fl-12">
         <path>.\mbedtls-2.2.1\library\</path>
         <kind>object</kind>
         <file>base64.obj</file>
         <name>base64.obj</name>
      </input_file>
      <input_file id="fl-13">
         <path>.\mbedtls-2.2.1\library\</path>
         <kind>object</kind>
         <file>bignum.obj</file>
         <name>bignum.obj</name>
      </input_file>
      <input_file id="fl-14">
         <path>.\mbedtls-2.2.1\library\</path>
         <kind>object</kind>
         <file>md.obj</file>
         <name>md.obj</name>
      </input_file>
      <input_file id="fl-15">
         <path>.\mbedtls-2.2.1\library\</path>
         <kind>object</kind>
         <file>md5.obj</file>
         <name>md5.obj</name>
      </input_file>
      <input_file id="fl-16">
         <path>.\mbedtls-2.2.1\library\</path>
         <kind>object</kind>
         <file>md_wrap.obj</file>
         <name>md_wrap.obj</name>
      </input_file>
      <input_file id="fl-17">
         <path>.\mbedtls-2.2.1\library\</path>
         <kind>object</kind>
         <file>oid.obj</file>
         <name>oid.obj</name>
      </input_file>
      <input_file id="fl-18">
         <path>.\mbedtls-2.2.1\library\</path>
         <kind>object</kind>
         <file>pem.obj</file>
         <name>pem.obj</name>
      </input_file>
      <input_file id="fl-19">
         <path>.\mbedtls-2.2.1\library\</path>
         <kind>object</kind>
         <file>pk.obj</file>
         <name>pk.obj</name>
      </input_file>
      <input_file id="fl-1a">
         <path>.\mbedtls-2.2.1\library\</path>
         <kind>object</kind>
         <file>pk_wrap.obj</file>
         <name>pk_wrap.obj</name>
      </input_file>
      <input_file id="fl-1b">
         <path>.\mbedtls-2.2.1\library\</path>
         <kind>object</kind>
         <file>pkparse.obj</file>
         <name>pkparse.obj</name>
      </input_file>
      <input_file id="fl-1c">
         <path>.\mbedtls-2.2.1\library\</path>
         <kind>object</kind>
         <file>rsa.obj</file>
         <name>rsa.obj</name>
      </input_file>
      <input_file id="fl-1d">
         <path>.\mbedtls-2.2.1\library\</path>
         <kind>object</kind>
         <file>sha256.obj</file>
         <name>sha256.obj</name>
      </input_file>
      <input_file id="fl-1e">
         <path>.\hwdep\tm4c1294xl\</path>
         <kind>object</kind>
         <file>board_setup.obj</file>
         <name>board_setup.obj</name>
      </input_file>
      <input_file id="fl-1f">
         <path>.\hwdep\tm4c1294xl\</path>
         <kind>object</kind>
         <file>delay.obj</file>
         <name>delay.obj</name>
      </input_file>
      <input_file id="fl-20">
         <path>.\hwdep\tm4c1294xl\</path>
         <kind>object</kind>
         <file>eeprom_mem.obj</file>
         <name>eeprom_mem.obj</name>
      </input_file>
      <input_file id="fl-21">
         <path>.\hwdep\tm4c1294xl\</path>
         <kind>object</kind>
         <file>fingerprint.obj</file>
         <name>fingerprint.obj</name>
      </input_file>
      <input_file id="fl-22">
         <path>.\hwdep\tm4c1294xl\</path>
         <kind>object</kind>
         <file>flash_mem.obj</file>
         <name>flash_mem.obj</name>
      </input_file>
      <input_file id="fl-23">
         <path>.\hwdep\tm4c1294xl\</path>
         <kind>object</kind>
         <file>get_time.obj</file>
         <name>get_time.obj</name>
      </input_file>
      <input_file id="fl-24">
         <path>.\hwdep\tm4c1294xl\</path>
         <kind>object</kind>
         <file>led.obj</file>
         <name>led.obj</name>
      </input_file>
      <input_file id="fl-25">
         <path>.\hwdep\tm4c1294xl\</path>
         <kind>object</kind>
         <file>memory.obj</file>
         <name>memory.obj</name>
      </input_file>
      <input_file id="fl-26">
         <path>.\hwdep\tm4c1294xl\</path>
         <kind>object</kind>
         <file>startup_ccs.obj</file>
         <name>startup_ccs.obj</name>
      </input_file>
      <input_file id="fl-27">
         <path>.\hwdep\tm4c1294xl\</path>
         <kind>object</kind>
         <file>uart.obj</file>
         <name>uart.obj</name>
      </input_file>
      <input_file id="fl-28">
         <path>.\hwdep\tm4c1294xl\</path>
         <kind>object</kind>
         <file>uartstdio.obj</file>
         <name>uartstdio.obj</name>
      </input_file>
      <input_file id="fl-14f">
         <path>C:\ti\ccsv6\tools\compiler\ti-cgt-arm_5.2.7\lib\</path>
         <kind>archive</kind>
         <file>rtsv7M4_T_le_v4SPD16_eabi.lib</file>
         <name>boot.obj</name>
      </input_file>
      <input_file id="fl-150">
         <path>C:\ti\ccsv6\tools\compiler\ti-cgt-arm_5.2.7\lib\</path>
         <kind>archive</kind>
         <file>rtsv7M4_T_le_v4SPD16_eabi.lib</file>
         <name>copy_decompress_none.obj</name>
      </input_file>
      <input_file id="fl-151">
         <path>C:\ti\ccsv6\tools\compiler\ti-cgt-arm_5.2.7\lib\</path>
         <kind>archive</kind>
         <file>rtsv7M4_T_le_v4SPD16_eabi.lib</file>
         <name>copy_decompress_rle.obj</name>
      </input_file>
      <input_file id="fl-152">
         <path>C:\ti\ccsv6\tools\compiler\ti-cgt-arm_5.2.7\lib\</path>
         <kind>archive</kind>
         <file>rtsv7M4_T_le_v4SPD16_eabi.lib</file>
         <name>copy_zero_init.obj</name>
      </input_file>
      <input_file id="fl-153">
         <path>C:\ti\ccsv6\tools\compiler\ti-cgt-arm_5.2.7\lib\</path>
         <kind>archive</kind>
         <file>rtsv7M4_T_le_v4SPD16_eabi.lib</file>
         <name>exit.obj</name>
      </input_file>
      <input_file id="fl-154">
         <path>C:\ti\ccsv6\tools\compiler\ti-cgt-arm_5.2.7\lib\</path>
         <kind>archive</kind>
         <file>rtsv7M4_T_le_v4SPD16_eabi.lib</file>
         <name>memcmp.obj</name>
      </input_file>
      <input_file id="fl-155">
         <path>C:\ti\ccsv6\tools\compiler\ti-cgt-arm_5.2.7\lib\</path>
         <kind>archive</kind>
         <file>rtsv7M4_T_le_v4SPD16_eabi.lib</file>
         <name>memcpy_t2.obj</name>
      </input_file>
      <input_file id="fl-156">
         <path>C:\ti\ccsv6\tools\compiler\ti-cgt-arm_5.2.7\lib\</path>
         <kind>archive</kind>
         <file>rtsv7M4_T_le_v4SPD16_eabi.lib</file>
         <name>memory.obj</name>
      </input_file>
      <input_file id="fl-157">
         <path>C:\ti\ccsv6\tools\compiler\ti-cgt-arm_5.2.7\lib\</path>
         <kind>archive</kind>
         <file>rtsv7M4_T_le_v4SPD16_eabi.lib</file>
         <name>memset_t2.obj</name>
      </input_file>
      <input_file id="fl-158">
         <path>C:\ti\ccsv6\tools\compiler\ti-cgt-arm_5.2.7\lib\</path>
         <kind>archive</kind>
         <file>rtsv7M4_T_le_v4SPD16_eabi.lib</file>
         <name>pre_init.obj</name>
      </input_file>
      <input_file id="fl-159">
         <path>C:\ti\ccsv6\tools\compiler\ti-cgt-arm_5.2.7\lib\</path>
         <kind>archive</kind>
         <file>rtsv7M4_T_le_v4SPD16_eabi.lib</file>
         <name>rand.obj</name>
      </input_file>
      <input_file id="fl-15a">
         <path>C:\ti\ccsv6\tools\compiler\ti-cgt-arm_5.2.7\lib\</path>
         <kind>archive</kind>
         <file>rtsv7M4_T_le_v4SPD16_eabi.lib</file>
         <name>stkdepth_vars.obj</name>
      </input_file>
      <input_file id="fl-15b">
         <path>C:\ti\ccsv6\tools\compiler\ti-cgt-arm_5.2.7\lib\</path>
         <kind>archive</kind>
         <file>rtsv7M4_T_le_v4SPD16_eabi.lib</file>
         <name>strcmp.obj</name>
      </input_file>
      <input_file id="fl-15c">
         <path>C:\ti\ccsv6\tools\compiler\ti-cgt-arm_5.2.7\lib\</path>
         <kind>archive</kind>
         <file>rtsv7M4_T_le_v4SPD16_eabi.lib</file>
         <name>strlen.obj</name>
      </input_file>
      <input_file id="fl-15d">
         <path>C:\ti\ccsv6\tools\compiler\ti-cgt-arm_5.2.7\lib\</path>
         <kind>archive</kind>
         <file>rtsv7M4_T_le_v4SPD16_eabi.lib</file>
         <name>strstr.obj</name>
      </input_file>
      <input_file id="fl-15e">
         <path>C:\ti\ccsv6\tools\compiler\ti-cgt-arm_5.2.7\lib\</path>
         <kind>archive</kind>
         <file>rtsv7M4_T_le_v4SPD16_eabi.lib</file>
         <name>u_divt2.obj</name>
      </input_file>
      <input_file id="fl-15f">
         <path>C:\ti\ccsv6\tools\compiler\ti-cgt-arm_5.2.7\lib\</path>
         <kind>archive</kind>
         <file>rtsv7M4_T_le_v4SPD16_eabi.lib</file>
         <name>ull_div_t2.obj</name>
      </input_file>
      <input_file id="fl-160">
         <path>C:\ti\ccsv6\tools\compiler\ti-cgt-arm_5.2.7\lib\</path>
         <kind>archive</kind>
         <file>rtsv7M4_T_le_v4SPD16_eabi.lib</file>
         <name>vsprintf.obj</name>
      </input_file>
      <input_file id="fl-161">
         <path>C:\ti\ccsv6\tools\compiler\ti-cgt-arm_5.2.7\lib\</path>
         <kind>archive</kind>
         <file>rtsv7M4_T_le_v4SPD16_eabi.lib</file>
         <name>_lock.obj</name>
      </input_file>
      <input_file id="fl-162">
         <path>C:\ti\ccsv6\tools\compiler\ti-cgt-arm_5.2.7\lib\</path>
         <kind>archive</kind>
         <file>rtsv7M4_T_le_v4SPD16_eabi.lib</file>
         <name>_printfi.obj</name>
      </input_file>
      <input_file id="fl-163">
         <path>C:\ti\ccsv6\tools\compiler\ti-cgt-arm_5.2.7\lib\</path>
         <kind>archive</kind>
         <file>rtsv7M4_T_le_v4SPD16_eabi.lib</file>
         <name>args_main.obj</name>
      </input_file>
      <input_file id="fl-164">
         <path>C:\ti\ccsv6\tools\compiler\ti-cgt-arm_5.2.7\lib\</path>
         <kind>archive</kind>
         <file>rtsv7M4_T_le_v4SPD16_eabi.lib</file>
         <name>atoi.obj</name>
      </input_file>
      <input_file id="fl-165">
         <path>C:\ti\ccsv6\tools\compiler\ti-cgt-arm_5.2.7\lib\</path>
         <kind>archive</kind>
         <file>rtsv7M4_T_le_v4SPD16_eabi.lib</file>
         <name>autoinit.obj</name>
      </input_file>
      <input_file id="fl-166">
         <path>C:\ti\ccsv6\tools\compiler\ti-cgt-arm_5.2.7\lib\</path>
         <kind>archive</kind>
         <file>rtsv7M4_T_le_v4SPD16_eabi.lib</file>
         <name>cpy_tbl.obj</name>
      </input_file>
      <input_file id="fl-167">
         <path>C:\ti\ccsv6\tools\compiler\ti-cgt-arm_5.2.7\lib\</path>
         <kind>archive</kind>
         <file>rtsv7M4_T_le_v4SPD16_eabi.lib</file>
         <name>ctype.obj</name>
      </input_file>
      <input_file id="fl-168">
         <path>C:\ti\ccsv6\tools\compiler\ti-cgt-arm_5.2.7\lib\</path>
         <kind>archive</kind>
         <file>rtsv7M4_T_le_v4SPD16_eabi.lib</file>
         <name>fd_add_t2.obj</name>
      </input_file>
      <input_file id="fl-169">
         <path>C:\ti\ccsv6\tools\compiler\ti-cgt-arm_5.2.7\lib\</path>
         <kind>archive</kind>
         <file>rtsv7M4_T_le_v4SPD16_eabi.lib</file>
         <name>fd_cmp_t2.obj</name>
      </input_file>
      <input_file id="fl-16a">
         <path>C:\ti\ccsv6\tools\compiler\ti-cgt-arm_5.2.7\lib\</path>
         <kind>archive</kind>
         <file>rtsv7M4_T_le_v4SPD16_eabi.lib</file>
         <name>fd_div_t2.obj</name>
      </input_file>
      <input_file id="fl-16b">
         <path>C:\ti\ccsv6\tools\compiler\ti-cgt-arm_5.2.7\lib\</path>
         <kind>archive</kind>
         <file>rtsv7M4_T_le_v4SPD16_eabi.lib</file>
         <name>fd_mul_t2.obj</name>
      </input_file>
      <input_file id="fl-16c">
         <path>C:\ti\ccsv6\tools\compiler\ti-cgt-arm_5.2.7\lib\</path>
         <kind>archive</kind>
         <file>rtsv7M4_T_le_v4SPD16_eabi.lib</file>
         <name>fd_toi_t2.obj</name>
      </input_file>
      <input_file id="fl-16d">
         <path>C:\ti\ccsv6\tools\compiler\ti-cgt-arm_5.2.7\lib\</path>
         <kind>archive</kind>
         <file>rtsv7M4_T_le_v4SPD16_eabi.lib</file>
         <name>frexp.obj</name>
      </input_file>
      <input_file id="fl-16e">
         <path>C:\ti\ccsv6\tools\compiler\ti-cgt-arm_5.2.7\lib\</path>
         <kind>archive</kind>
         <file>rtsv7M4_T_le_v4SPD16_eabi.lib</file>
         <name>i_div0.obj</name>
      </input_file>
      <input_file id="fl-16f">
         <path>C:\ti\ccsv6\tools\compiler\ti-cgt-arm_5.2.7\lib\</path>
         <kind>archive</kind>
         <file>rtsv7M4_T_le_v4SPD16_eabi.lib</file>
         <name>i_tofd_t2.obj</name>
      </input_file>
      <input_file id="fl-170">
         <path>C:\ti\ccsv6\tools\compiler\ti-cgt-arm_5.2.7\lib\</path>
         <kind>archive</kind>
         <file>rtsv7M4_T_le_v4SPD16_eabi.lib</file>
         <name>ldexp.obj</name>
      </input_file>
      <input_file id="fl-171">
         <path>C:\ti\ccsv6\tools\compiler\ti-cgt-arm_5.2.7\lib\</path>
         <kind>archive</kind>
         <file>rtsv7M4_T_le_v4SPD16_eabi.lib</file>
         <name>ltoa.obj</name>
      </input_file>
      <input_file id="fl-172">
         <path>C:\ti\ccsv6\tools\compiler\ti-cgt-arm_5.2.7\lib\</path>
         <kind>archive</kind>
         <file>rtsv7M4_T_le_v4SPD16_eabi.lib</file>
         <name>memccpy.obj</name>
      </input_file>
      <input_file id="fl-173">
         <path>C:\ti\ccsv6\tools\compiler\ti-cgt-arm_5.2.7\lib\</path>
         <kind>archive</kind>
         <file>rtsv7M4_T_le_v4SPD16_eabi.lib</file>
         <name>strchr.obj</name>
      </input_file>
      <input_file id="fl-174">
         <path>C:\ti\ccsv6\tools\compiler\ti-cgt-arm_5.2.7\lib\</path>
         <kind>archive</kind>
         <file>rtsv7M4_T_le_v4SPD16_eabi.lib</file>
         <name>xdclass.obj</name>
      </input_file>
      <input_file id="fl-175">
         <path>C:\ti\ccsv6\tools\compiler\ti-cgt-arm_5.2.7\lib\</path>
         <kind>archive</kind>
         <file>rtsv7M4_T_le_v4SPD16_eabi.lib</file>
         <name>xdscale.obj</name>
      </input_file>
      <input_file id="fl-176">
         <path>C:\ti\ccsv6\tools\compiler\ti-cgt-arm_5.2.7\lib\</path>
         <kind>archive</kind>
         <file>rtsv7M4_T_le_v4SPD16_eabi.lib</file>
         <name>xdunscal.obj</name>
      </input_file>
      <input_file id="fl-177">
         <path>C:\ti\ccsv6\tools\compiler\ti-cgt-arm_5.2.7\lib\</path>
         <kind>archive</kind>
         <file>rtsv7M4_T_le_v4SPD16_eabi.lib</file>
         <name>xferaise.obj</name>
      </input_file>
      <input_file id="fl-178">
         <path>C:\ti\ccsv6\tools\compiler\ti-cgt-arm_5.2.7\lib\</path>
         <kind>archive</kind>
         <file>rtsv7M4_T_le_v4SPD16_eabi.lib</file>
         <name>xvalues.obj</name>
      </input_file>
      <input_file id="fl-179">
         <path>C:\ti\ccsv6\tools\compiler\ti-cgt-arm_5.2.7\lib\</path>
         <kind>archive</kind>
         <file>rtsv7M4_T_le_v4SPD16_eabi.lib</file>
         <name>errno.obj</name>
      </input_file>
      <input_file id="fl-17a">
         <path>C:\ti\ccsv6\tools\compiler\ti-cgt-arm_5.2.7\lib\</path>
         <kind>archive</kind>
         <file>rtsv7M4_T_le_v4SPD16_eabi.lib</file>
         <name>feraiseexcept.obj</name>
      </input_file>
      <input_file id="fl-17b">
         <path>C:\ti\ccsv6\tools\compiler\ti-cgt-arm_5.2.7\lib\</path>
         <kind>archive</kind>
         <file>rtsv7M4_T_le_v4SPD16_eabi.lib</file>
         <name>raise.obj</name>
      </input_file>
      <input_file id="fl-17c">
         <path>C:\ti\ccsv6\tools\compiler\ti-cgt-arm_5.2.7\lib\</path>
         <kind>archive</kind>
         <file>rtsv7M4_T_le_v4SPD16_eabi.lib</file>
         <name>signal.obj</name>
      </input_file>
      <input_file id="fl-17d">
         <path>C:\ti\ccsv6\tools\compiler\ti-cgt-arm_5.2.7\lib\</path>
         <kind>archive</kind>
         <file>rtsv7M4_T_le_v4SPD16_eabi.lib</file>
         <name>xdnorm.obj</name>
      </input_file>
      <input_file id="fl-17e">
         <path>C:\ti\TivaWare_C_Series-2.1.2.111\driverlib\ccs\Debug\</path>
         <kind>archive</kind>
         <file>driverlib.lib</file>
         <name>gpio.obj</name>
      </input_file>
      <input_file id="fl-17f">
         <path>C:\ti\TivaWare_C_Series-2.1.2.111\driverlib\ccs\Debug\</path>
         <kind>archive</kind>
         <file>driverlib.lib</file>
         <name>interrupt.obj</name>
      </input_file>
      <input_file id="fl-180">
         <path>C:\ti\TivaWare_C_Series-2.1.2.111\driverlib\ccs\Debug\</path>
         <kind>archive</kind>
         <file>driverlib.lib</file>
         <name>sysctl.obj</name>
      </input_file>
      <input_file id="fl-181">
         <path>C:\ti\TivaWare_C_Series-2.1.2.111\driverlib\ccs\Debug\</path>
         <kind>archive</kind>
         <file>driverlib.lib</file>
         <name>cpu.obj</name>
      </input_file>
   </input_file_list>
   <object_component_list>
      <object_component id="oc-f">
         <name>.intvecs</name>
         <load_address>0x0</load_address>
         <run_address>0x0</run_address>
         <size>0x200</size>
         <input_file_ref idref="fl-26"/>
      </object_component>
      <object_component id="oc-3d3">
         <name>.text</name>
         <load_address>0x200</load_address>
         <run_address>0x200</run_address>
         <size>0x3608</size>
         <input_file_ref idref="fl-13"/>
      </object_component>
      <object_component id="oc-150">
         <name>.text</name>
         <load_address>0x3808</load_address>
         <run_address>0x3808</run_address>
         <size>0x14ec</size>
         <input_file_ref idref="fl-f"/>
      </object_component>
      <object_component id="oc-3cd">
         <name>.text</name>
         <load_address>0x4cf4</load_address>
         <run_address>0x4cf4</run_address>
         <size>0x134c</size>
         <input_file_ref idref="fl-1c"/>
      </object_component>
      <object_component id="oc-1af">
         <name>.text</name>
         <load_address>0x6040</load_address>
         <run_address>0x6040</run_address>
         <size>0x1260</size>
         <input_file_ref idref="fl-d"/>
      </object_component>
      <object_component id="oc-4c0">
         <name>.text</name>
         <load_address>0x72a0</load_address>
         <run_address>0x72a0</run_address>
         <size>0x11d4</size>
         <input_file_ref idref="fl-15"/>
      </object_component>
      <object_component id="oc-18e">
         <name>.text</name>
         <load_address>0x8474</load_address>
         <run_address>0x8474</run_address>
         <size>0x10ba</size>
         <input_file_ref idref="fl-162"/>
      </object_component>
      <object_component id="oc-10f">
         <name>.text</name>
         <load_address>0x952e</load_address>
         <run_address>0x952e</run_address>
         <size>0x2</size>
         <input_file_ref idref="fl-16e"/>
      </object_component>
      <object_component id="oc-33">
         <name>.text</name>
         <load_address>0x9530</load_address>
         <run_address>0x9530</run_address>
         <size>0x98c</size>
         <input_file_ref idref="fl-28"/>
      </object_component>
      <object_component id="oc-525">
         <name>.text</name>
         <load_address>0x9ebc</load_address>
         <run_address>0x9ebc</run_address>
         <size>0x7e4</size>
         <input_file_ref idref="fl-1d"/>
      </object_component>
      <object_component id="oc-14a">
         <name>.text</name>
         <load_address>0xa6a0</load_address>
         <run_address>0xa6a0</run_address>
         <size>0x700</size>
         <input_file_ref idref="fl-3"/>
      </object_component>
      <object_component id="oc-334">
         <name>.text</name>
         <load_address>0xada0</load_address>
         <run_address>0xada0</run_address>
         <size>0x6f4</size>
         <input_file_ref idref="fl-5"/>
      </object_component>
      <object_component id="oc-347">
         <name>.text</name>
         <load_address>0xb494</load_address>
         <run_address>0xb494</run_address>
         <size>0x6c0</size>
         <input_file_ref idref="fl-1b"/>
      </object_component>
      <object_component id="oc-b3">
         <name>.text</name>
         <load_address>0xbb54</load_address>
         <run_address>0xbb54</run_address>
         <size>0x672</size>
         <input_file_ref idref="fl-6"/>
      </object_component>
      <object_component id="oc-1be">
         <name>.text</name>
         <load_address>0xc1c8</load_address>
         <run_address>0xc1c8</run_address>
         <size>0x660</size>
         <input_file_ref idref="fl-a"/>
      </object_component>
      <object_component id="oc-3c7">
         <name>.text</name>
         <load_address>0xc828</load_address>
         <run_address>0xc828</run_address>
         <size>0x5d0</size>
         <input_file_ref idref="fl-11"/>
      </object_component>
      <object_component id="oc-3b2">
         <name>.text</name>
         <load_address>0xcdf8</load_address>
         <run_address>0xcdf8</run_address>
         <size>0x550</size>
         <input_file_ref idref="fl-14"/>
      </object_component>
      <object_component id="oc-298">
         <name>.text</name>
         <load_address>0xd348</load_address>
         <run_address>0xd348</run_address>
         <size>0x514</size>
         <input_file_ref idref="fl-2"/>
      </object_component>
      <object_component id="oc-2a4">
         <name>.text</name>
         <load_address>0xd85c</load_address>
         <run_address>0xd85c</run_address>
         <size>0x4ac</size>
         <input_file_ref idref="fl-4"/>
      </object_component>
      <object_component id="oc-48f">
         <name>.text</name>
         <load_address>0xdd08</load_address>
         <run_address>0xdd08</run_address>
         <size>0x488</size>
         <input_file_ref idref="fl-12"/>
      </object_component>
      <object_component id="oc-3d9">
         <name>.text</name>
         <load_address>0xe190</load_address>
         <run_address>0xe190</run_address>
         <size>0x464</size>
         <input_file_ref idref="fl-17"/>
      </object_component>
      <object_component id="oc-341">
         <name>.text</name>
         <load_address>0xe5f4</load_address>
         <run_address>0xe5f4</run_address>
         <size>0x3ec</size>
         <input_file_ref idref="fl-19"/>
      </object_component>
      <object_component id="oc-428">
         <name>.text</name>
         <load_address>0xe9e0</load_address>
         <run_address>0xe9e0</run_address>
         <size>0x3dc</size>
         <input_file_ref idref="fl-156"/>
      </object_component>
      <object_component id="oc-3df">
         <name>.text</name>
         <load_address>0xedbc</load_address>
         <run_address>0xedbc</run_address>
         <size>0x318</size>
         <input_file_ref idref="fl-18"/>
      </object_component>
      <object_component id="oc-e3">
         <name>.text</name>
         <load_address>0xf0d4</load_address>
         <run_address>0xf0d4</run_address>
         <size>0x2f8</size>
         <input_file_ref idref="fl-10"/>
      </object_component>
      <object_component id="oc-1a1">
         <name>.text:SysCtlClockFreqSet</name>
         <load_address>0xf3cc</load_address>
         <run_address>0xf3cc</run_address>
         <size>0x204</size>
         <input_file_ref idref="fl-180"/>
      </object_component>
      <object_component id="oc-208">
         <name>.text</name>
         <load_address>0xf5d0</load_address>
         <run_address>0xf5d0</run_address>
         <size>0x1f4</size>
         <input_file_ref idref="fl-15f"/>
      </object_component>
      <object_component id="oc-2b3">
         <name>.text</name>
         <load_address>0xf7c4</load_address>
         <run_address>0xf7c4</run_address>
         <size>0x1f0</size>
         <input_file_ref idref="fl-c"/>
      </object_component>
      <object_component id="oc-442">
         <name>.text</name>
         <load_address>0xf9b4</load_address>
         <run_address>0xf9b4</run_address>
         <size>0x1d8</size>
         <input_file_ref idref="fl-1a"/>
      </object_component>
      <object_component id="oc-29e">
         <name>.text</name>
         <load_address>0xfb8c</load_address>
         <run_address>0xfb8c</run_address>
         <size>0x1c8</size>
         <input_file_ref idref="fl-7"/>
      </object_component>
      <object_component id="oc-237">
         <name>.text</name>
         <load_address>0xfd54</load_address>
         <run_address>0xfd54</run_address>
         <size>0x1b6</size>
         <input_file_ref idref="fl-168"/>
      </object_component>
      <object_component id="oc-21d">
         <name>.text</name>
         <load_address>0xff0a</load_address>
         <run_address>0xff0a</run_address>
         <size>0x136</size>
         <input_file_ref idref="fl-16a"/>
      </object_component>
      <object_component id="oc-4ba">
         <name>.text</name>
         <load_address>0x10040</load_address>
         <run_address>0x10040</run_address>
         <size>0x134</size>
         <input_file_ref idref="fl-16"/>
      </object_component>
      <object_component id="oc-2f8">
         <name>.text</name>
         <load_address>0x10174</load_address>
         <run_address>0x10174</run_address>
         <size>0x110</size>
         <input_file_ref idref="fl-175"/>
      </object_component>
      <object_component id="oc-218">
         <name>.text</name>
         <load_address>0x10284</load_address>
         <run_address>0x10284</run_address>
         <size>0xfc</size>
         <input_file_ref idref="fl-16b"/>
      </object_component>
      <object_component id="oc-39">
         <name>.text</name>
         <load_address>0x10380</load_address>
         <run_address>0x10380</run_address>
         <size>0xf0</size>
         <input_file_ref idref="fl-23"/>
      </object_component>
      <object_component id="oc-1df">
         <name>.text</name>
         <load_address>0x10470</load_address>
         <run_address>0x10470</run_address>
         <size>0xe0</size>
         <input_file_ref idref="fl-9"/>
      </object_component>
      <object_component id="oc-88">
         <name>.text</name>
         <load_address>0x10550</load_address>
         <run_address>0x10550</run_address>
         <size>0xc8</size>
         <input_file_ref idref="fl-27"/>
      </object_component>
      <object_component id="oc-37e">
         <name>.text</name>
         <load_address>0x10618</load_address>
         <run_address>0x10618</run_address>
         <size>0xbe</size>
         <input_file_ref idref="fl-17d"/>
      </object_component>
      <object_component id="oc-1b5">
         <name>.text</name>
         <load_address>0x106d6</load_address>
         <run_address>0x106d6</run_address>
         <size>0x9e</size>
         <input_file_ref idref="fl-b"/>
      </object_component>
      <object_component id="oc-42">
         <name>.text</name>
         <load_address>0x10774</load_address>
         <run_address>0x10774</run_address>
         <size>0x9c</size>
         <input_file_ref idref="fl-155"/>
      </object_component>
      <object_component id="oc-213">
         <name>.text:__aeabi_cdcmple</name>
         <load_address>0x10810</load_address>
         <run_address>0x10810</run_address>
         <size>0x86</size>
         <input_file_ref idref="fl-169"/>
      </object_component>
      <object_component id="oc-222">
         <name>.text:__aeabi_cdrcmple</name>
         <load_address>0x10896</load_address>
         <run_address>0x10896</run_address>
         <size>0x86</size>
         <input_file_ref idref="fl-169"/>
      </object_component>
      <object_component id="oc-5b">
         <name>.text</name>
         <load_address>0x1091c</load_address>
         <run_address>0x1091c</run_address>
         <size>0x7a</size>
         <input_file_ref idref="fl-157"/>
      </object_component>
      <object_component id="oc-6d">
         <name>.text</name>
         <load_address>0x10998</load_address>
         <run_address>0x10998</run_address>
         <size>0x6c</size>
         <input_file_ref idref="fl-165"/>
      </object_component>
      <object_component id="oc-4e">
         <name>.text</name>
         <load_address>0x10a04</load_address>
         <run_address>0x10a04</run_address>
         <size>0x6a</size>
         <input_file_ref idref="fl-151"/>
      </object_component>
      <object_component id="oc-2f0">
         <name>.text</name>
         <load_address>0x10a6e</load_address>
         <run_address>0x10a6e</run_address>
         <size>0x66</size>
         <input_file_ref idref="fl-176"/>
      </object_component>
      <object_component id="oc-144">
         <name>.text</name>
         <load_address>0x10ad4</load_address>
         <run_address>0x10ad4</run_address>
         <size>0x60</size>
         <input_file_ref idref="fl-24"/>
      </object_component>
      <object_component id="oc-22c">
         <name>.text</name>
         <load_address>0x10b34</load_address>
         <run_address>0x10b34</run_address>
         <size>0x56</size>
         <input_file_ref idref="fl-171"/>
      </object_component>
      <object_component id="oc-2bf">
         <name>.text</name>
         <load_address>0x10b8c</load_address>
         <run_address>0x10b8c</run_address>
         <size>0x54</size>
         <input_file_ref idref="fl-21"/>
      </object_component>
      <object_component id="oc-242">
         <name>.text</name>
         <load_address>0x10be0</load_address>
         <run_address>0x10be0</run_address>
         <size>0x52</size>
         <input_file_ref idref="fl-170"/>
      </object_component>
      <object_component id="oc-24">
         <name>.text</name>
         <load_address>0x10c34</load_address>
         <run_address>0x10c34</run_address>
         <size>0x50</size>
         <input_file_ref idref="fl-14f"/>
      </object_component>
      <object_component id="oc-13e">
         <name>.text</name>
         <load_address>0x10c84</load_address>
         <run_address>0x10c84</run_address>
         <size>0x4c</size>
         <input_file_ref idref="fl-1e"/>
      </object_component>
      <object_component id="oc-25a">
         <name>.text</name>
         <load_address>0x10cd0</load_address>
         <run_address>0x10cd0</run_address>
         <size>0x4c</size>
         <input_file_ref idref="fl-164"/>
      </object_component>
      <object_component id="oc-db">
         <name>.text</name>
         <load_address>0x10d1c</load_address>
         <run_address>0x10d1c</run_address>
         <size>0x4c</size>
         <input_file_ref idref="fl-166"/>
      </object_component>
      <object_component id="oc-45f">
         <name>.text</name>
         <load_address>0x10d68</load_address>
         <run_address>0x10d68</run_address>
         <size>0x4c</size>
         <input_file_ref idref="fl-159"/>
      </object_component>
      <object_component id="oc-279">
         <name>.text:_SysCtlFrequencyGet</name>
         <load_address>0x10db4</load_address>
         <run_address>0x10db4</run_address>
         <size>0x48</size>
         <input_file_ref idref="fl-180"/>
      </object_component>
      <object_component id="oc-227">
         <name>.text</name>
         <load_address>0x10dfc</load_address>
         <run_address>0x10dfc</run_address>
         <size>0x48</size>
         <input_file_ref idref="fl-16c"/>
      </object_component>
      <object_component id="oc-117">
         <name>.text</name>
         <load_address>0x10e44</load_address>
         <run_address>0x10e44</run_address>
         <size>0x48</size>
         <input_file_ref idref="fl-160"/>
      </object_component>
      <object_component id="oc-79">
         <name>.text</name>
         <load_address>0x10e8c</load_address>
         <run_address>0x10e8c</run_address>
         <size>0x44</size>
         <input_file_ref idref="fl-153"/>
      </object_component>
      <object_component id="oc-4a0">
         <name>.text</name>
         <load_address>0x10ed0</load_address>
         <run_address>0x10ed0</run_address>
         <size>0x40</size>
         <input_file_ref idref="fl-17c"/>
      </object_component>
      <object_component id="oc-9d">
         <name>.text</name>
         <load_address>0x10f10</load_address>
         <run_address>0x10f10</run_address>
         <size>0x40</size>
         <input_file_ref idref="fl-15e"/>
      </object_component>
      <object_component id="oc-38d">
         <name>.text</name>
         <load_address>0x10f50</load_address>
         <run_address>0x10f50</run_address>
         <size>0x34</size>
         <input_file_ref idref="fl-17a"/>
      </object_component>
      <object_component id="oc-489">
         <name>.text</name>
         <load_address>0x10f84</load_address>
         <run_address>0x10f84</run_address>
         <size>0x34</size>
         <input_file_ref idref="fl-15d"/>
      </object_component>
      <object_component id="oc-24e">
         <name>.text</name>
         <load_address>0x10fb8</load_address>
         <run_address>0x10fb8</run_address>
         <size>0x30</size>
         <input_file_ref idref="fl-174"/>
      </object_component>
      <object_component id="oc-2fe">
         <name>.text</name>
         <load_address>0x10fe8</load_address>
         <run_address>0x10fe8</run_address>
         <size>0x30</size>
         <input_file_ref idref="fl-177"/>
      </object_component>
      <object_component id="oc-232">
         <name>.text</name>
         <load_address>0x11018</load_address>
         <run_address>0x11018</run_address>
         <size>0x2e</size>
         <input_file_ref idref="fl-16f"/>
      </object_component>
      <object_component id="oc-40e">
         <name>.text</name>
         <load_address>0x11046</load_address>
         <run_address>0x11046</run_address>
         <size>0x2e</size>
         <input_file_ref idref="fl-17b"/>
      </object_component>
      <object_component id="oc-23c">
         <name>.text</name>
         <load_address>0x11074</load_address>
         <run_address>0x11074</run_address>
         <size>0x2a</size>
         <input_file_ref idref="fl-16d"/>
      </object_component>
      <object_component id="oc-457">
         <name>.text</name>
         <load_address>0x1109e</load_address>
         <run_address>0x1109e</run_address>
         <size>0x22</size>
         <input_file_ref idref="fl-154"/>
      </object_component>
      <object_component id="oc-273">
         <name>.text:_SysCtlMemTimingGet</name>
         <load_address>0x110c0</load_address>
         <run_address>0x110c0</run_address>
         <size>0x20</size>
         <input_file_ref idref="fl-180"/>
      </object_component>
      <object_component id="oc-254">
         <name>.text</name>
         <load_address>0x110e0</load_address>
         <run_address>0x110e0</run_address>
         <size>0x1c</size>
         <input_file_ref idref="fl-172"/>
      </object_component>
      <object_component id="oc-73">
         <name>.text</name>
         <load_address>0x110fc</load_address>
         <run_address>0x110fc</run_address>
         <size>0x18</size>
         <input_file_ref idref="fl-163"/>
      </object_component>
      <object_component id="oc-422">
         <name>.text</name>
         <load_address>0x11114</load_address>
         <run_address>0x11114</run_address>
         <size>0x18</size>
         <input_file_ref idref="fl-15b"/>
      </object_component>
      <object_component id="oc-248">
         <name>.text</name>
         <load_address>0x1112c</load_address>
         <run_address>0x1112c</run_address>
         <size>0x16</size>
         <input_file_ref idref="fl-173"/>
      </object_component>
      <object_component id="oc-176">
         <name>.text</name>
         <load_address>0x11144</load_address>
         <run_address>0x11144</run_address>
         <size>0x14</size>
         <input_file_ref idref="fl-161"/>
      </object_component>
      <object_component id="oc-20d">
         <name>.text</name>
         <load_address>0x11158</load_address>
         <run_address>0x11158</run_address>
         <size>0x14</size>
         <input_file_ref idref="fl-15c"/>
      </object_component>
      <object_component id="oc-12">
         <name>.text:decompress:none</name>
         <load_address>0x1116c</load_address>
         <run_address>0x1116c</run_address>
         <size>0xe</size>
         <input_file_ref idref="fl-150"/>
      </object_component>
      <object_component id="oc-15f">
         <name>.text</name>
         <load_address>0x1117a</load_address>
         <run_address>0x1117a</run_address>
         <size>0xe</size>
         <input_file_ref idref="fl-25"/>
      </object_component>
      <object_component id="oc-1e">
         <name>.text:decompress:ZI</name>
         <load_address>0x11188</load_address>
         <run_address>0x11188</run_address>
         <size>0xc</size>
         <input_file_ref idref="fl-152"/>
      </object_component>
      <object_component id="oc-2d">
         <name>.text</name>
         <load_address>0x11194</load_address>
         <run_address>0x11194</run_address>
         <size>0xc</size>
         <input_file_ref idref="fl-26"/>
      </object_component>
      <object_component id="oc-1a8">
         <name>.text:GPIOPinWrite</name>
         <load_address>0x111a0</load_address>
         <run_address>0x111a0</run_address>
         <size>0x6</size>
         <input_file_ref idref="fl-17e"/>
      </object_component>
      <object_component id="oc-18">
         <name>.text:decompress:rle24</name>
         <load_address>0x111a6</load_address>
         <run_address>0x111a6</run_address>
         <size>0x6</size>
         <input_file_ref idref="fl-151"/>
      </object_component>
      <object_component id="oc-67">
         <name>.text</name>
         <load_address>0x111ac</load_address>
         <run_address>0x111ac</run_address>
         <size>0x4</size>
         <input_file_ref idref="fl-158"/>
      </object_component>
      <object_component id="oc-4e6">
         <name>.const:.string</name>
         <load_address>0x111b0</load_address>
         <run_address>0x111b0</run_address>
         <size>0xa0c</size>
         <input_file_ref idref="fl-17"/>
      </object_component>
      <object_component id="oc-465">
         <name>.const:.string</name>
         <load_address>0x11bbc</load_address>
         <run_address>0x11bbc</run_address>
         <size>0x396</size>
         <input_file_ref idref="fl-1c"/>
      </object_component>
      <object_component id="oc-52f">
         <name>.const:md5_test_buf</name>
         <load_address>0x11f52</load_address>
         <run_address>0x11f52</run_address>
         <size>0x237</size>
         <input_file_ref idref="fl-15"/>
      </object_component>
      <object_component id="oc-472">
         <name>.const:oid_x520_attr_type</name>
         <load_address>0x1218c</load_address>
         <run_address>0x1218c</run_address>
         <size>0x190</size>
         <input_file_ref idref="fl-17"/>
      </object_component>
      <object_component id="oc-15c">
         <name>.const:.string:license</name>
         <load_address>0x1231c</load_address>
         <run_address>0x1231c</run_address>
         <size>0x18a</size>
         <input_file_ref idref="fl-10"/>
      </object_component>
      <object_component id="oc-47b">
         <name>.const:oid_sig_alg</name>
         <load_address>0x124a8</load_address>
         <run_address>0x124a8</run_address>
         <size>0x140</size>
         <input_file_ref idref="fl-17"/>
      </object_component>
      <object_component id="oc-282">
         <name>.const:g_pppui32XTALtoVCO</name>
         <load_address>0x125e8</load_address>
         <run_address>0x125e8</run_address>
         <size>0x120</size>
         <input_file_ref idref="fl-180"/>
      </object_component>
      <object_component id="oc-30c">
         <name>.const:.string:_ctypes_</name>
         <load_address>0x12708</load_address>
         <run_address>0x12708</run_address>
         <size>0x101</size>
         <input_file_ref idref="fl-167"/>
      </object_component>
      <object_component id="oc-3a6">
         <name>.const:.string:sbox</name>
         <load_address>0x12809</load_address>
         <run_address>0x12809</run_address>
         <size>0x100</size>
         <input_file_ref idref="fl-5"/>
      </object_component>
      <object_component id="oc-55c">
         <name>.const:K</name>
         <load_address>0x1290c</load_address>
         <run_address>0x1290c</run_address>
         <size>0x100</size>
         <input_file_ref idref="fl-1d"/>
      </object_component>
      <object_component id="oc-3a9">
         <name>.const:.string:Rcon</name>
         <load_address>0x12a0c</load_address>
         <run_address>0x12a0c</run_address>
         <size>0xff</size>
         <input_file_ref idref="fl-5"/>
      </object_component>
      <object_component id="oc-568">
         <name>.const:sha256_test_sum</name>
         <load_address>0x12b0b</load_address>
         <run_address>0x12b0b</run_address>
         <size>0xc0</size>
         <input_file_ref idref="fl-1d"/>
      </object_component>
      <object_component id="oc-484">
         <name>.const:oid_md_alg</name>
         <load_address>0x12bcc</load_address>
         <run_address>0x12bcc</run_address>
         <size>0xb4</size>
         <input_file_ref idref="fl-17"/>
      </object_component>
      <object_component id="oc-562">
         <name>.const:sha256_test_buf</name>
         <load_address>0x12c80</load_address>
         <run_address>0x12c80</run_address>
         <size>0xab</size>
         <input_file_ref idref="fl-1d"/>
      </object_component>
      <object_component id="oc-506">
         <name>.const:.string:base64_dec_map</name>
         <load_address>0x12d2b</load_address>
         <run_address>0x12d2b</run_address>
         <size>0x80</size>
         <input_file_ref idref="fl-12"/>
      </object_component>
      <object_component id="oc-475">
         <name>.const:oid_x509_ext</name>
         <load_address>0x12dac</load_address>
         <run_address>0x12dac</run_address>
         <size>0x78</size>
         <input_file_ref idref="fl-17"/>
      </object_component>
      <object_component id="oc-535">
         <name>.const:md5_test_sum</name>
         <load_address>0x12e24</load_address>
         <run_address>0x12e24</run_address>
         <size>0x70</size>
         <input_file_ref idref="fl-15"/>
      </object_component>
      <object_component id="oc-478">
         <name>.const:oid_ext_key_usage</name>
         <load_address>0x12e94</load_address>
         <run_address>0x12e94</run_address>
         <size>0x70</size>
         <input_file_ref idref="fl-17"/>
      </object_component>
      <object_component id="oc-27f">
         <name>.const:g_pui32Xtals</name>
         <load_address>0x12f04</load_address>
         <run_address>0x12f04</run_address>
         <size>0x6c</size>
         <input_file_ref idref="fl-180"/>
      </object_component>
      <object_component id="oc-50c">
         <name>.const:.string:base64_test_enc</name>
         <load_address>0x12f70</load_address>
         <run_address>0x12f70</run_address>
         <size>0x59</size>
         <input_file_ref idref="fl-12"/>
      </object_component>
      <object_component id="oc-47e">
         <name>.const:oid_pk_alg</name>
         <load_address>0x12fcc</load_address>
         <run_address>0x12fcc</run_address>
         <size>0x50</size>
         <input_file_ref idref="fl-17"/>
      </object_component>
      <object_component id="oc-2bc">
         <name>.const</name>
         <load_address>0x1301c</load_address>
         <run_address>0x1301c</run_address>
         <size>0x48</size>
         <input_file_ref idref="fl-a"/>
      </object_component>
      <object_component id="oc-28c">
         <name>.const</name>
         <load_address>0x13064</load_address>
         <run_address>0x13064</run_address>
         <size>0x48</size>
         <input_file_ref idref="fl-d"/>
      </object_component>
      <object_component id="oc-1e5">
         <name>.const:$P$T2$6</name>
         <load_address>0x130ac</load_address>
         <run_address>0x130ac</run_address>
         <size>0x44</size>
         <input_file_ref idref="fl-f"/>
      </object_component>
      <object_component id="oc-503">
         <name>.const:.string:base64_enc_map</name>
         <load_address>0x130f0</load_address>
         <run_address>0x130f0</run_address>
         <size>0x40</size>
         <input_file_ref idref="fl-12"/>
      </object_component>
      <object_component id="oc-509">
         <name>.const:.string:base64_test_dec</name>
         <load_address>0x13130</load_address>
         <run_address>0x13130</run_address>
         <size>0x40</size>
         <input_file_ref idref="fl-12"/>
      </object_component>
      <object_component id="oc-52c">
         <name>.const:.string:md5_padding</name>
         <load_address>0x13170</load_address>
         <run_address>0x13170</run_address>
         <size>0x40</size>
         <input_file_ref idref="fl-15"/>
      </object_component>
      <object_component id="oc-55f">
         <name>.const:.string:sha256_padding</name>
         <load_address>0x131b0</load_address>
         <run_address>0x131b0</run_address>
         <size>0x40</size>
         <input_file_ref idref="fl-1d"/>
      </object_component>
      <object_component id="oc-481">
         <name>.const:oid_cipher_alg</name>
         <load_address>0x131f0</load_address>
         <run_address>0x131f0</run_address>
         <size>0x3c</size>
         <input_file_ref idref="fl-17"/>
      </object_component>
      <object_component id="oc-318">
         <name>.const:g_sXTALtoMEMTIM</name>
         <load_address>0x1322c</load_address>
         <run_address>0x1322c</run_address>
         <size>0x30</size>
         <input_file_ref idref="fl-180"/>
      </object_component>
      <object_component id="oc-431">
         <name>.const:mbedtls_md5_info</name>
         <load_address>0x1325c</load_address>
         <run_address>0x1325c</run_address>
         <size>0x30</size>
         <input_file_ref idref="fl-16"/>
      </object_component>
      <object_component id="oc-3b8">
         <name>.const:mbedtls_rsa_info</name>
         <load_address>0x1328c</load_address>
         <run_address>0x1328c</run_address>
         <size>0x30</size>
         <input_file_ref idref="fl-1a"/>
      </object_component>
      <object_component id="oc-434">
         <name>.const:mbedtls_sha224_info</name>
         <load_address>0x132bc</load_address>
         <run_address>0x132bc</run_address>
         <size>0x30</size>
         <input_file_ref idref="fl-16"/>
      </object_component>
      <object_component id="oc-437">
         <name>.const:mbedtls_sha256_info</name>
         <load_address>0x132ec</load_address>
         <run_address>0x132ec</run_address>
         <size>0x30</size>
         <input_file_ref idref="fl-16"/>
      </object_component>
      <object_component id="oc-156">
         <name>.const:$P$T0$1</name>
         <load_address>0x1331c</load_address>
         <run_address>0x1331c</run_address>
         <size>0x28</size>
         <input_file_ref idref="fl-10"/>
      </object_component>
      <object_component id="oc-2d3">
         <name>.const:$P$T0$1</name>
         <load_address>0x13344</load_address>
         <run_address>0x13344</run_address>
         <size>0x28</size>
         <input_file_ref idref="fl-9"/>
      </object_component>
      <object_component id="oc-2b9">
         <name>.const:$P$T0$1</name>
         <load_address>0x1336c</load_address>
         <run_address>0x1336c</run_address>
         <size>0x28</size>
         <input_file_ref idref="fl-a"/>
      </object_component>
      <object_component id="oc-1c7">
         <name>.const:$P$T1$2</name>
         <load_address>0x13394</load_address>
         <run_address>0x13394</run_address>
         <size>0x28</size>
         <input_file_ref idref="fl-3"/>
      </object_component>
      <object_component id="oc-2aa">
         <name>.const:$P$T4$6</name>
         <load_address>0x133bc</load_address>
         <run_address>0x133bc</run_address>
         <size>0x28</size>
         <input_file_ref idref="fl-d"/>
      </object_component>
      <object_component id="oc-91">
         <name>.const</name>
         <load_address>0x133e4</load_address>
         <run_address>0x133e4</run_address>
         <size>0x28</size>
         <input_file_ref idref="fl-28"/>
      </object_component>
      <object_component id="oc-33d">
         <name>.const</name>
         <load_address>0x1340c</load_address>
         <run_address>0x1340c</run_address>
         <size>0x24</size>
         <input_file_ref idref="fl-2"/>
      </object_component>
      <object_component id="oc-34e">
         <name>.const</name>
         <load_address>0x13430</load_address>
         <run_address>0x13430</run_address>
         <size>0x24</size>
         <input_file_ref idref="fl-4"/>
      </object_component>
      <object_component id="oc-46d">
         <name>.const:gcd_pairs</name>
         <load_address>0x13454</load_address>
         <run_address>0x13454</run_address>
         <size>0x24</size>
         <input_file_ref idref="fl-13"/>
      </object_component>
      <object_component id="oc-532">
         <name>.const</name>
         <load_address>0x13478</load_address>
         <run_address>0x13478</run_address>
         <size>0x1c</size>
         <input_file_ref idref="fl-15"/>
      </object_component>
      <object_component id="oc-1d9">
         <name>.const</name>
         <load_address>0x13494</load_address>
         <run_address>0x13494</run_address>
         <size>0x18</size>
         <input_file_ref idref="fl-f"/>
      </object_component>
      <object_component id="oc-159">
         <name>.const</name>
         <load_address>0x134ac</load_address>
         <run_address>0x134ac</run_address>
         <size>0x18</size>
         <input_file_ref idref="fl-10"/>
      </object_component>
      <object_component id="oc-4b9">
         <name>.const:.string</name>
         <load_address>0x134c4</load_address>
         <run_address>0x134c4</run_address>
         <size>0x14</size>
         <input_file_ref idref="fl-16"/>
      </object_component>
      <object_component id="oc-106">
         <name>.const:.string</name>
         <load_address>0x134d8</load_address>
         <run_address>0x134d8</run_address>
         <size>0x12</size>
         <input_file_ref idref="fl-28"/>
      </object_component>
      <object_component id="oc-351">
         <name>.const:.string</name>
         <load_address>0x134ea</load_address>
         <run_address>0x134ea</run_address>
         <size>0x10</size>
         <input_file_ref idref="fl-4"/>
      </object_component>
      <object_component id="oc-1c4">
         <name>.const</name>
         <load_address>0x134fc</load_address>
         <run_address>0x134fc</run_address>
         <size>0x10</size>
         <input_file_ref idref="fl-3"/>
      </object_component>
      <object_component id="oc-42e">
         <name>.const</name>
         <load_address>0x1350c</load_address>
         <run_address>0x1350c</run_address>
         <size>0x10</size>
         <input_file_ref idref="fl-14"/>
      </object_component>
      <object_component id="oc-35c">
         <name>.const</name>
         <load_address>0x1351c</load_address>
         <run_address>0x1351c</run_address>
         <size>0xc</size>
         <input_file_ref idref="fl-c"/>
      </object_component>
      <object_component id="oc-565">
         <name>.const</name>
         <load_address>0x13528</load_address>
         <run_address>0x13528</run_address>
         <size>0xc</size>
         <input_file_ref idref="fl-1d"/>
      </object_component>
      <object_component id="oc-285">
         <name>.const</name>
         <load_address>0x13534</load_address>
         <run_address>0x13534</run_address>
         <size>0x8</size>
         <input_file_ref idref="fl-180"/>
      </object_component>
      <object_component id="oc-441">
         <name>.const:.string</name>
         <load_address>0x1353c</load_address>
         <run_address>0x1353c</run_address>
         <size>0x4</size>
         <input_file_ref idref="fl-1a"/>
      </object_component>
      <object_component id="oc-5a6">
         <name>.cinit..data.load</name>
         <load_address>0x13540</load_address>
         <run_address>0x13540</run_address>
         <size>0x257</size>
      </object_component>
      <object_component id="oc-5a4">
         <name>__TI_handler_table</name>
         <load_address>0x13798</load_address>
         <run_address>0x13798</run_address>
         <size>0xc</size>
      </object_component>
      <object_component id="oc-5a7">
         <name>.cinit..bss.load</name>
         <load_address>0x137a8</load_address>
         <run_address>0x137a8</run_address>
         <size>0x8</size>
      </object_component>
      <object_component id="oc-5a5">
         <name>__TI_cinit_table</name>
         <load_address>0x137b0</load_address>
         <run_address>0x137b0</run_address>
         <size>0x10</size>
      </object_component>
      <object_component id="oc-2a">
         <name>.sysmem</name>
         <uninitialized>true</uninitialized>
         <run_address>0x20004000</run_address>
         <size>0x8</size>
         <input_file_ref idref="fl-156"/>
      </object_component>
      <object_component id="oc-5a9">
         <name>.sysmem</name>
         <uninitialized>true</uninitialized>
         <run_address>0x20004000</run_address>
         <size>0x0</size>
      </object_component>
      <object_component id="oc-29">
         <name>.stack</name>
         <uninitialized>true</uninitialized>
         <run_address>0x20000000</run_address>
         <size>0x0</size>
         <input_file_ref idref="fl-14f"/>
      </object_component>
      <object_component id="oc-5a8">
         <name>.stack</name>
         <uninitialized>true</uninitialized>
         <run_address>0x20000000</run_address>
         <size>0x0</size>
      </object_component>
      <object_component id="oc-1dc">
         <name>.bss:dynamic_memory</name>
         <uninitialized>true</uninitialized>
         <run_address>0x20008000</run_address>
         <size>0x400</size>
         <input_file_ref idref="fl-f"/>
      </object_component>
      <object_component id="oc-97">
         <name>.bss:g_pcUARTTxBuffer</name>
         <uninitialized>true</uninitialized>
         <run_address>0x20008400</run_address>
         <size>0x400</size>
         <input_file_ref idref="fl-28"/>
      </object_component>
      <object_component id="oc-9a">
         <name>.bss:g_pcUARTRxBuffer</name>
         <uninitialized>true</uninitialized>
         <run_address>0x20008800</run_address>
         <size>0x80</size>
         <input_file_ref idref="fl-28"/>
      </object_component>
      <object_component id="oc-bc">
         <name>.common:g_ui32SysClock</name>
         <uninitialized>true</uninitialized>
         <run_address>0x20008884</run_address>
         <size>0x4</size>
      </object_component>
      <object_component id="oc-a2">
         <name>.common:g_bDisableEcho</name>
         <uninitialized>true</uninitialized>
         <run_address>0x20008888</run_address>
         <size>0x1</size>
      </object_component>
      <object_component id="oc-94">
         <name>.common:g_ui32PortNum</name>
         <uninitialized>true</uninitialized>
         <run_address>0x20008880</run_address>
         <size>0x4</size>
      </object_component>
      <object_component id="oc-33a">
         <name>.data</name>
         <load_address>0x20008df5</load_address>
         <run_address>0x20008df5</run_address>
         <size>0x20</size>
         <input_file_ref idref="fl-2"/>
      </object_component>
      <object_component id="oc-1bb">
         <name>.data</name>
         <load_address>0x20008d04</load_address>
         <run_address>0x20008d04</run_address>
         <size>0x4</size>
         <input_file_ref idref="fl-3"/>
      </object_component>
      <object_component id="oc-11d">
         <name>.data</name>
         <load_address>0x20008e46</load_address>
         <run_address>0x20008e46</run_address>
         <size>0x2</size>
         <input_file_ref idref="fl-6"/>
      </object_component>
      <object_component id="oc-292">
         <name>.data:lic_field_type</name>
         <load_address>0x20008a54</load_address>
         <run_address>0x20008a54</run_address>
         <size>0x100</size>
         <input_file_ref idref="fl-d"/>
      </object_component>
      <object_component id="oc-295">
         <name>.data:lic_tag_id</name>
         <load_address>0x20008b54</load_address>
         <run_address>0x20008b54</run_address>
         <size>0x100</size>
         <input_file_ref idref="fl-d"/>
      </object_component>
      <object_component id="oc-28f">
         <name>.data</name>
         <load_address>0x20008dc8</load_address>
         <run_address>0x20008dc8</run_address>
         <size>0x2d</size>
         <input_file_ref idref="fl-d"/>
      </object_component>
      <object_component id="oc-1d6">
         <name>.data</name>
         <load_address>0x20008e18</load_address>
         <run_address>0x20008e18</run_address>
         <size>0x18</size>
         <input_file_ref idref="fl-f"/>
      </object_component>
      <object_component id="oc-165">
         <name>.data:pubkey</name>
         <load_address>0x20008890</load_address>
         <run_address>0x20008890</run_address>
         <size>0x1c4</size>
         <input_file_ref idref="fl-10"/>
      </object_component>
      <object_component id="oc-368">
         <name>.data:devid</name>
         <load_address>0x20008d88</load_address>
         <run_address>0x20008d88</run_address>
         <size>0x40</size>
         <input_file_ref idref="fl-21"/>
      </object_component>
      <object_component id="oc-365">
         <name>.data</name>
         <load_address>0x20008e16</load_address>
         <run_address>0x20008e16</run_address>
         <size>0x2</size>
         <input_file_ref idref="fl-21"/>
      </object_component>
      <object_component id="oc-b9">
         <name>.data</name>
         <load_address>0x20008e6c</load_address>
         <run_address>0x20008e6c</run_address>
         <size>0x4</size>
         <input_file_ref idref="fl-23"/>
      </object_component>
      <object_component id="oc-8e">
         <name>.data</name>
         <load_address>0x20008e30</load_address>
         <run_address>0x20008e30</run_address>
         <size>0x15</size>
         <input_file_ref idref="fl-28"/>
      </object_component>
      <object_component id="oc-ee">
         <name>.data</name>
         <load_address>0x20008e5c</load_address>
         <run_address>0x20008e5c</run_address>
         <size>0x8</size>
         <input_file_ref idref="fl-153"/>
      </object_component>
      <object_component id="oc-4b3">
         <name>.data</name>
         <load_address>0x20008e48</load_address>
         <run_address>0x20008e48</run_address>
         <size>0xc</size>
         <input_file_ref idref="fl-156"/>
      </object_component>
      <object_component id="oc-4db">
         <name>.data</name>
         <load_address>0x20008e74</load_address>
         <run_address>0x20008e74</run_address>
         <size>0x4</size>
         <input_file_ref idref="fl-159"/>
      </object_component>
      <object_component id="oc-7f">
         <name>.data</name>
         <load_address>0x20008e78</load_address>
         <run_address>0x20008e78</run_address>
         <size>0x4</size>
         <input_file_ref idref="fl-15a"/>
      </object_component>
      <object_component id="oc-eb">
         <name>.data</name>
         <load_address>0x20008e54</load_address>
         <run_address>0x20008e54</run_address>
         <size>0x8</size>
         <input_file_ref idref="fl-161"/>
      </object_component>
      <object_component id="oc-388">
         <name>.data</name>
         <load_address>0x20008d08</load_address>
         <run_address>0x20008d08</run_address>
         <size>0x80</size>
         <input_file_ref idref="fl-178"/>
      </object_component>
      <object_component id="oc-393">
         <name>.data</name>
         <load_address>0x20008e70</load_address>
         <run_address>0x20008e70</run_address>
         <size>0x4</size>
         <input_file_ref idref="fl-179"/>
      </object_component>
      <object_component id="oc-414">
         <name>.data</name>
         <load_address>0x20008e64</load_address>
         <run_address>0x20008e64</run_address>
         <size>0x8</size>
         <input_file_ref idref="fl-17a"/>
      </object_component>
      <object_component id="oc-513">
         <name>.data:sigtable</name>
         <load_address>0x20008c54</load_address>
         <run_address>0x20008c54</run_address>
         <size>0xb0</size>
         <input_file_ref idref="fl-17c"/>
      </object_component>
      <object_component id="oc-116">
         <name>.debug_info</name>
         <load_address>0x0</load_address>
         <run_address>0x0</run_address>
         <size>0x3d0</size>
         <input_file_ref idref="fl-2"/>
      </object_component>
      <object_component id="oc-33b">
         <name>.debug_info</name>
         <load_address>0x3d0</load_address>
         <run_address>0x3d0</run_address>
         <size>0xca</size>
         <input_file_ref idref="fl-2"/>
      </object_component>
      <object_component id="oc-33e">
         <name>.debug_info</name>
         <load_address>0x49a</load_address>
         <run_address>0x49a</run_address>
         <size>0x101</size>
         <input_file_ref idref="fl-2"/>
      </object_component>
      <object_component id="oc-29a">
         <name>.debug_info</name>
         <load_address>0x59b</load_address>
         <run_address>0x59b</run_address>
         <size>0xaf0</size>
         <input_file_ref idref="fl-2"/>
      </object_component>
      <object_component id="oc-169">
         <name>.debug_info</name>
         <load_address>0x108b</load_address>
         <run_address>0x108b</run_address>
         <size>0x551</size>
         <input_file_ref idref="fl-2"/>
      </object_component>
      <object_component id="oc-1d1">
         <name>.debug_info</name>
         <load_address>0x15dc</load_address>
         <run_address>0x15dc</run_address>
         <size>0x133</size>
         <input_file_ref idref="fl-2"/>
      </object_component>
      <object_component id="oc-c2">
         <name>.debug_info</name>
         <load_address>0x170f</load_address>
         <run_address>0x170f</run_address>
         <size>0x84</size>
         <input_file_ref idref="fl-2"/>
      </object_component>
      <object_component id="oc-a9">
         <name>.debug_info</name>
         <load_address>0x1793</load_address>
         <run_address>0x1793</run_address>
         <size>0x18b</size>
         <input_file_ref idref="fl-2"/>
      </object_component>
      <object_component id="oc-12b">
         <name>.debug_info</name>
         <load_address>0x191e</load_address>
         <run_address>0x191e</run_address>
         <size>0xb7</size>
         <input_file_ref idref="fl-2"/>
      </object_component>
      <object_component id="oc-3bd">
         <name>.debug_info</name>
         <load_address>0x19d5</load_address>
         <run_address>0x19d5</run_address>
         <size>0x46</size>
         <input_file_ref idref="fl-2"/>
      </object_component>
      <object_component id="oc-ae">
         <name>.debug_info</name>
         <load_address>0x1a1b</load_address>
         <run_address>0x1a1b</run_address>
         <size>0x4e</size>
         <input_file_ref idref="fl-2"/>
      </object_component>
      <object_component id="oc-189">
         <name>.debug_info</name>
         <load_address>0x1a69</load_address>
         <run_address>0x1a69</run_address>
         <size>0x76</size>
         <input_file_ref idref="fl-2"/>
      </object_component>
      <object_component id="oc-122">
         <name>.debug_info</name>
         <load_address>0x1adf</load_address>
         <run_address>0x1adf</run_address>
         <size>0x1ea</size>
         <input_file_ref idref="fl-2"/>
      </object_component>
      <object_component id="oc-1cb">
         <name>.debug_info</name>
         <load_address>0x1cc9</load_address>
         <run_address>0x1cc9</run_address>
         <size>0x392</size>
         <input_file_ref idref="fl-3"/>
      </object_component>
      <object_component id="oc-1bc">
         <name>.debug_info</name>
         <load_address>0x205b</load_address>
         <run_address>0x205b</run_address>
         <size>0xdf</size>
         <input_file_ref idref="fl-3"/>
      </object_component>
      <object_component id="oc-1c5">
         <name>.debug_info</name>
         <load_address>0x213a</load_address>
         <run_address>0x213a</run_address>
         <size>0xe0</size>
         <input_file_ref idref="fl-3"/>
      </object_component>
      <object_component id="oc-1c8">
         <name>.debug_info</name>
         <load_address>0x221a</load_address>
         <run_address>0x221a</run_address>
         <size>0xc2</size>
         <input_file_ref idref="fl-3"/>
      </object_component>
      <object_component id="oc-14d">
         <name>.debug_info</name>
         <load_address>0x22dc</load_address>
         <run_address>0x22dc</run_address>
         <size>0x8cc</size>
         <input_file_ref idref="fl-3"/>
      </object_component>
      <object_component id="oc-1cc">
         <name>.debug_info</name>
         <load_address>0x2ba8</load_address>
         <run_address>0x2ba8</run_address>
         <size>0x2c</size>
         <input_file_ref idref="fl-3"/>
      </object_component>
      <object_component id="oc-355">
         <name>.debug_info</name>
         <load_address>0x2bd4</load_address>
         <run_address>0x2bd4</run_address>
         <size>0x376</size>
         <input_file_ref idref="fl-4"/>
      </object_component>
      <object_component id="oc-34f">
         <name>.debug_info</name>
         <load_address>0x2f4a</load_address>
         <run_address>0x2f4a</run_address>
         <size>0xfe</size>
         <input_file_ref idref="fl-4"/>
      </object_component>
      <object_component id="oc-352">
         <name>.debug_info</name>
         <load_address>0x3048</load_address>
         <run_address>0x3048</run_address>
         <size>0xc2</size>
         <input_file_ref idref="fl-4"/>
      </object_component>
      <object_component id="oc-2a5">
         <name>.debug_info</name>
         <load_address>0x310a</load_address>
         <run_address>0x310a</run_address>
         <size>0x55b</size>
         <input_file_ref idref="fl-4"/>
      </object_component>
      <object_component id="oc-3ad">
         <name>.debug_info</name>
         <load_address>0x3665</load_address>
         <run_address>0x3665</run_address>
         <size>0x211</size>
         <input_file_ref idref="fl-5"/>
      </object_component>
      <object_component id="oc-3a7">
         <name>.debug_info</name>
         <load_address>0x3876</load_address>
         <run_address>0x3876</run_address>
         <size>0xbc</size>
         <input_file_ref idref="fl-5"/>
      </object_component>
      <object_component id="oc-3aa">
         <name>.debug_info</name>
         <load_address>0x3932</load_address>
         <run_address>0x3932</run_address>
         <size>0xbc</size>
         <input_file_ref idref="fl-5"/>
      </object_component>
      <object_component id="oc-336">
         <name>.debug_info</name>
         <load_address>0x39ee</load_address>
         <run_address>0x39ee</run_address>
         <size>0x998</size>
         <input_file_ref idref="fl-5"/>
      </object_component>
      <object_component id="oc-121">
         <name>.debug_info</name>
         <load_address>0x4386</load_address>
         <run_address>0x4386</run_address>
         <size>0x1f8</size>
         <input_file_ref idref="fl-6"/>
      </object_component>
      <object_component id="oc-11e">
         <name>.debug_info</name>
         <load_address>0x457e</load_address>
         <run_address>0x457e</run_address>
         <size>0xd5</size>
         <input_file_ref idref="fl-6"/>
      </object_component>
      <object_component id="oc-b5">
         <name>.debug_info</name>
         <load_address>0x4653</load_address>
         <run_address>0x4653</run_address>
         <size>0x2f5</size>
         <input_file_ref idref="fl-6"/>
      </object_component>
      <object_component id="oc-2de">
         <name>.debug_info</name>
         <load_address>0x4948</load_address>
         <run_address>0x4948</run_address>
         <size>0x110</size>
         <input_file_ref idref="fl-6"/>
      </object_component>
      <object_component id="oc-2e3">
         <name>.debug_info</name>
         <load_address>0x4a58</load_address>
         <run_address>0x4a58</run_address>
         <size>0x2d3</size>
         <input_file_ref idref="fl-7"/>
      </object_component>
      <object_component id="oc-29f">
         <name>.debug_info</name>
         <load_address>0x4d2b</load_address>
         <run_address>0x4d2b</run_address>
         <size>0x2c3</size>
         <input_file_ref idref="fl-7"/>
      </object_component>
      <object_component id="oc-1fb">
         <name>.debug_info</name>
         <load_address>0x4fee</load_address>
         <run_address>0x4fee</run_address>
         <size>0xf9</size>
         <input_file_ref idref="fl-7"/>
      </object_component>
      <object_component id="oc-200">
         <name>.debug_info</name>
         <load_address>0x50e7</load_address>
         <run_address>0x50e7</run_address>
         <size>0x18e</size>
         <input_file_ref idref="fl-7"/>
      </object_component>
      <object_component id="oc-375">
         <name>.debug_info</name>
         <load_address>0x5275</load_address>
         <run_address>0x5275</run_address>
         <size>0x99</size>
         <input_file_ref idref="fl-7"/>
      </object_component>
      <object_component id="oc-d2">
         <name>.debug_info</name>
         <load_address>0x530e</load_address>
         <run_address>0x530e</run_address>
         <size>0x2c</size>
         <input_file_ref idref="fl-7"/>
      </object_component>
      <object_component id="oc-2d7">
         <name>.debug_info</name>
         <load_address>0x533a</load_address>
         <run_address>0x533a</run_address>
         <size>0x235</size>
         <input_file_ref idref="fl-9"/>
      </object_component>
      <object_component id="oc-2d4">
         <name>.debug_info</name>
         <load_address>0x556f</load_address>
         <run_address>0x556f</run_address>
         <size>0xc3</size>
         <input_file_ref idref="fl-9"/>
      </object_component>
      <object_component id="oc-1e1">
         <name>.debug_info</name>
         <load_address>0x5632</load_address>
         <run_address>0x5632</run_address>
         <size>0x21e</size>
         <input_file_ref idref="fl-9"/>
      </object_component>
      <object_component id="oc-2c6">
         <name>.debug_info</name>
         <load_address>0x5850</load_address>
         <run_address>0x5850</run_address>
         <size>0x3d6</size>
         <input_file_ref idref="fl-a"/>
      </object_component>
      <object_component id="oc-2ba">
         <name>.debug_info</name>
         <load_address>0x5c26</load_address>
         <run_address>0x5c26</run_address>
         <size>0xc3</size>
         <input_file_ref idref="fl-a"/>
      </object_component>
      <object_component id="oc-2bd">
         <name>.debug_info</name>
         <load_address>0x5ce9</load_address>
         <run_address>0x5ce9</run_address>
         <size>0x11d</size>
         <input_file_ref idref="fl-a"/>
      </object_component>
      <object_component id="oc-1bf">
         <name>.debug_info</name>
         <load_address>0x5e06</load_address>
         <run_address>0x5e06</run_address>
         <size>0x8b3</size>
         <input_file_ref idref="fl-a"/>
      </object_component>
      <object_component id="oc-2b0">
         <name>.debug_info</name>
         <load_address>0x66b9</load_address>
         <run_address>0x66b9</run_address>
         <size>0x141</size>
         <input_file_ref idref="fl-b"/>
      </object_component>
      <object_component id="oc-1b6">
         <name>.debug_info</name>
         <load_address>0x67fa</load_address>
         <run_address>0x67fa</run_address>
         <size>0x3fd</size>
         <input_file_ref idref="fl-b"/>
      </object_component>
      <object_component id="oc-360">
         <name>.debug_info</name>
         <load_address>0x6bf7</load_address>
         <run_address>0x6bf7</run_address>
         <size>0x2d1</size>
         <input_file_ref idref="fl-c"/>
      </object_component>
      <object_component id="oc-35d">
         <name>.debug_info</name>
         <load_address>0x6ec8</load_address>
         <run_address>0x6ec8</run_address>
         <size>0xc7</size>
         <input_file_ref idref="fl-c"/>
      </object_component>
      <object_component id="oc-2b6">
         <name>.debug_info</name>
         <load_address>0x6f8f</load_address>
         <run_address>0x6f8f</run_address>
         <size>0x2d1</size>
         <input_file_ref idref="fl-c"/>
      </object_component>
      <object_component id="oc-2ae">
         <name>.debug_info</name>
         <load_address>0x7260</load_address>
         <run_address>0x7260</run_address>
         <size>0x464</size>
         <input_file_ref idref="fl-d"/>
      </object_component>
      <object_component id="oc-293">
         <name>.debug_info</name>
         <load_address>0x76c4</load_address>
         <run_address>0x76c4</run_address>
         <size>0xd0</size>
         <input_file_ref idref="fl-d"/>
      </object_component>
      <object_component id="oc-296">
         <name>.debug_info</name>
         <load_address>0x7794</load_address>
         <run_address>0x7794</run_address>
         <size>0xc8</size>
         <input_file_ref idref="fl-d"/>
      </object_component>
      <object_component id="oc-290">
         <name>.debug_info</name>
         <load_address>0x785c</load_address>
         <run_address>0x785c</run_address>
         <size>0xdd</size>
         <input_file_ref idref="fl-d"/>
      </object_component>
      <object_component id="oc-28d">
         <name>.debug_info</name>
         <load_address>0x7939</load_address>
         <run_address>0x7939</run_address>
         <size>0x15c</size>
         <input_file_ref idref="fl-d"/>
      </object_component>
      <object_component id="oc-2ab">
         <name>.debug_info</name>
         <load_address>0x7a95</load_address>
         <run_address>0x7a95</run_address>
         <size>0xc2</size>
         <input_file_ref idref="fl-d"/>
      </object_component>
      <object_component id="oc-1b0">
         <name>.debug_info</name>
         <load_address>0x7b57</load_address>
[...]
         <name>fit_board_setup</name>
         <value>0x10c85</value>
         <object_component_ref idref="oc-13e"/>
      </symbol>
      <symbol id="sm-ec6">
         <name>fit_deviceid_get</name>
         <value>0x10b8d</value>
         <object_component_ref idref="oc-2bf"/>
      </symbol>
      <symbol id="sm-ec7">
         <name>devid_len</name>
         <value>0x20008e16</value>
         <object_component_ref idref="oc-365"/>
      </symbol>
      <symbol id="sm-ec8">
         <name>devid</name>
         <value>0x20008d88</value>
         <object_component_ref idref="oc-368"/>
      </symbol>
      <symbol id="sm-eec">
         <name>unixtime</name>
         <value>0x20008e6c</value>
         <object_component_ref idref="oc-b9"/>
      </symbol>
      <symbol id="sm-eed">
         <name>fit_time_init</name>
         <value>0x103c9</value>
         <object_component_ref idref="oc-39"/>
      </symbol>
      <symbol id="sm-eee">
         <name>fit_time_get</name>
         <value>0x10381</value>
         <object_component_ref idref="oc-39"/>
      </symbol>
      <symbol id="sm-eef">
         <name>fit_time_set</name>
         <value>0x10399</value>
         <object_component_ref idref="oc-39"/>
      </symbol>
      <symbol id="sm-ef0">
         <name>Timer0IntHandler</name>
         <value>0x103af</value>
         <object_component_ref idref="oc-39"/>
      </symbol>
      <symbol id="sm-f02">
         <name>fit_led_on</name>
         <value>0x10ad5</value>
         <object_component_ref idref="oc-144"/>
      </symbol>
      <symbol id="sm-f03">
         <name>fit_led_init</name>
         <value>0x10af1</value>
         <object_component_ref idref="oc-144"/>
      </symbol>
      <symbol id="sm-f04">
         <name>fit_led_off</name>
         <value>0x10ae3</value>
         <object_component_ref idref="oc-144"/>
      </symbol>
      <symbol id="sm-f11">
         <name>read_ram_u8</name>
         <value>0x1117b</value>
         <object_component_ref idref="oc-15f"/>
      </symbol>
      <symbol id="sm-f2d">
         <name>ResetISR</name>
         <value>0x11195</value>
         <object_component_ref idref="oc-2d"/>
      </symbol>
      <symbol id="sm-f2e">
         <name>g_pfnVectors</name>
         <value>0x0</value>
         <object_component_ref idref="oc-f"/>
      </symbol>
      <symbol id="sm-f4b">
         <name>fit_uart_getc</name>
         <value>0x105d9</value>
         <object_component_ref idref="oc-88"/>
      </symbol>
      <symbol id="sm-f4c">
         <name>fit_uart_init</name>
         <value>0x1055d</value>
         <object_component_ref idref="oc-88"/>
      </symbol>
      <symbol id="sm-f4d">
         <name>fit_uart_getchar</name>
         <value>0x105ed</value>
         <object_component_ref idref="oc-88"/>
      </symbol>
      <symbol id="sm-f4e">
         <name>__error__</name>
         <value>0x10551</value>
         <object_component_ref idref="oc-88"/>
      </symbol>
      <symbol id="sm-f4f">
         <name>fit_uart_putc</name>
         <value>0x105b9</value>
         <object_component_ref idref="oc-88"/>
      </symbol>
      <symbol id="sm-101c">
         <name>UARTTxBytesFree</name>
         <value>0x9c29</value>
         <object_component_ref idref="oc-33"/>
      </symbol>
      <symbol id="sm-101d">
         <name>UARTFlushRx</name>
         <value>0x9c97</value>
         <object_component_ref idref="oc-33"/>
      </symbol>
      <symbol id="sm-101e">
         <name>UARTgetc</name>
         <value>0x987d</value>
         <object_component_ref idref="oc-33"/>
      </symbol>
      <symbol id="sm-101f">
         <name>UARTgets</name>
         <value>0x97b7</value>
         <object_component_ref idref="oc-33"/>
      </symbol>
      <symbol id="sm-1020">
         <name>UARTFlushTx</name>
         <value>0x9cbf</value>
         <object_component_ref idref="oc-33"/>
      </symbol>
      <symbol id="sm-1021">
         <name>UARTStdioConfig</name>
         <value>0x9645</value>
         <object_component_ref idref="oc-33"/>
      </symbol>
      <symbol id="sm-1022">
         <name>UARTStdioIntHandler</name>
         <value>0x9d31</value>
         <object_component_ref idref="oc-33"/>
      </symbol>
      <symbol id="sm-1023">
         <name>UARTRxBytesAvail</name>
         <value>0x9c1b</value>
         <object_component_ref idref="oc-33"/>
      </symbol>
      <symbol id="sm-1024">
         <name>UARTwrite</name>
         <value>0x9727</value>
         <object_component_ref idref="oc-33"/>
      </symbol>
      <symbol id="sm-1025">
         <name>UARTPeek</name>
         <value>0x9c3d</value>
         <object_component_ref idref="oc-33"/>
      </symbol>
      <symbol id="sm-1026">
         <name>UARTEchoSet</name>
         <value>0x9cfd</value>
         <object_component_ref idref="oc-33"/>
      </symbol>
      <symbol id="sm-1027">
         <name>UARTprintf</name>
         <value>0x9bf7</value>
         <object_component_ref idref="oc-33"/>
      </symbol>
      <symbol id="sm-1028">
         <name>UARTvprintf</name>
         <value>0x98c9</value>
         <object_component_ref idref="oc-33"/>
      </symbol>
      <symbol id="sm-103a">
         <name>_c_int00</name>
         <value>0x10c35</value>
         <object_component_ref idref="oc-24"/>
      </symbol>
      <symbol id="sm-103b">
         <name>__stack</name>
         <value>0x20000000</value>
         <object_component_ref idref="oc-29"/>
      </symbol>
      <symbol id="sm-1052">
         <name>__TI_decompress_none</name>
         <value>0x1116d</value>
         <object_component_ref idref="oc-12"/>
      </symbol>
      <symbol id="sm-1075">
         <name>__TI_decompress_rle24</name>
         <value>0x111a7</value>
         <object_component_ref idref="oc-18"/>
      </symbol>
      <symbol id="sm-1087">
         <name>__TI_zero_init</name>
         <value>0x11189</value>
         <object_component_ref idref="oc-1e"/>
      </symbol>
      <symbol id="sm-10a6">
         <name>C$$EXIT</name>
         <value>0x10e8d</value>
         <object_component_ref idref="oc-79"/>
      </symbol>
      <symbol id="sm-10a7">
         <name>abort</name>
         <value>0x10e91</value>
         <object_component_ref idref="oc-79"/>
      </symbol>
      <symbol id="sm-10a8">
         <name>exit</name>
         <value>0x10e99</value>
         <object_component_ref idref="oc-79"/>
      </symbol>
      <symbol id="sm-10a9">
         <name>__TI_dtors_ptr</name>
         <value>0x20008e60</value>
         <object_component_ref idref="oc-ee"/>
      </symbol>
      <symbol id="sm-10aa">
         <name>__TI_cleanup_ptr</name>
         <value>0x20008e5c</value>
         <object_component_ref idref="oc-ee"/>
      </symbol>
      <symbol id="sm-10ba">
         <name>memcmp</name>
         <value>0x1109f</value>
         <object_component_ref idref="oc-457"/>
      </symbol>
      <symbol id="sm-10d5">
         <name>memcpy</name>
         <value>0x10775</value>
         <object_component_ref idref="oc-42"/>
      </symbol>
      <symbol id="sm-10d6">
         <name>__aeabi_memcpy</name>
         <value>0x10775</value>
         <object_component_ref idref="oc-42"/>
      </symbol>
      <symbol id="sm-10d7">
         <name>__aeabi_memcpy8</name>
         <value>0x10775</value>
         <object_component_ref idref="oc-42"/>
      </symbol>
      <symbol id="sm-10d8">
         <name>__aeabi_memcpy4</name>
         <value>0x10775</value>
         <object_component_ref idref="oc-42"/>
      </symbol>
      <symbol id="sm-114f">
         <name>_sys_memory</name>
         <value>0x20004000</value>
         <object_component_ref idref="oc-2a"/>
      </symbol>
      <symbol id="sm-1150">
         <name>free</name>
         <value>0xead7</value>
         <object_component_ref idref="oc-428"/>
      </symbol>
      <symbol id="sm-1151">
         <name>realloc</name>
         <value>0xeb99</value>
         <object_component_ref idref="oc-428"/>
      </symbol>
      <symbol id="sm-1152">
         <name>memalign</name>
         <value>0xeca5</value>
         <object_component_ref idref="oc-428"/>
      </symbol>
      <symbol id="sm-1153">
         <name>calloc</name>
         <value>0xed89</value>
         <object_component_ref idref="oc-428"/>
      </symbol>
      <symbol id="sm-1154">
         <name>malloc</name>
         <value>0xea6f</value>
         <object_component_ref idref="oc-428"/>
      </symbol>
      <symbol id="sm-1155">
         <name>minit</name>
         <value>0xe9e1</value>
         <object_component_ref idref="oc-428"/>
      </symbol>
      <symbol id="sm-1164">
         <name>__aeabi_memset</name>
         <value>0x1091f</value>
         <object_component_ref idref="oc-5b"/>
      </symbol>
      <symbol id="sm-1165">
         <name>memset</name>
         <value>0x10925</value>
         <object_component_ref idref="oc-5b"/>
      </symbol>
      <symbol id="sm-1166">
         <name>__aeabi_memset8</name>
         <value>0x1091f</value>
         <object_component_ref idref="oc-5b"/>
      </symbol>
      <symbol id="sm-1167">
         <name>__aeabi_memset4</name>
         <value>0x1091f</value>
         <object_component_ref idref="oc-5b"/>
      </symbol>
      <symbol id="sm-1168">
         <name>__aeabi_memclr8</name>
         <value>0x1091d</value>
         <object_component_ref idref="oc-5b"/>
      </symbol>
      <symbol id="sm-1169">
         <name>__aeabi_memclr4</name>
         <value>0x1091d</value>
         <object_component_ref idref="oc-5b"/>
      </symbol>
      <symbol id="sm-116a">
         <name>__aeabi_memclr</name>
         <value>0x1091d</value>
         <object_component_ref idref="oc-5b"/>
      </symbol>
      <symbol id="sm-1174">
         <name>_system_pre_init</name>
         <value>0x111ad</value>
         <object_component_ref idref="oc-67"/>
      </symbol>
      <symbol id="sm-118e">
         <name>rand</name>
         <value>0x10d7f</value>
         <object_component_ref idref="oc-45f"/>
      </symbol>
      <symbol id="sm-118f">
         <name>srand</name>
         <value>0x10d69</value>
         <object_component_ref idref="oc-45f"/>
      </symbol>
      <symbol id="sm-1197">
         <name>main_func_sp</name>
         <value>0x20008e78</value>
         <object_component_ref idref="oc-7f"/>
      </symbol>
      <symbol id="sm-11a6">
         <name>strcmp</name>
         <value>0x11115</value>
         <object_component_ref idref="oc-422"/>
      </symbol>
      <symbol id="sm-11b4">
         <name>strlen</name>
         <value>0x11159</value>
         <object_component_ref idref="oc-20d"/>
      </symbol>
      <symbol id="sm-11c7">
         <name>strstr</name>
         <value>0x10f85</value>
         <object_component_ref idref="oc-489"/>
      </symbol>
      <symbol id="sm-11d9">
         <name>__aeabi_uidivmod</name>
         <value>0x10f11</value>
         <object_component_ref idref="oc-9d"/>
      </symbol>
      <symbol id="sm-11da">
         <name>__aeabi_uidiv</name>
         <value>0x10f11</value>
         <object_component_ref idref="oc-9d"/>
      </symbol>
      <symbol id="sm-1204">
         <name>__aeabi_uldivmod</name>
         <value>0xf5d1</value>
         <object_component_ref idref="oc-208"/>
      </symbol>
      <symbol id="sm-121d">
         <name>vsprintf</name>
         <value>0x10e45</value>
         <object_component_ref idref="oc-117"/>
      </symbol>
      <symbol id="sm-1236">
         <name>_nop</name>
         <value>0x11153</value>
         <object_component_ref idref="oc-176"/>
      </symbol>
      <symbol id="sm-1237">
         <name>_lock</name>
         <value>0x20008e54</value>
         <object_component_ref idref="oc-eb"/>
      </symbol>
      <symbol id="sm-1238">
         <name>_unlock</name>
         <value>0x20008e58</value>
         <object_component_ref idref="oc-eb"/>
      </symbol>
      <symbol id="sm-1239">
         <name>_register_lock</name>
         <value>0x1114b</value>
         <object_component_ref idref="oc-176"/>
      </symbol>
      <symbol id="sm-123a">
         <name>_register_unlock</name>
         <value>0x11145</value>
         <object_component_ref idref="oc-176"/>
      </symbol>
      <symbol id="sm-133f">
         <name>__TI_printfi</name>
         <value>0x9229</value>
         <object_component_ref idref="oc-18e"/>
      </symbol>
      <symbol id="sm-1354">
         <name>_args_main</name>
         <value>0x110fd</value>
         <object_component_ref idref="oc-73"/>
      </symbol>
      <symbol id="sm-136a">
         <name>atoi</name>
         <value>0x10cd1</value>
         <object_component_ref idref="oc-25a"/>
      </symbol>
      <symbol id="sm-1390">
         <name>__TI_auto_init</name>
         <value>0x10999</value>
         <object_component_ref idref="oc-6d"/>
      </symbol>
      <symbol id="sm-13aa">
         <name>copy_in</name>
         <value>0x10d1d</value>
         <object_component_ref idref="oc-db"/>
      </symbol>
      <symbol id="sm-13b5">
         <name>_ctypes_</name>
         <value>0x12708</value>
         <object_component_ref idref="oc-30c"/>
      </symbol>
      <symbol id="sm-13d9">
         <name>__aeabi_dsub</name>
         <value>0xfd55</value>
         <object_component_ref idref="oc-237"/>
      </symbol>
      <symbol id="sm-13da">
         <name>__aeabi_dadd</name>
         <value>0xfd5f</value>
         <object_component_ref idref="oc-237"/>
      </symbol>
      <symbol id="sm-1401">
         <name>__aeabi_cdcmpeq</name>
         <value>0x10811</value>
         <object_component_ref idref="oc-213"/>
      </symbol>
      <symbol id="sm-1402">
         <name>__aeabi_cdcmple</name>
         <value>0x10811</value>
         <object_component_ref idref="oc-213"/>
      </symbol>
      <symbol id="sm-1403">
         <name>__aeabi_cdrcmple</name>
         <value>0x10897</value>
         <object_component_ref idref="oc-222"/>
      </symbol>
      <symbol id="sm-1423">
         <name>__aeabi_ddiv</name>
         <value>0xff0b</value>
         <object_component_ref idref="oc-21d"/>
      </symbol>
      <symbol id="sm-143a">
         <name>__aeabi_dmul</name>
         <value>0x10285</value>
         <object_component_ref idref="oc-218"/>
      </symbol>
      <symbol id="sm-1448">
         <name>__aeabi_d2iz</name>
         <value>0x10dfd</value>
         <object_component_ref idref="oc-227"/>
      </symbol>
      <symbol id="sm-1455">
         <name>frexp</name>
         <value>0x11075</value>
         <object_component_ref idref="oc-23c"/>
      </symbol>
      <symbol id="sm-145f">
         <name>__aeabi_idiv0</name>
         <value>0x952f</value>
         <object_component_ref idref="oc-10f"/>
      </symbol>
      <symbol id="sm-146b">
         <name>__aeabi_i2d</name>
         <value>0x11019</value>
         <object_component_ref idref="oc-232"/>
      </symbol>
      <symbol id="sm-147c">
         <name>ldexp</name>
         <value>0x10be1</value>
         <object_component_ref idref="oc-242"/>
      </symbol>
      <symbol id="sm-148b">
         <name>ltoa</name>
         <value>0x10b35</value>
         <object_component_ref idref="oc-22c"/>
      </symbol>
      <symbol id="sm-149b">
         <name>memccpy</name>
         <value>0x110e1</value>
         <object_component_ref idref="oc-254"/>
      </symbol>
      <symbol id="sm-14ab">
         <name>strchr</name>
         <value>0x1112d</value>
         <object_component_ref idref="oc-248"/>
      </symbol>
      <symbol id="sm-14b9">
         <name>_Dclass</name>
         <value>0x10fb9</value>
         <object_component_ref idref="oc-24e"/>
      </symbol>
      <symbol id="sm-14da">
         <name>_Dscale</name>
         <value>0x10175</value>
         <object_component_ref idref="oc-2f8"/>
      </symbol>
      <symbol id="sm-14ee">
         <name>_Dunscale</name>
         <value>0x10a6f</value>
         <object_component_ref idref="oc-2f0"/>
      </symbol>
      <symbol id="sm-14fd">
         <name>_Feraise</name>
         <value>0x10fe9</value>
         <object_component_ref idref="oc-2fe"/>
      </symbol>
      <symbol id="sm-150d">
         <name>_Rteps</name>
         <value>0x20008d68</value>
         <object_component_ref idref="oc-388"/>
      </symbol>
      <symbol id="sm-150e">
         <name>_Zero</name>
         <value>0x20008d80</value>
         <object_component_ref idref="oc-388"/>
      </symbol>
      <symbol id="sm-150f">
         <name>_Hugeval</name>
         <value>0x20008d28</value>
         <object_component_ref idref="oc-388"/>
      </symbol>
      <symbol id="sm-1510">
         <name>_Snan</name>
         <value>0x20008d58</value>
         <object_component_ref idref="oc-388"/>
      </symbol>
      <symbol id="sm-1511">
         <name>_Nan</name>
         <value>0x20008d48</value>
         <object_component_ref idref="oc-388"/>
      </symbol>
      <symbol id="sm-1512">
         <name>_Inf</name>
         <value>0x20008d38</value>
         <object_component_ref idref="oc-388"/>
      </symbol>
      <symbol id="sm-1513">
         <name>_Xbig</name>
         <value>0x20008d78</value>
         <object_component_ref idref="oc-388"/>
      </symbol>
      <symbol id="sm-1514">
         <name>_Eps</name>
         <value>0x20008d18</value>
         <object_component_ref idref="oc-388"/>
      </symbol>
      <symbol id="sm-1515">
         <name>_Denorm</name>
         <value>0x20008d08</value>
         <object_component_ref idref="oc-388"/>
      </symbol>
      <symbol id="sm-151d">
         <name>_Errno</name>
         <value>0x20008e70</value>
         <object_component_ref idref="oc-393"/>
      </symbol>
      <symbol id="sm-153b">
         <name>feraiseexcept</name>
         <value>0x10f51</value>
         <object_component_ref idref="oc-38d"/>
      </symbol>
      <symbol id="sm-153c">
         <name>_Tls_setup__Fenv</name>
         <value>0x20008e68</value>
         <object_component_ref idref="oc-414"/>
      </symbol>
      <symbol id="sm-153d">
         <name>_Fenv</name>
         <value>0x20008e64</value>
         <object_component_ref idref="oc-414"/>
      </symbol>
      <symbol id="sm-1551">
         <name>raise</name>
         <value>0x11047</value>
         <object_component_ref idref="oc-40e"/>
      </symbol>
      <symbol id="sm-156b">
         <name>signal</name>
         <value>0x10ed1</value>
         <object_component_ref idref="oc-4a0"/>
      </symbol>
      <symbol id="sm-1580">
         <name>_Dnorm</name>
         <value>0x10619</value>
         <object_component_ref idref="oc-37e"/>
      </symbol>
      <symbol id="sm-158d">
         <name>GPIOPinWrite</name>
         <value>0x111a1</value>
         <object_component_ref idref="oc-1a8"/>
      </symbol>
      <symbol id="sm-15f3">
         <name>SysCtlClockFreqSet</name>
         <value>0xf3cd</value>
         <object_component_ref idref="oc-1a1"/>
      </symbol>
      <symbol id="sm-15f5">
         <name>__TI_static_base__</name>
         <value>0x0</value>
      </symbol>
      <symbol id="sm-15f8">
         <name>SHT$$INIT_ARRAY$$Limit</name>
         <value>0x0</value>
      </symbol>
      <symbol id="sm-15f9">
         <name>SHT$$INIT_ARRAY$$Base</name>
         <value>0x0</value>
      </symbol>
   </symbol_table>
   <title>Link successful</title>
</link_info>
