******************************************************************************
                  TI ARM Linker PC v5.2.7                      
******************************************************************************
>> Linked Tue Sep 20 06:27:30 2016

OUTPUT FILE NAME:   <fitgood.out>
ENTRY POINT SYMBOL: "_c_int00"  address: 00010c35


MEMORY CONFIGURATION

         name            origin    length      used     unused   attr    fill
----------------------  --------  ---------  --------  --------  ----  --------
  FLASH                 00000000   00100000  000137c0  000ec840  R  X
  SRAM                  20000000   00040000  00008e75  0003718b  RW X


SEGMENT ALLOCATION MAP

run origin  load origin   length   init length attrs members
----------  ----------- ---------- ----------- ----- -------
00000000    00000000    000137c0   000137c0    r-x
  00000000    00000000    00000200   00000200    r-- .intvecs
  00000200    00000200    00010fb0   00010fb0    r-x .text
  000111b0    000111b0    00002390   00002390    r-- .const
  00013540    00013540    00000280   00000280    r-- .cinit
20000000    20000000    00008e7c   00000000    rw-
  20000000    20000000    00004000   00000000    rw- .stack
  20004000    20004000    00004000   00000000    rw- .sysmem
  20008000    20008000    00000889   00000000    rw- .bss
  20008890    20008890    000005ec   00000000    rw- .data


SECTION ALLOCATION MAP

 output                                  attributes/
section   page    origin      length       input sections
--------  ----  ----------  ----------   ----------------
.intvecs   0    00000000    00000200     
                  00000000    00000200     startup_ccs.obj (.intvecs)

.text      0    00000200    00010fb0     
                  00000200    00003608     bignum.obj (.text)
                  00003808    000014ec     demo_getinfo.obj (.text)
                  00004cf4    0000134c     rsa.obj (.text)
                  00006040    00001260     parser.obj (.text)
                  000072a0    000011d4     md5.obj (.text)
                  00008474    000010ba     rtsv7M4_T_le_v4SPD16_eabi.lib : _printfi.obj (.text)
                  0000952e    00000002                                   : i_div0.obj (.text)
                  00009530    0000098c     uartstdio.obj (.text)
                  00009ebc    000007e4     sha256.obj (.text)
                  0000a6a0    00000700     consume.obj (.text)
                  0000ada0    000006f4     fit_aes.obj (.text)
                  0000b494    000006c0     pkparse.obj (.text)
                  0000bb54    00000672     fit_debug.obj (.text)
                  0000c1c6    00000002     --HOLE-- [fill = 0]
                  0000c1c8    00000660     internal.obj (.text)
                  0000c828    000005d0     asn1parse.obj (.text)
                  0000cdf8    00000550     md.obj (.text)
                  0000d348    00000514     abreast_dm.obj (.text)
                  0000d85c    000004ac     dm_hash.obj (.text)
                  0000dd08    00000488     base64.obj (.text)
                  0000e190    00000464     oid.obj (.text)
                  0000e5f4    000003ec     pk.obj (.text)
                  0000e9e0    000003dc     rtsv7M4_T_le_v4SPD16_eabi.lib : memory.obj (.text)
                  0000edbc    00000318     pem.obj (.text)
                  0000f0d4    000002f8     fit_demo.obj (.text)
                  0000f3cc    00000204     driverlib.lib : sysctl.obj (.text:SysCtlClockFreqSet)
                  0000f5d0    000001f4     rtsv7M4_T_le_v4SPD16_eabi.lib : ull_div_t2.obj (.text)
                  0000f7c4    000001f0     node_locking.obj (.text)
                  0000f9b4    000001d8     pk_wrap.obj (.text)
                  0000fb8c    000001c8     fit_rsa.obj (.text)
                  0000fd54    000001b6     rtsv7M4_T_le_v4SPD16_eabi.lib : fd_add_t2.obj (.text)
                  0000ff0a    00000136                                   : fd_div_t2.obj (.text)
                  00010040    00000134     md_wrap.obj (.text)
                  00010174    00000110     rtsv7M4_T_le_v4SPD16_eabi.lib : xdscale.obj (.text)
                  00010284    000000fc                                   : fd_mul_t2.obj (.text)
                  00010380    000000f0     get_time.obj (.text)
                  00010470    000000e0     get_info.obj (.text)
                  00010550    000000c8     uart.obj (.text)
                  00010618    000000be     rtsv7M4_T_le_v4SPD16_eabi.lib : xdnorm.obj (.text)
                  000106d6    0000009e     mem_read.obj (.text)
                  00010774    0000009c     rtsv7M4_T_le_v4SPD16_eabi.lib : memcpy_t2.obj (.text)
                  00010810    00000086                                   : fd_cmp_t2.obj (.text:__aeabi_cdcmple)
                  00010896    00000086                                   : fd_cmp_t2.obj (.text:__aeabi_cdrcmple)
                  0001091c    0000007a                                   : memset_t2.obj (.text)
                  00010996    00000002     --HOLE-- [fill = 0]
                  00010998    0000006c                                   : autoinit.obj (.text)
                  00010a04    0000006a                                   : copy_decompress_rle.obj (.text)
                  00010a6e    00000066                                   : xdunscal.obj (.text)
                  00010ad4    00000060     led.obj (.text)
                  00010b34    00000056     rtsv7M4_T_le_v4SPD16_eabi.lib : ltoa.obj (.text)
                  00010b8a    00000002     --HOLE-- [fill = 0]
                  00010b8c    00000054     fingerprint.obj (.text)
                  00010be0    00000052     rtsv7M4_T_le_v4SPD16_eabi.lib : ldexp.obj (.text)
                  00010c32    00000002     --HOLE-- [fill = 0]
                  00010c34    00000050                                   : boot.obj (.text)
                  00010c84    0000004c     board_setup.obj (.text)
                  00010cd0    0000004c     rtsv7M4_T_le_v4SPD16_eabi.lib : atoi.obj (.text)
                  00010d1c    0000004c                                   : cpy_tbl.obj (.text)
                  00010d68    0000004c                                   : rand.obj (.text)
                  00010db4    00000048     driverlib.lib : sysctl.obj (.text:_SysCtlFrequencyGet)
                  00010dfc    00000048     rtsv7M4_T_le_v4SPD16_eabi.lib : fd_toi_t2.obj (.text)
                  00010e44    00000048                                   : vsprintf.obj (.text)
                  00010e8c    00000044                                   : exit.obj (.text)
                  00010ed0    00000040                                   : signal.obj (.text)
                  00010f10    00000040                                   : u_divt2.obj (.text)
                  00010f50    00000034                                   : feraiseexcept.obj (.text)
                  00010f84    00000034                                   : strstr.obj (.text)
                  00010fb8    00000030                                   : xdclass.obj (.text)
                  00010fe8    00000030                                   : xferaise.obj (.text)
                  00011018    0000002e                                   : i_tofd_t2.obj (.text)
                  00011046    0000002e                                   : raise.obj (.text)
                  00011074    0000002a                                   : frexp.obj (.text)
                  0001109e    00000022                                   : memcmp.obj (.text)
                  000110c0    00000020     driverlib.lib : sysctl.obj (.text:_SysCtlMemTimingGet)
                  000110e0    0000001c     rtsv7M4_T_le_v4SPD16_eabi.lib : memccpy.obj (.text)
                  000110fc    00000018                                   : args_main.obj (.text)
                  00011114    00000018                                   : strcmp.obj (.text)
                  0001112c    00000016                                   : strchr.obj (.text)
                  00011142    00000002     --HOLE-- [fill = 0]
                  00011144    00000014                                   : _lock.obj (.text)
                  00011158    00000014                                   : strlen.obj (.text)
                  0001116c    0000000e                                   : copy_decompress_none.obj (.text:decompress:none)
                  0001117a    0000000e     memory.obj (.text)
                  00011188    0000000c     rtsv7M4_T_le_v4SPD16_eabi.lib : copy_zero_init.obj (.text:decompress:ZI)
                  00011194    0000000c     startup_ccs.obj (.text)
                  000111a0    00000006     driverlib.lib : gpio.obj (.text:GPIOPinWrite)
                  000111a6    00000006     rtsv7M4_T_le_v4SPD16_eabi.lib : copy_decompress_rle.obj (.text:decompress:rle24)
                  000111ac    00000004                                   : pre_init.obj (.text)

.const     0    000111b0    00002390     
                  000111b0    00000a0c     oid.obj (.const:.string)
                  00011bbc    00000396     rsa.obj (.const:.string)
                  00011f52    00000237     md5.obj (.const:md5_test_buf)
                  00012189    00000003     --HOLE-- [fill = 0]
                  0001218c    00000190     oid.obj (.const:oid_x520_attr_type)
                  0001231c    0000018a     fit_demo.obj (.const:.string:license)
                  000124a6    00000002     --HOLE-- [fill = 0]
                  000124a8    00000140     oid.obj (.const:oid_sig_alg)
                  000125e8    00000120     driverlib.lib : sysctl.obj (.const:g_pppui32XTALtoVCO)
                  00012708    00000101     rtsv7M4_T_le_v4SPD16_eabi.lib : ctype.obj (.const:.string:_ctypes_)
                  00012809    00000100     fit_aes.obj (.const:.string:sbox)
                  00012909    00000003     --HOLE-- [fill = 0]
                  0001290c    00000100     sha256.obj (.const:K)
                  00012a0c    000000ff     fit_aes.obj (.const:.string:Rcon)
                  00012b0b    000000c0     sha256.obj (.const:sha256_test_sum)
                  00012bcb    00000001     --HOLE-- [fill = 0]
                  00012bcc    000000b4     oid.obj (.const:oid_md_alg)
                  00012c80    000000ab     sha256.obj (.const:sha256_test_buf)
                  00012d2b    00000080     base64.obj (.const:.string:base64_dec_map)
                  00012dab    00000001     --HOLE-- [fill = 0]
                  00012dac    00000078     oid.obj (.const:oid_x509_ext)
                  00012e24    00000070     md5.obj (.const:md5_test_sum)
                  00012e94    00000070     oid.obj (.const:oid_ext_key_usage)
                  00012f04    0000006c     driverlib.lib : sysctl.obj (.const:g_pui32Xtals)
                  00012f70    00000059     base64.obj (.const:.string:base64_test_enc)
                  00012fc9    00000003     --HOLE-- [fill = 0]
                  00012fcc    00000050     oid.obj (.const:oid_pk_alg)
                  0001301c    00000048     internal.obj (.const)
                  00013064    00000048     parser.obj (.const)
                  000130ac    00000044     demo_getinfo.obj (.const:$P$T2$6)
                  000130f0    00000040     base64.obj (.const:.string:base64_enc_map)
                  00013130    00000040     base64.obj (.const:.string:base64_test_dec)
                  00013170    00000040     md5.obj (.const:.string:md5_padding)
                  000131b0    00000040     sha256.obj (.const:.string:sha256_padding)
                  000131f0    0000003c     oid.obj (.const:oid_cipher_alg)
                  0001322c    00000030     driverlib.lib : sysctl.obj (.const:g_sXTALtoMEMTIM)
                  0001325c    00000030     md_wrap.obj (.const:mbedtls_md5_info)
                  0001328c    00000030     pk_wrap.obj (.const:mbedtls_rsa_info)
                  000132bc    00000030     md_wrap.obj (.const:mbedtls_sha224_info)
                  000132ec    00000030     md_wrap.obj (.const:mbedtls_sha256_info)
                  0001331c    00000028     fit_demo.obj (.const:$P$T0$1)
                  00013344    00000028     get_info.obj (.const:$P$T0$1)
                  0001336c    00000028     internal.obj (.const:$P$T0$1)
                  00013394    00000028     consume.obj (.const:$P$T1$2)
                  000133bc    00000028     parser.obj (.const:$P$T4$6)
                  000133e4    00000028     uartstdio.obj (.const)
                  0001340c    00000024     abreast_dm.obj (.const)
                  00013430    00000024     dm_hash.obj (.const)
                  00013454    00000024     bignum.obj (.const:gcd_pairs)
                  00013478    0000001c     md5.obj (.const)
                  00013494    00000018     demo_getinfo.obj (.const)
                  000134ac    00000018     fit_demo.obj (.const)
                  000134c4    00000014     md_wrap.obj (.const:.string)
                  000134d8    00000012     uartstdio.obj (.const:.string)
                  000134ea    00000010     dm_hash.obj (.const:.string)
                  000134fa    00000002     --HOLE-- [fill = 0]
                  000134fc    00000010     consume.obj (.const)
                  0001350c    00000010     md.obj (.const)
                  0001351c    0000000c     node_locking.obj (.const)
                  00013528    0000000c     sha256.obj (.const)
                  00013534    00000008     driverlib.lib : sysctl.obj (.const)
                  0001353c    00000004     pk_wrap.obj (.const:.string)

.cinit     0    00013540    00000280     
                  00013540    00000257     (.cinit..data.load) [load image, compression = rle]
                  00013797    00000001     --HOLE-- [fill = 0]
                  00013798    0000000c     (__TI_handler_table)
                  000137a4    00000004     --HOLE-- [fill = 0]
                  000137a8    00000008     (.cinit..bss.load) [load image, compression = zero_init]
                  000137b0    00000010     (__TI_cinit_table)

.init_array 
*          0    00000000    00000000     UNINITIALIZED

.stack     0    20000000    00004000     UNINITIALIZED
                  20000000    00004000     --HOLE--

.sysmem    0    20004000    00004000     UNINITIALIZED
                  20004000    00000008     rtsv7M4_T_le_v4SPD16_eabi.lib : memory.obj (.sysmem)
                  20004008    00003ff8     --HOLE--

.bss       0    20008000    00000889     UNINITIALIZED
                  20008000    00000400     demo_getinfo.obj (.bss:dynamic_memory)
                  20008400    00000400     uartstdio.obj (.bss:g_pcUARTTxBuffer)
                  20008800    00000080     uartstdio.obj (.bss:g_pcUARTRxBuffer)
                  20008880    00000004     (.common:g_ui32PortNum)
                  20008884    00000004     (.common:g_ui32SysClock)
                  20008888    00000001     (.common:g_bDisableEcho)

.TI.noinit 
*          0    20008000    00000000     UNINITIALIZED

.data      0    20008890    000005ec     UNINITIALIZED
                  20008890    000001c4     fit_demo.obj (.data:pubkey)
                  20008a54    00000100     parser.obj (.data:lic_field_type)
                  20008b54    00000100     parser.obj (.data:lic_tag_id)
                  20008c54    000000b0     rtsv7M4_T_le_v4SPD16_eabi.lib : signal.obj (.data:sigtable)
                  20008d04    00000004     consume.obj (.data)
                  20008d08    00000080     rtsv7M4_T_le_v4SPD16_eabi.lib : xvalues.obj (.data)
                  20008d88    00000040     fingerprint.obj (.data:devid)
                  20008dc8    0000002d     parser.obj (.data)
                  20008df5    00000020     abreast_dm.obj (.data)
                  20008e15    00000001     --HOLE--
                  20008e16    00000002     fingerprint.obj (.data)
                  20008e18    00000018     demo_getinfo.obj (.data)
                  20008e30    00000015     uartstdio.obj (.data)
                  20008e45    00000001     --HOLE--
                  20008e46    00000002     fit_debug.obj (.data)
                  20008e48    0000000c     rtsv7M4_T_le_v4SPD16_eabi.lib : memory.obj (.data)
                  20008e54    00000008                                   : _lock.obj (.data)
                  20008e5c    00000008                                   : exit.obj (.data)
                  20008e64    00000008                                   : feraiseexcept.obj (.data)
                  20008e6c    00000004     get_time.obj (.data)
                  20008e70    00000004     rtsv7M4_T_le_v4SPD16_eabi.lib : errno.obj (.data)
                  20008e74    00000004                                   : rand.obj (.data)
                  20008e78    00000004                                   : stkdepth_vars.obj (.data)

.TI.persistent 
*          0    20008890    00000000     UNINITIALIZED


LINKER GENERATED COPY TABLES

__TI_cinit_table @ 000137b0 records: 2, size/record: 8, table size: 16
	.data: load addr=00013540, load size=00000257 bytes, run addr=20008890, run size=000005ec bytes, compression=rle
	.bss: load addr=000137a8, load size=00000008 bytes, run addr=20008000, run size=00000889 bytes, compression=zero_init


LINKER GENERATED HANDLER TABLE

__TI_handler_table @ 00013798 records: 3, size/record: 4, table size: 12
	index: 0, handler: __TI_decompress_rle24
	index: 1, handler: __TI_decompress_none
	index: 2, handler: __TI_zero_init


GLOBAL SYMBOLS: SORTED ALPHABETICALLY BY Name 

address   name                               
-------   ----                               
0000d695  AES256_AbreastDmHash_Finalize      
0000d349  AES256_AbreastDmHash_Init          
0000d403  AES256_AbreastDmHash_Update        
0000d533  AES256_AbreastDmHash_UpdateBlk     
0000d369  AES_ECB_Encrypt                    
0000d359  AES_KM_Load256                     
00010e8d  C$$EXIT                            
000111a1  GPIOPinWrite                       
00011195  ResetISR                           
UNDEFED   SHT$$INIT_ARRAY$$Base              
UNDEFED   SHT$$INIT_ARRAY$$Limit             
0000f3cd  SysCtlClockFreqSet                 
000103af  Timer0IntHandler                   
00009cfd  UARTEchoSet                        
00009c97  UARTFlushRx                        
00009cbf  UARTFlushTx                        
00009c3d  UARTPeek                           
00009c1b  UARTRxBytesAvail                   
00009645  UARTStdioConfig                    
00009d31  UARTStdioIntHandler                
00009c29  UARTTxBytesFree                    
0000987d  UARTgetc                           
000097b7  UARTgets                           
00009bf7  UARTprintf                         
000098c9  UARTvprintf                        
00009727  UARTwrite                          
00010fb9  _Dclass                            
20008d08  _Denorm                            
00010619  _Dnorm                             
00010175  _Dscale                            
00010a6f  _Dunscale                          
20008d18  _Eps                               
20008e70  _Errno                             
20008e64  _Fenv                              
00010fe9  _Feraise                           
20008d28  _Hugeval                           
20008d38  _Inf                               
20008d48  _Nan                               
20008d68  _Rteps                             
20008d58  _Snan                              
20008e68  _Tls_setup__Fenv                   
20008d78  _Xbig                              
20008d80  _Zero                              
20004000  __STACK_END                        
00004000  __STACK_SIZE                       
20001000  __STACK_TOP                        
00004000  __SYSMEM_SIZE                      
000137b0  __TI_CINIT_Base                    
000137c0  __TI_CINIT_Limit                   
00013798  __TI_Handler_Table_Base            
000137a4  __TI_Handler_Table_Limit           
00010999  __TI_auto_init                     
20008e5c  __TI_cleanup_ptr                   
0001116d  __TI_decompress_none               
000111a7  __TI_decompress_rle24              
20008e60  __TI_dtors_ptr                     
00009229  __TI_printfi                       
00000000  __TI_static_base__                 
00011189  __TI_zero_init                     
00010811  __aeabi_cdcmpeq                    
00010811  __aeabi_cdcmple                    
00010897  __aeabi_cdrcmple                   
00010dfd  __aeabi_d2iz                       
0000fd5f  __aeabi_dadd                       
0000ff0b  __aeabi_ddiv                       
00010285  __aeabi_dmul                       
0000fd55  __aeabi_dsub                       
00011019  __aeabi_i2d                        
0000952f  __aeabi_idiv0                      
0001091d  __aeabi_memclr                     
0001091d  __aeabi_memclr4                    
0001091d  __aeabi_memclr8                    
00010775  __aeabi_memcpy                     
00010775  __aeabi_memcpy4                    
00010775  __aeabi_memcpy8                    
0001091f  __aeabi_memset                     
0001091f  __aeabi_memset4                    
0001091f  __aeabi_memset8                    
00010f11  __aeabi_uidiv                      
00010f11  __aeabi_uidivmod                   
0000f5d1  __aeabi_uldivmod                   
ffffffff  __binit__                          
ffffffff  __c_args__                         
00010551  __error__                          
20000000  __stack                            
000110fd  _args_main                         
00010c35  _c_int00                           
00012708  _ctypes_                           
20008e54  _lock                              
00011153  _nop                               
0001114b  _register_lock                     
00011145  _register_unlock                   
20004000  _sys_memory                        
000111ad  _system_pre_init                   
20008e58  _unlock                            
00010e91  abort                              
00006521  add_field_type                     
0000b041  add_round_key                      
00006617  add_tag_id                         
20008df5  aes256key                          
0000b46d  aes_encrypt                        
0000adb5  aes_setup                          
00010cd1  atoi                               
ffffffff  binit                              
0000b42b  block_copy                         
0000ed89  calloc                             
00010d1d  copy_in                            
20008e22  current_memory_offset              
20008e20  current_memory_stock               
20008d88  devid                              
20008e16  devid_len                          
20008000  dynamic_memory                     
00010e99  exit                               
20008ddc  fct                                
00010f51  feraiseexcept                      
00010c85  fit_board_setup                    
20008dc8  fit_cache                          
00006c0d  fit_check_license_validation       
0000a6a1  fit_consume_license                
0000d9cf  fit_davies_meyer_hash              
00010b8d  fit_deviceid_get                   
0000d85d  fit_dm_hash_init                   
0000d765  fit_get_AbreastDM_Hash             
0000695d  fit_get_data_address               
0000f7c5  fit_get_device_fpblob              
0000bbed  fit_get_error_str                  
0000a7a1  fit_get_lic_prop_model             
0000395b  fit_get_license_uid                
000038af  fit_get_vendor_id                  
00003aa1  fit_getlicensedata_cb              
0000a77d  fit_getunixtime                    
00010af1  fit_led_init                       
00010ae3  fit_led_off                        
00010ad5  fit_led_on                         
0000a991  fit_licenf_consume_license         
00010471  fit_licenf_get_info                
0000c78d  fit_memcmp                         
0000c48d  fit_memcpy                         
0000c7e5  fit_memset                         
0000645d  fit_parse_array                    
00006701  fit_parse_field_data               
00006041  fit_parse_object                   
0000bb73  fit_printf                         
0000bb55  fit_putc                           
00010767  fit_read_ram_u8                    
00004849  fit_testgetinfodata                
00010381  fit_time_get                       
20008d04  fit_time_get_callback              
000103c9  fit_time_init                      
00010399  fit_time_set                       
20008e46  fit_trace_flags                    
000105d9  fit_uart_getc                      
000105ed  fit_uart_getchar                   
0001055d  fit_uart_init                      
000105b9  fit_uart_putc                      
0000fb8d  fit_validate_rsa_signature         
0000c1c9  fit_verify_license                 
0000c4d1  fitptr_memcpy                      
0000ead7  free                               
000042e3  freelicensedata                    
00011075  frexp                              
00000000  g_pfnVectors                       
20008884  g_ui32SysClock                     
000065a7  get_field_type                     
0000666d  get_tag_id                         
0000c435  getfingerprintdata                 
20008e18  head_dynamic_memory                
00010be1  ldexp                              
20008a54  lic_field_type                     
20008b54  lic_tag_id                         
0001231c  license                            
00010b35  ltoa                               
0000f0e7  main                               
20008e78  main_func_sp                       
0000ea6f  malloc                             
0000cdc5  mbedtls_asn1_find_named_data       
0000cd7d  mbedtls_asn1_free_named_data       
0000cd9f  mbedtls_asn1_free_named_data_list  
0000cc61  mbedtls_asn1_get_alg               
0000cd39  mbedtls_asn1_get_alg_null          
0000cae1  mbedtls_asn1_get_bitstring         
0000cb5f  mbedtls_asn1_get_bitstring_null    
0000c9e7  mbedtls_asn1_get_bool              
0000ca33  mbedtls_asn1_get_int               
0000c857  mbedtls_asn1_get_len               
0000caa3  mbedtls_asn1_get_mpi               
0000cba5  mbedtls_asn1_get_sequence_of       
0000c99f  mbedtls_asn1_get_tag               
0000ded1  mbedtls_base64_decode              
0000dd09  mbedtls_base64_encode              
0000e0a7  mbedtls_base64_self_test           
0000d01b  mbedtls_md                         
00008389  mbedtls_md5                        
000072f1  mbedtls_md5_clone                  
00008219  mbedtls_md5_finish                 
000072df  mbedtls_md5_free                   
0001325c  mbedtls_md5_info                   
000072cf  mbedtls_md5_init                   
00007341  mbedtls_md5_process                
000083bd  mbedtls_md5_self_test              
00007303  mbedtls_md5_starts                 
00008141  mbedtls_md5_update                 
0000cefd  mbedtls_md_clone                   
0000cff3  mbedtls_md_finish                  
0000ceb1  mbedtls_md_free                    
0000d32d  mbedtls_md_get_name                
0000d301  mbedtls_md_get_size                
0000d317  mbedtls_md_get_type                
0000d283  mbedtls_md_hmac                    
0000d1b1  mbedtls_md_hmac_finish             
0000d23d  mbedtls_md_hmac_reset              
0000d069  mbedtls_md_hmac_starts             
0000d179  mbedtls_md_hmac_update             
0000ce2b  mbedtls_md_info_from_string        
0000ce71  mbedtls_md_info_from_type          
0000cea1  mbedtls_md_init                    
0000cf3b  mbedtls_md_init_ctx                
0000ce27  mbedtls_md_list                    
0000d2d9  mbedtls_md_process                 
0000cf4d  mbedtls_md_setup                   
0000cfa3  mbedtls_md_starts                  
0000cfc7  mbedtls_md_update                  
00001123  mbedtls_mpi_add_abs                
00001483  mbedtls_mpi_add_int                
0000139f  mbedtls_mpi_add_mpi                
000007b7  mbedtls_mpi_bitlen                 
00000f17  mbedtls_mpi_cmp_abs                
000010e5  mbedtls_mpi_cmp_int                
00000fe5  mbedtls_mpi_cmp_mpi                
00000397  mbedtls_mpi_copy                   
0000250b  mbedtls_mpi_div_int                
00002147  mbedtls_mpi_div_mpi                
0000280b  mbedtls_mpi_exp_mod                
00002daf  mbedtls_mpi_fill_random            
0000024f  mbedtls_mpi_free                   
00002c8f  mbedtls_mpi_gcd                    
0000066d  mbedtls_mpi_get_bit                
00000287  mbedtls_mpi_grow                   
0000022f  mbedtls_mpi_init                   
00002dfd  mbedtls_mpi_inv_mod                
00000729  mbedtls_mpi_lsb                    
00000621  mbedtls_mpi_lset                   
000025bd  mbedtls_mpi_mod_int                
00002551  mbedtls_mpi_mod_mpi                
0000208b  mbedtls_mpi_mul_int                
00001f7f  mbedtls_mpi_mul_mpi                
00000be7  mbedtls_mpi_read_binary            
0000088d  mbedtls_mpi_read_string            
0000044b  mbedtls_mpi_safe_cond_assign       
00000513  mbedtls_mpi_safe_cond_swap         
000030c3  mbedtls_mpi_self_test              
000006a1  mbedtls_mpi_set_bit                
00000d1b  mbedtls_mpi_shift_l                
00000e25  mbedtls_mpi_shift_r                
000002f5  mbedtls_mpi_shrink                 
00000807  mbedtls_mpi_size                   
00001305  mbedtls_mpi_sub_abs                
000014c5  mbedtls_mpi_sub_int                
00001411  mbedtls_mpi_sub_mpi                
00000421  mbedtls_mpi_swap                   
00000c95  mbedtls_mpi_write_binary           
00000a8b  mbedtls_mpi_write_string           
0000e1e1  mbedtls_oid_get_attr_short_name    
0000e505  mbedtls_oid_get_cipher_alg         
0000e2c9  mbedtls_oid_get_extended_key_usage 
0000e57d  mbedtls_oid_get_md_alg             
0000e5a1  mbedtls_oid_get_oid_by_md          
0000e469  mbedtls_oid_get_oid_by_pk_alg      
0000e399  mbedtls_oid_get_oid_by_sig_alg     
0000e445  mbedtls_oid_get_pk_alg             
0000e361  mbedtls_oid_get_sig_alg            
0000e33d  mbedtls_oid_get_sig_alg_desc       
0000e255  mbedtls_oid_get_x509_ext_type      
0000ef59  mbedtls_pem_free                   
0000edeb  mbedtls_pem_init                   
0000edfb  mbedtls_pem_read_buffer            
0000ef81  mbedtls_pem_write_buffer           
0000e6e9  mbedtls_pk_can_do                  
0000e8cd  mbedtls_pk_check_pair              
0000e959  mbedtls_pk_debug                   
0000e825  mbedtls_pk_decrypt                 
0000e875  mbedtls_pk_encrypt                 
0000e66f  mbedtls_pk_free                    
0000e933  mbedtls_pk_get_bitlen              
0000e98d  mbedtls_pk_get_name                
0000e9ab  mbedtls_pk_get_type                
0000e697  mbedtls_pk_info_from_type          
0000e655  mbedtls_pk_init                    
0000b89d  mbedtls_pk_parse_key               
0000ba15  mbedtls_pk_parse_public_key        
0000b58d  mbedtls_pk_parse_subpubkey         
0000e6b7  mbedtls_pk_setup                   
0000e7c5  mbedtls_pk_sign                    
0000e70f  mbedtls_pk_verify                  
0000e767  mbedtls_pk_verify_ext              
00004d9f  mbedtls_rsa_check_privkey          
00004fb9  mbedtls_rsa_check_pub_priv         
00004d31  mbedtls_rsa_check_pubkey           
00005b35  mbedtls_rsa_copy                   
00005c53  mbedtls_rsa_free                   
0001328c  mbedtls_rsa_info                   
00004cf5  mbedtls_rsa_init                   
0000561d  mbedtls_rsa_pkcs1_decrypt          
00005409  mbedtls_rsa_pkcs1_encrypt          
0000589d  mbedtls_rsa_pkcs1_sign             
00005adf  mbedtls_rsa_pkcs1_verify           
00005169  mbedtls_rsa_private                
00004ff7  mbedtls_rsa_public                 
00005447  mbedtls_rsa_rsaes_pkcs1_v15_decrypt
000052ed  mbedtls_rsa_rsaes_pkcs1_v15_encrypt
0000566d  mbedtls_rsa_rsassa_pkcs1_v15_sign  
000058e5  mbedtls_rsa_rsassa_pkcs1_v15_verify
00005cff  mbedtls_rsa_self_test              
00004d13  mbedtls_rsa_set_padding            
000132bc  mbedtls_sha224_info                
0000a515  mbedtls_sha256                     
00009f0d  mbedtls_sha256_clone               
0000a365  mbedtls_sha256_finish              
00009efb  mbedtls_sha256_free                
000132ec  mbedtls_sha256_info                
00009eeb  mbedtls_sha256_init                
00009fd1  mbedtls_sha256_process             
0000a54d  mbedtls_sha256_self_test           
00009f1f  mbedtls_sha256_starts              
0000a2a9  mbedtls_sha256_update              
0000eca5  memalign                           
000110e1  memccpy                            
0001109f  memcmp                             
00010775  memcpy                             
00010925  memset                             
0000e9e1  minit                              
0000b215  mix_columns                        
0000385d  packet_free                        
00003809  packet_malloc                      
0000438d  printlicensedata                   
20008890  pubkey                             
00011047  raise                              
00010d7f  rand                               
000106d7  read_byte                          
00010719  read_dword                         
0001117b  read_ram_u8                        
000106e5  read_word                          
0000eb99  realloc                            
0000f0d5  setup                              
0000b15f  shift_rows                         
00010ed1  signal                             
00010d69  srand                              
0001112d  strchr                             
00011115  strcmp                             
00011159  strlen                             
00010f85  strstr                             
0000b0e9  sub_bytes                          
20008e1c  tail_dynamic_memory                
20008e6c  unixtime                           
00010e45  vsprintf                           
000045ad  write_get_info_buffer              


GLOBAL SYMBOLS: SORTED BY Symbol Address 

address   name                               
-------   ----                               
00000000  __TI_static_base__                 
00000000  g_pfnVectors                       
0000022f  mbedtls_mpi_init                   
0000024f  mbedtls_mpi_free                   
00000287  mbedtls_mpi_grow                   
000002f5  mbedtls_mpi_shrink                 
00000397  mbedtls_mpi_copy                   
00000421  mbedtls_mpi_swap                   
0000044b  mbedtls_mpi_safe_cond_assign       
00000513  mbedtls_mpi_safe_cond_swap         
00000621  mbedtls_mpi_lset                   
0000066d  mbedtls_mpi_get_bit                
000006a1  mbedtls_mpi_set_bit                
00000729  mbedtls_mpi_lsb                    
000007b7  mbedtls_mpi_bitlen                 
00000807  mbedtls_mpi_size                   
0000088d  mbedtls_mpi_read_string            
00000a8b  mbedtls_mpi_write_string           
00000be7  mbedtls_mpi_read_binary            
00000c95  mbedtls_mpi_write_binary           
00000d1b  mbedtls_mpi_shift_l                
00000e25  mbedtls_mpi_shift_r                
00000f17  mbedtls_mpi_cmp_abs                
00000fe5  mbedtls_mpi_cmp_mpi                
000010e5  mbedtls_mpi_cmp_int                
00001123  mbedtls_mpi_add_abs                
00001305  mbedtls_mpi_sub_abs                
0000139f  mbedtls_mpi_add_mpi                
00001411  mbedtls_mpi_sub_mpi                
00001483  mbedtls_mpi_add_int                
000014c5  mbedtls_mpi_sub_int                
00001f7f  mbedtls_mpi_mul_mpi                
0000208b  mbedtls_mpi_mul_int                
00002147  mbedtls_mpi_div_mpi                
0000250b  mbedtls_mpi_div_int                
00002551  mbedtls_mpi_mod_mpi                
000025bd  mbedtls_mpi_mod_int                
0000280b  mbedtls_mpi_exp_mod                
00002c8f  mbedtls_mpi_gcd                    
00002daf  mbedtls_mpi_fill_random            
00002dfd  mbedtls_mpi_inv_mod                
000030c3  mbedtls_mpi_self_test              
00003809  packet_malloc                      
0000385d  packet_free                        
000038af  fit_get_vendor_id                  
0000395b  fit_get_license_uid                
00003aa1  fit_getlicensedata_cb              
00004000  __STACK_SIZE                       
00004000  __SYSMEM_SIZE                      
000042e3  freelicensedata                    
0000438d  printlicensedata                   
000045ad  write_get_info_buffer              
00004849  fit_testgetinfodata                
00004cf5  mbedtls_rsa_init                   
00004d13  mbedtls_rsa_set_padding            
00004d31  mbedtls_rsa_check_pubkey           
00004d9f  mbedtls_rsa_check_privkey          
00004fb9  mbedtls_rsa_check_pub_priv         
00004ff7  mbedtls_rsa_public                 
00005169  mbedtls_rsa_private                
000052ed  mbedtls_rsa_rsaes_pkcs1_v15_encrypt
00005409  mbedtls_rsa_pkcs1_encrypt          
00005447  mbedtls_rsa_rsaes_pkcs1_v15_decrypt
0000561d  mbedtls_rsa_pkcs1_decrypt          
0000566d  mbedtls_rsa_rsassa_pkcs1_v15_sign  
0000589d  mbedtls_rsa_pkcs1_sign             
000058e5  mbedtls_rsa_rsassa_pkcs1_v15_verify
00005adf  mbedtls_rsa_pkcs1_verify           
00005b35  mbedtls_rsa_copy                   
00005c53  mbedtls_rsa_free                   
00005cff  mbedtls_rsa_self_test              
00006041  fit_parse_object                   
0000645d  fit_parse_array                    
00006521  add_field_type                     
000065a7  get_field_type                     
00006617  add_tag_id                         
0000666d  get_tag_id                         
00006701  fit_parse_field_data               
0000695d  fit_get_data_address               
00006c0d  fit_check_license_validation       
000072cf  mbedtls_md5_init                   
000072df  mbedtls_md5_free                   
000072f1  mbedtls_md5_clone                  
00007303  mbedtls_md5_starts                 
00007341  mbedtls_md5_process                
00008141  mbedtls_md5_update                 
00008219  mbedtls_md5_finish                 
00008389  mbedtls_md5                        
000083bd  mbedtls_md5_self_test              
00009229  __TI_printfi                       
0000952f  __aeabi_idiv0                      
00009645  UARTStdioConfig                    
00009727  UARTwrite                          
000097b7  UARTgets                           
0000987d  UARTgetc                           
000098c9  UARTvprintf                        
00009bf7  UARTprintf                         
00009c1b  UARTRxBytesAvail                   
00009c29  UARTTxBytesFree                    
00009c3d  UARTPeek                           
00009c97  UARTFlushRx                        
00009cbf  UARTFlushTx                        
00009cfd  UARTEchoSet                        
00009d31  UARTStdioIntHandler                
00009eeb  mbedtls_sha256_init                
00009efb  mbedtls_sha256_free                
00009f0d  mbedtls_sha256_clone               
00009f1f  mbedtls_sha256_starts              
00009fd1  mbedtls_sha256_process             
0000a2a9  mbedtls_sha256_update              
0000a365  mbedtls_sha256_finish              
0000a515  mbedtls_sha256                     
0000a54d  mbedtls_sha256_self_test           
0000a6a1  fit_consume_license                
0000a77d  fit_getunixtime                    
0000a7a1  fit_get_lic_prop_model             
0000a991  fit_licenf_consume_license         
0000adb5  aes_setup                          
0000b041  add_round_key                      
0000b0e9  sub_bytes                          
0000b15f  shift_rows                         
0000b215  mix_columns                        
0000b42b  block_copy                         
0000b46d  aes_encrypt                        
0000b58d  mbedtls_pk_parse_subpubkey         
0000b89d  mbedtls_pk_parse_key               
0000ba15  mbedtls_pk_parse_public_key        
0000bb55  fit_putc                           
0000bb73  fit_printf                         
0000bbed  fit_get_error_str                  
0000c1c9  fit_verify_license                 
0000c435  getfingerprintdata                 
0000c48d  fit_memcpy                         
0000c4d1  fitptr_memcpy                      
0000c78d  fit_memcmp                         
0000c7e5  fit_memset                         
0000c857  mbedtls_asn1_get_len               
0000c99f  mbedtls_asn1_get_tag               
0000c9e7  mbedtls_asn1_get_bool              
0000ca33  mbedtls_asn1_get_int               
0000caa3  mbedtls_asn1_get_mpi               
0000cae1  mbedtls_asn1_get_bitstring         
0000cb5f  mbedtls_asn1_get_bitstring_null    
0000cba5  mbedtls_asn1_get_sequence_of       
0000cc61  mbedtls_asn1_get_alg               
0000cd39  mbedtls_asn1_get_alg_null          
0000cd7d  mbedtls_asn1_free_named_data       
0000cd9f  mbedtls_asn1_free_named_data_list  
0000cdc5  mbedtls_asn1_find_named_data       
0000ce27  mbedtls_md_list                    
0000ce2b  mbedtls_md_info_from_string        
0000ce71  mbedtls_md_info_from_type          
0000cea1  mbedtls_md_init                    
0000ceb1  mbedtls_md_free                    
0000cefd  mbedtls_md_clone                   
0000cf3b  mbedtls_md_init_ctx                
0000cf4d  mbedtls_md_setup                   
0000cfa3  mbedtls_md_starts                  
0000cfc7  mbedtls_md_update                  
0000cff3  mbedtls_md_finish                  
0000d01b  mbedtls_md                         
0000d069  mbedtls_md_hmac_starts             
0000d179  mbedtls_md_hmac_update             
0000d1b1  mbedtls_md_hmac_finish             
0000d23d  mbedtls_md_hmac_reset              
0000d283  mbedtls_md_hmac                    
0000d2d9  mbedtls_md_process                 
0000d301  mbedtls_md_get_size                
0000d317  mbedtls_md_get_type                
0000d32d  mbedtls_md_get_name                
0000d349  AES256_AbreastDmHash_Init          
0000d359  AES_KM_Load256                     
0000d369  AES_ECB_Encrypt                    
0000d403  AES256_AbreastDmHash_Update        
0000d533  AES256_AbreastDmHash_UpdateBlk     
0000d695  AES256_AbreastDmHash_Finalize      
0000d765  fit_get_AbreastDM_Hash             
0000d85d  fit_dm_hash_init                   
0000d9cf  fit_davies_meyer_hash              
0000dd09  mbedtls_base64_encode              
0000ded1  mbedtls_base64_decode              
0000e0a7  mbedtls_base64_self_test           
0000e1e1  mbedtls_oid_get_attr_short_name    
0000e255  mbedtls_oid_get_x509_ext_type      
0000e2c9  mbedtls_oid_get_extended_key_usage 
0000e33d  mbedtls_oid_get_sig_alg_desc       
0000e361  mbedtls_oid_get_sig_alg            
0000e399  mbedtls_oid_get_oid_by_sig_alg     
0000e445  mbedtls_oid_get_pk_alg             
0000e469  mbedtls_oid_get_oid_by_pk_alg      
0000e505  mbedtls_oid_get_cipher_alg         
0000e57d  mbedtls_oid_get_md_alg             
0000e5a1  mbedtls_oid_get_oid_by_md          
0000e655  mbedtls_pk_init                    
0000e66f  mbedtls_pk_free                    
0000e697  mbedtls_pk_info_from_type          
0000e6b7  mbedtls_pk_setup                   
0000e6e9  mbedtls_pk_can_do                  
0000e70f  mbedtls_pk_verify                  
0000e767  mbedtls_pk_verify_ext              
0000e7c5  mbedtls_pk_sign                    
0000e825  mbedtls_pk_decrypt                 
0000e875  mbedtls_pk_encrypt                 
0000e8cd  mbedtls_pk_check_pair              
0000e933  mbedtls_pk_get_bitlen              
0000e959  mbedtls_pk_debug                   
0000e98d  mbedtls_pk_get_name                
0000e9ab  mbedtls_pk_get_type                
0000e9e1  minit                              
0000ea6f  malloc                             
0000ead7  free                               
0000eb99  realloc                            
0000eca5  memalign                           
0000ed89  calloc                             
0000edeb  mbedtls_pem_init                   
0000edfb  mbedtls_pem_read_buffer            
0000ef59  mbedtls_pem_free                   
0000ef81  mbedtls_pem_write_buffer           
0000f0d5  setup                              
0000f0e7  main                               
0000f3cd  SysCtlClockFreqSet                 
0000f5d1  __aeabi_uldivmod                   
0000f7c5  fit_get_device_fpblob              
0000fb8d  fit_validate_rsa_signature         
0000fd55  __aeabi_dsub                       
0000fd5f  __aeabi_dadd                       
0000ff0b  __aeabi_ddiv                       
00010175  _Dscale                            
00010285  __aeabi_dmul                       
00010381  fit_time_get                       
00010399  fit_time_set                       
000103af  Timer0IntHandler                   
000103c9  fit_time_init                      
00010471  fit_licenf_get_info                
00010551  __error__                          
0001055d  fit_uart_init                      
000105b9  fit_uart_putc                      
000105d9  fit_uart_getc                      
000105ed  fit_uart_getchar                   
00010619  _Dnorm                             
000106d7  read_byte                          
000106e5  read_word                          
00010719  read_dword                         
00010767  fit_read_ram_u8                    
00010775  __aeabi_memcpy                     
00010775  __aeabi_memcpy4                    
00010775  __aeabi_memcpy8                    
00010775  memcpy                             
00010811  __aeabi_cdcmpeq                    
00010811  __aeabi_cdcmple                    
00010897  __aeabi_cdrcmple                   
0001091d  __aeabi_memclr                     
0001091d  __aeabi_memclr4                    
0001091d  __aeabi_memclr8                    
0001091f  __aeabi_memset                     
0001091f  __aeabi_memset4                    
0001091f  __aeabi_memset8                    
00010925  memset                             
00010999  __TI_auto_init                     
00010a6f  _Dunscale                          
00010ad5  fit_led_on                         
00010ae3  fit_led_off                        
00010af1  fit_led_init                       
00010b35  ltoa                               
00010b8d  fit_deviceid_get                   
00010be1  ldexp                              
00010c35  _c_int00                           
00010c85  fit_board_setup                    
00010cd1  atoi                               
00010d1d  copy_in                            
00010d69  srand                              
00010d7f  rand                               
00010dfd  __aeabi_d2iz                       
00010e45  vsprintf                           
00010e8d  C$$EXIT                            
00010e91  abort                              
00010e99  exit                               
00010ed1  signal                             
00010f11  __aeabi_uidiv                      
00010f11  __aeabi_uidivmod                   
00010f51  feraiseexcept                      
00010f85  strstr                             
00010fb9  _Dclass                            
00010fe9  _Feraise                           
00011019  __aeabi_i2d                        
00011047  raise                              
00011075  frexp                              
0001109f  memcmp                             
000110e1  memccpy                            
000110fd  _args_main                         
00011115  strcmp                             
0001112d  strchr                             
00011145  _register_unlock                   
0001114b  _register_lock                     
00011153  _nop                               
00011159  strlen                             
0001116d  __TI_decompress_none               
0001117b  read_ram_u8                        
00011189  __TI_zero_init                     
00011195  ResetISR                           
000111a1  GPIOPinWrite                       
000111a7  __TI_decompress_rle24              
000111ad  _system_pre_init                   
0001231c  license                            
00012708  _ctypes_                           
0001325c  mbedtls_md5_info                   
0001328c  mbedtls_rsa_info                   
000132bc  mbedtls_sha224_info                
000132ec  mbedtls_sha256_info                
00013798  __TI_Handler_Table_Base            
000137a4  __TI_Handler_Table_Limit           
000137b0  __TI_CINIT_Base                    
000137c0  __TI_CINIT_Limit                   
20000000  __stack                            
20001000  __STACK_TOP                        
20004000  __STACK_END                        
20004000  _sys_memory                        
20008000  dynamic_memory                     
20008884  g_ui32SysClock                     
20008890  pubkey                             
20008a54  lic_field_type                     
20008b54  lic_tag_id                         
20008d04  fit_time_get_callback              
20008d08  _Denorm                            
20008d18  _Eps                               
20008d28  _Hugeval                           
20008d38  _Inf                               
20008d48  _Nan                               
20008d58  _Snan                              
20008d68  _Rteps                             
20008d78  _Xbig                              
20008d80  _Zero                              
20008d88  devid                              
20008dc8  fit_cache                          
20008ddc  fct                                
20008df5  aes256key                          
20008e16  devid_len                          
20008e18  head_dynamic_memory                
20008e1c  tail_dynamic_memory                
20008e20  current_memory_stock               
20008e22  current_memory_offset              
20008e46  fit_trace_flags                    
20008e54  _lock                              
20008e58  _unlock                            
20008e5c  __TI_cleanup_ptr                   
20008e60  __TI_dtors_ptr                     
20008e64  _Fenv                              
20008e68  _Tls_setup__Fenv                   
20008e6c  unixtime                           
20008e70  _Errno                             
20008e78  main_func_sp                       
ffffffff  __binit__                          
ffffffff  __c_args__                         
ffffffff  binit                              
UNDEFED   SHT$$INIT_ARRAY$$Base              
UNDEFED   SHT$$INIT_ARRAY$$Limit             

[356 symbols]
