<?xml version="1.0"?>
<link_info>
   <banner>TI ARM Linker PC v5.2.7</banner>
   <copyright>Copyright (c) 1996-2015 Texas Instruments Incorporated</copyright>
   <link_time>0x57e168d2</link_time>
   <link_errors>0x0</link_errors>
   <output_file>fit-fitgood_plus_blinky.out</output_file>
   <entry_point>
      <name>_c_int00</name>
      <address>0xf615</address>
   </entry_point>
   <input_file_list>
      <input_file id="fl-2">
         <path>.\src\</path>
         <kind>object</kind>
         <file>abreast_dm.obj</file>
         <name>abreast_dm.obj</name>
      </input_file>
      <input_file id="fl-3">
         <path>.\src\</path>
         <kind>object</kind>
         <file>consume.obj</file>
         <name>consume.obj</name>
      </input_file>
      <input_file id="fl-4">
         <path>.\src\</path>
         <kind>object</kind>
         <file>dm_hash.obj</file>
         <name>dm_hash.obj</name>
      </input_file>
      <input_file id="fl-5">
         <path>.\src\</path>
         <kind>object</kind>
         <file>fit_aes.obj</file>
         <name>fit_aes.obj</name>
      </input_file>
      <input_file id="fl-6">
         <path>.\src\</path>
         <kind>object</kind>
         <file>fit_debug.obj</file>
         <name>fit_debug.obj</name>
      </input_file>
      <input_file id="fl-7">
         <path>.\src\</path>
         <kind>object</kind>
         <file>fit_rsa.obj</file>
         <name>fit_rsa.obj</name>
      </input_file>
      <input_file id="fl-8">
         <path>.\src\</path>
         <kind>object</kind>
         <file>fit_version.obj</file>
         <name>fit_version.obj</name>
      </input_file>
      <input_file id="fl-9">
         <path>.\src\</path>
         <kind>object</kind>
         <file>get_info.obj</file>
         <name>get_info.obj</name>
      </input_file>
      <input_file id="fl-a">
         <path>.\src\</path>
         <kind>object</kind>
         <file>internal.obj</file>
         <name>internal.obj</name>
      </input_file>
      <input_file id="fl-b">
         <path>.\src\</path>
         <kind>object</kind>
         <file>mem_read.obj</file>
         <name>mem_read.obj</name>
      </input_file>
      <input_file id="fl-c">
         <path>.\src\</path>
         <kind>object</kind>
         <file>node_locking.obj</file>
         <name>node_locking.obj</name>
      </input_file>
      <input_file id="fl-d">
         <path>.\src\</path>
         <kind>object</kind>
         <file>parser.obj</file>
         <name>parser.obj</name>
      </input_file>
      <input_file id="fl-e">
         <path>.\src\</path>
         <kind>object</kind>
         <file>validate.obj</file>
         <name>validate.obj</name>
      </input_file>
      <input_file id="fl-f">
         <path>.\sample\</path>
         <kind>object</kind>
         <file>blinky.obj</file>
         <name>blinky.obj</name>
      </input_file>
      <input_file id="fl-10">
         <path>.\sample\</path>
         <kind>object</kind>
         <file>demo_getinfo.obj</file>
         <name>demo_getinfo.obj</name>
      </input_file>
      <input_file id="fl-11">
         <path>.\mbedtls-2.2.1\library\</path>
         <kind>object</kind>
         <file>asn1parse.obj</file>
         <name>asn1parse.obj</name>
      </input_file>
      <input_file id="fl-12">
         <path>.\mbedtls-2.2.1\library\</path>
         <kind>object</kind>
         <file>base64.obj</file>
         <name>base64.obj</name>
      </input_file>
      <input_file id="fl-13">
         <path>.\mbedtls-2.2.1\library\</path>
         <kind>object</kind>
         <file>bignum.obj</file>
         <name>bignum.obj</name>
      </input_file>
      <input_file id="fl-14">
         <path>.\mbedtls-2.2.1\library\</path>
         <kind>object</kind>
         <file>md.obj</file>
         <name>md.obj</name>
      </input_file>
      <input_file id="fl-15">
         <path>.\mbedtls-2.2.1\library\</path>
         <kind>object</kind>
         <file>md5.obj</file>
         <name>md5.obj</name>
      </input_file>
      <input_file id="fl-16">
         <path>.\mbedtls-2.2.1\library\</path>
         <kind>object</kind>
         <file>md_wrap.obj</file>
         <name>md_wrap.obj</name>
      </input_file>
      <input_file id="fl-17">
         <path>.\mbedtls-2.2.1\library\</path>
         <kind>object</kind>
         <file>oid.obj</file>
         <name>oid.obj</name>
      </input_file>
      <input_file id="fl-18">
         <path>.\mbedtls-2.2.1\library\</path>
         <kind>object</kind>
         <file>pem.obj</file>
         <name>pem.obj</name>
      </input_file>
      <input_file id="fl-19">
         <path>.\mbedtls-2.2.1\library\</path>
         <kind>object</kind>
         <file>pk.obj</file>
         <name>pk.obj</name>
      </input_file>
      <input_file id="fl-1a">
         <path>.\mbedtls-2.2.1\library\</path>
         <kind>object</kind>
         <file>pk_wrap.obj</file>
         <name>pk_wrap.obj</name>
      </input_file>
      <input_file id="fl-1b">
         <path>.\mbedtls-2.2.1\library\</path>
         <kind>object</kind>
         <file>pkparse.obj</file>
         <name>pkparse.obj</name>
      </input_file>
      <input_file id="fl-1c">
         <path>.\mbedtls-2.2.1\library\</path>
         <kind>object</kind>
         <file>rsa.obj</file>
         <name>rsa.obj</name>
      </input_file>
      <input_file id="fl-1d">
         <path>.\mbedtls-2.2.1\library\</path>
         <kind>object</kind>
         <file>sha256.obj</file>
         <name>sha256.obj</name>
      </input_file>
      <input_file id="fl-1e">
         <path>.\hwdep\tm4c1294xl\</path>
         <kind>object</kind>
         <file>board_setup.obj</file>
         <name>board_setup.obj</name>
      </input_file>
      <input_file id="fl-1f">
         <path>.\hwdep\tm4c1294xl\</path>
         <kind>object</kind>
         <file>delay.obj</file>
         <name>delay.obj</name>
      </input_file>
      <input_file id="fl-20">
         <path>.\hwdep\tm4c1294xl\</path>
         <kind>object</kind>
         <file>eeprom_mem.obj</file>
         <name>eeprom_mem.obj</name>
      </input_file>
      <input_file id="fl-21">
         <path>.\hwdep\tm4c1294xl\</path>
         <kind>object</kind>
         <file>fingerprint.obj</file>
         <name>fingerprint.obj</name>
      </input_file>
      <input_file id="fl-22">
         <path>.\hwdep\tm4c1294xl\</path>
         <kind>object</kind>
         <file>flash_mem.obj</file>
         <name>flash_mem.obj</name>
      </input_file>
      <input_file id="fl-23">
         <path>.\hwdep\tm4c1294xl\</path>
         <kind>object</kind>
         <file>get_time.obj</file>
         <name>get_time.obj</name>
      </input_file>
      <input_file id="fl-24">
         <path>.\hwdep\tm4c1294xl\</path>
         <kind>object</kind>
         <file>led.obj</file>
         <name>led.obj</name>
      </input_file>
      <input_file id="fl-25">
         <path>.\hwdep\tm4c1294xl\</path>
         <kind>object</kind>
         <file>memory.obj</file>
         <name>memory.obj</name>
      </input_file>
      <input_file id="fl-26">
         <path>.\hwdep\tm4c1294xl\</path>
         <kind>object</kind>
         <file>startup_ccs.obj</file>
         <name>startup_ccs.obj</name>
      </input_file>
      <input_file id="fl-27">
         <path>.\hwdep\tm4c1294xl\</path>
         <kind>object</kind>
         <file>uart.obj</file>
         <name>uart.obj</name>
      </input_file>
      <input_file id="fl-28">
         <path>.\hwdep\tm4c1294xl\</path>
         <kind>object</kind>
         <file>uartstdio.obj</file>
         <name>uartstdio.obj</name>
      </input_file>
      <input_file id="fl-14f">
         <path>C:\ti\ccsv6\tools\compiler\ti-cgt-arm_5.2.7\lib\</path>
         <kind>archive</kind>
         <file>rtsv7M4_T_le_v4SPD16_eabi.lib</file>
         <name>boot.obj</name>
      </input_file>
      <input_file id="fl-150">
         <path>C:\ti\ccsv6\tools\compiler\ti-cgt-arm_5.2.7\lib\</path>
         <kind>archive</kind>
         <file>rtsv7M4_T_le_v4SPD16_eabi.lib</file>
         <name>copy_decompress_none.obj</name>
      </input_file>
      <input_file id="fl-151">
         <path>C:\ti\ccsv6\tools\compiler\ti-cgt-arm_5.2.7\lib\</path>
         <kind>archive</kind>
         <file>rtsv7M4_T_le_v4SPD16_eabi.lib</file>
         <name>copy_decompress_rle.obj</name>
      </input_file>
      <input_file id="fl-152">
         <path>C:\ti\ccsv6\tools\compiler\ti-cgt-arm_5.2.7\lib\</path>
         <kind>archive</kind>
         <file>rtsv7M4_T_le_v4SPD16_eabi.lib</file>
         <name>copy_zero_init.obj</name>
      </input_file>
      <input_file id="fl-153">
         <path>C:\ti\ccsv6\tools\compiler\ti-cgt-arm_5.2.7\lib\</path>
         <kind>archive</kind>
         <file>rtsv7M4_T_le_v4SPD16_eabi.lib</file>
         <name>exit.obj</name>
      </input_file>
      <input_file id="fl-154">
         <path>C:\ti\ccsv6\tools\compiler\ti-cgt-arm_5.2.7\lib\</path>
         <kind>archive</kind>
         <file>rtsv7M4_T_le_v4SPD16_eabi.lib</file>
         <name>memcmp.obj</name>
      </input_file>
      <input_file id="fl-155">
         <path>C:\ti\ccsv6\tools\compiler\ti-cgt-arm_5.2.7\lib\</path>
         <kind>archive</kind>
         <file>rtsv7M4_T_le_v4SPD16_eabi.lib</file>
         <name>memcpy_t2.obj</name>
      </input_file>
      <input_file id="fl-156">
         <path>C:\ti\ccsv6\tools\compiler\ti-cgt-arm_5.2.7\lib\</path>
         <kind>archive</kind>
         <file>rtsv7M4_T_le_v4SPD16_eabi.lib</file>
         <name>memory.obj</name>
      </input_file>
      <input_file id="fl-157">
         <path>C:\ti\ccsv6\tools\compiler\ti-cgt-arm_5.2.7\lib\</path>
         <kind>archive</kind>
         <file>rtsv7M4_T_le_v4SPD16_eabi.lib</file>
         <name>memset_t2.obj</name>
      </input_file>
      <input_file id="fl-158">
         <path>C:\ti\ccsv6\tools\compiler\ti-cgt-arm_5.2.7\lib\</path>
         <kind>archive</kind>
         <file>rtsv7M4_T_le_v4SPD16_eabi.lib</file>
         <name>pre_init.obj</name>
      </input_file>
      <input_file id="fl-159">
         <path>C:\ti\ccsv6\tools\compiler\ti-cgt-arm_5.2.7\lib\</path>
         <kind>archive</kind>
         <file>rtsv7M4_T_le_v4SPD16_eabi.lib</file>
         <name>rand.obj</name>
      </input_file>
      <input_file id="fl-15a">
         <path>C:\ti\ccsv6\tools\compiler\ti-cgt-arm_5.2.7\lib\</path>
         <kind>archive</kind>
         <file>rtsv7M4_T_le_v4SPD16_eabi.lib</file>
         <name>stkdepth_vars.obj</name>
      </input_file>
      <input_file id="fl-15b">
         <path>C:\ti\ccsv6\tools\compiler\ti-cgt-arm_5.2.7\lib\</path>
         <kind>archive</kind>
         <file>rtsv7M4_T_le_v4SPD16_eabi.lib</file>
         <name>strcmp.obj</name>
      </input_file>
      <input_file id="fl-15c">
         <path>C:\ti\ccsv6\tools\compiler\ti-cgt-arm_5.2.7\lib\</path>
         <kind>archive</kind>
         <file>rtsv7M4_T_le_v4SPD16_eabi.lib</file>
         <name>strlen.obj</name>
      </input_file>
      <input_file id="fl-15d">
         <path>C:\ti\ccsv6\tools\compiler\ti-cgt-arm_5.2.7\lib\</path>
         <kind>archive</kind>
         <file>rtsv7M4_T_le_v4SPD16_eabi.lib</file>
         <name>strstr.obj</name>
      </input_file>
      <input_file id="fl-15e">
         <path>C:\ti\ccsv6\tools\compiler\ti-cgt-arm_5.2.7\lib\</path>
         <kind>archive</kind>
         <file>rtsv7M4_T_le_v4SPD16_eabi.lib</file>
         <name>u_divt2.obj</name>
      </input_file>
      <input_file id="fl-15f">
         <path>C:\ti\ccsv6\tools\compiler\ti-cgt-arm_5.2.7\lib\</path>
         <kind>archive</kind>
         <file>rtsv7M4_T_le_v4SPD16_eabi.lib</file>
         <name>ull_div_t2.obj</name>
      </input_file>
      <input_file id="fl-160">
         <path>C:\ti\ccsv6\tools\compiler\ti-cgt-arm_5.2.7\lib\</path>
         <kind>archive</kind>
         <file>rtsv7M4_T_le_v4SPD16_eabi.lib</file>
         <name>vsprintf.obj</name>
      </input_file>
      <input_file id="fl-161">
         <path>C:\ti\ccsv6\tools\compiler\ti-cgt-arm_5.2.7\lib\</path>
         <kind>archive</kind>
         <file>rtsv7M4_T_le_v4SPD16_eabi.lib</file>
         <name>_lock.obj</name>
      </input_file>
      <input_file id="fl-162">
         <path>C:\ti\ccsv6\tools\compiler\ti-cgt-arm_5.2.7\lib\</path>
         <kind>archive</kind>
         <file>rtsv7M4_T_le_v4SPD16_eabi.lib</file>
         <name>_printfi.obj</name>
      </input_file>
      <input_file id="fl-163">
         <path>C:\ti\ccsv6\tools\compiler\ti-cgt-arm_5.2.7\lib\</path>
         <kind>archive</kind>
         <file>rtsv7M4_T_le_v4SPD16_eabi.lib</file>
         <name>args_main.obj</name>
      </input_file>
      <input_file id="fl-164">
         <path>C:\ti\ccsv6\tools\compiler\ti-cgt-arm_5.2.7\lib\</path>
         <kind>archive</kind>
         <file>rtsv7M4_T_le_v4SPD16_eabi.lib</file>
         <name>atoi.obj</name>
      </input_file>
      <input_file id="fl-165">
         <path>C:\ti\ccsv6\tools\compiler\ti-cgt-arm_5.2.7\lib\</path>
         <kind>archive</kind>
         <file>rtsv7M4_T_le_v4SPD16_eabi.lib</file>
         <name>autoinit.obj</name>
      </input_file>
      <input_file id="fl-166">
         <path>C:\ti\ccsv6\tools\compiler\ti-cgt-arm_5.2.7\lib\</path>
         <kind>archive</kind>
         <file>rtsv7M4_T_le_v4SPD16_eabi.lib</file>
         <name>cpy_tbl.obj</name>
      </input_file>
      <input_file id="fl-167">
         <path>C:\ti\ccsv6\tools\compiler\ti-cgt-arm_5.2.7\lib\</path>
         <kind>archive</kind>
         <file>rtsv7M4_T_le_v4SPD16_eabi.lib</file>
         <name>ctype.obj</name>
      </input_file>
      <input_file id="fl-168">
         <path>C:\ti\ccsv6\tools\compiler\ti-cgt-arm_5.2.7\lib\</path>
         <kind>archive</kind>
         <file>rtsv7M4_T_le_v4SPD16_eabi.lib</file>
         <name>fd_add_t2.obj</name>
      </input_file>
      <input_file id="fl-169">
         <path>C:\ti\ccsv6\tools\compiler\ti-cgt-arm_5.2.7\lib\</path>
         <kind>archive</kind>
         <file>rtsv7M4_T_le_v4SPD16_eabi.lib</file>
         <name>fd_cmp_t2.obj</name>
      </input_file>
      <input_file id="fl-16a">
         <path>C:\ti\ccsv6\tools\compiler\ti-cgt-arm_5.2.7\lib\</path>
         <kind>archive</kind>
         <file>rtsv7M4_T_le_v4SPD16_eabi.lib</file>
         <name>fd_div_t2.obj</name>
      </input_file>
      <input_file id="fl-16b">
         <path>C:\ti\ccsv6\tools\compiler\ti-cgt-arm_5.2.7\lib\</path>
         <kind>archive</kind>
         <file>rtsv7M4_T_le_v4SPD16_eabi.lib</file>
         <name>fd_mul_t2.obj</name>
      </input_file>
      <input_file id="fl-16c">
         <path>C:\ti\ccsv6\tools\compiler\ti-cgt-arm_5.2.7\lib\</path>
         <kind>archive</kind>
         <file>rtsv7M4_T_le_v4SPD16_eabi.lib</file>
         <name>fd_toi_t2.obj</name>
      </input_file>
      <input_file id="fl-16d">
         <path>C:\ti\ccsv6\tools\compiler\ti-cgt-arm_5.2.7\lib\</path>
         <kind>archive</kind>
         <file>rtsv7M4_T_le_v4SPD16_eabi.lib</file>
         <name>frexp.obj</name>
      </input_file>
      <input_file id="fl-16e">
         <path>C:\ti\ccsv6\tools\compiler\ti-cgt-arm_5.2.7\lib\</path>
         <kind>archive</kind>
         <file>rtsv7M4_T_le_v4SPD16_eabi.lib</file>
         <name>i_div0.obj</name>
      </input_file>
      <input_file id="fl-16f">
         <path>C:\ti\ccsv6\tools\compiler\ti-cgt-arm_5.2.7\lib\</path>
         <kind>archive</kind>
         <file>rtsv7M4_T_le_v4SPD16_eabi.lib</file>
         <name>i_tofd_t2.obj</name>
      </input_file>
      <input_file id="fl-170">
         <path>C:\ti\ccsv6\tools\compiler\ti-cgt-arm_5.2.7\lib\</path>
         <kind>archive</kind>
         <file>rtsv7M4_T_le_v4SPD16_eabi.lib</file>
         <name>ldexp.obj</name>
      </input_file>
      <input_file id="fl-171">
         <path>C:\ti\ccsv6\tools\compiler\ti-cgt-arm_5.2.7\lib\</path>
         <kind>archive</kind>
         <file>rtsv7M4_T_le_v4SPD16_eabi.lib</file>
         <name>ltoa.obj</name>
      </input_file>
      <input_file id="fl-172">
         <path>C:\ti\ccsv6\tools\compiler\ti-cgt-arm_5.2.7\lib\</path>
         <kind>archive</kind>
         <file>rtsv7M4_T_le_v4SPD16_eabi.lib</file>
         <name>memccpy.obj</name>
      </input_file>
      <input_file id="fl-173">
         <path>C:\ti\ccsv6\tools\compiler\ti-cgt-arm_5.2.7\lib\</path>
         <kind>archive</kind>
         <file>rtsv7M4_T_le_v4SPD16_eabi.lib</file>
         <name>strchr.obj</name>
      </input_file>
      <input_file id="fl-174">
         <path>C:\ti\ccsv6\tools\compiler\ti-cgt-arm_5.2.7\lib\</path>
         <kind>archive</kind>
         <file>rtsv7M4_T_le_v4SPD16_eabi.lib</file>
         <name>xdclass.obj</name>
      </input_file>
      <input_file id="fl-175">
         <path>C:\ti\ccsv6\tools\compiler\ti-cgt-arm_5.2.7\lib\</path>
         <kind>archive</kind>
         <file>rtsv7M4_T_le_v4SPD16_eabi.lib</file>
         <name>xdscale.obj</name>
      </input_file>
      <input_file id="fl-176">
         <path>C:\ti\ccsv6\tools\compiler\ti-cgt-arm_5.2.7\lib\</path>
         <kind>archive</kind>
         <file>rtsv7M4_T_le_v4SPD16_eabi.lib</file>
         <name>xdunscal.obj</name>
      </input_file>
      <input_file id="fl-177">
         <path>C:\ti\ccsv6\tools\compiler\ti-cgt-arm_5.2.7\lib\</path>
         <kind>archive</kind>
         <file>rtsv7M4_T_le_v4SPD16_eabi.lib</file>
         <name>xferaise.obj</name>
      </input_file>
      <input_file id="fl-178">
         <path>C:\ti\ccsv6\tools\compiler\ti-cgt-arm_5.2.7\lib\</path>
         <kind>archive</kind>
         <file>rtsv7M4_T_le_v4SPD16_eabi.lib</file>
         <name>xvalues.obj</name>
      </input_file>
      <input_file id="fl-179">
         <path>C:\ti\ccsv6\tools\compiler\ti-cgt-arm_5.2.7\lib\</path>
         <kind>archive</kind>
         <file>rtsv7M4_T_le_v4SPD16_eabi.lib</file>
         <name>errno.obj</name>
      </input_file>
      <input_file id="fl-17a">
         <path>C:\ti\ccsv6\tools\compiler\ti-cgt-arm_5.2.7\lib\</path>
         <kind>archive</kind>
         <file>rtsv7M4_T_le_v4SPD16_eabi.lib</file>
         <name>feraiseexcept.obj</name>
      </input_file>
      <input_file id="fl-17b">
         <path>C:\ti\ccsv6\tools\compiler\ti-cgt-arm_5.2.7\lib\</path>
         <kind>archive</kind>
         <file>rtsv7M4_T_le_v4SPD16_eabi.lib</file>
         <name>raise.obj</name>
      </input_file>
      <input_file id="fl-17c">
         <path>C:\ti\ccsv6\tools\compiler\ti-cgt-arm_5.2.7\lib\</path>
         <kind>archive</kind>
         <file>rtsv7M4_T_le_v4SPD16_eabi.lib</file>
         <name>signal.obj</name>
      </input_file>
      <input_file id="fl-17d">
         <path>C:\ti\ccsv6\tools\compiler\ti-cgt-arm_5.2.7\lib\</path>
         <kind>archive</kind>
         <file>rtsv7M4_T_le_v4SPD16_eabi.lib</file>
         <name>xdnorm.obj</name>
      </input_file>
      <input_file id="fl-17e">
         <path>C:\ti\TivaWare_C_Series-2.1.2.111\driverlib\ccs\Debug\</path>
         <kind>archive</kind>
         <file>driverlib.lib</file>
         <name>gpio.obj</name>
      </input_file>
      <input_file id="fl-17f">
         <path>C:\ti\TivaWare_C_Series-2.1.2.111\driverlib\ccs\Debug\</path>
         <kind>archive</kind>
         <file>driverlib.lib</file>
         <name>interrupt.obj</name>
      </input_file>
      <input_file id="fl-180">
         <path>C:\ti\TivaWare_C_Series-2.1.2.111\driverlib\ccs\Debug\</path>
         <kind>archive</kind>
         <file>driverlib.lib</file>
         <name>sysctl.obj</name>
      </input_file>
      <input_file id="fl-181">
         <path>C:\ti\TivaWare_C_Series-2.1.2.111\driverlib\ccs\Debug\</path>
         <kind>archive</kind>
         <file>driverlib.lib</file>
         <name>cpu.obj</name>
      </input_file>
   </input_file_list>
   <object_component_list>
      <object_component id="oc-f">
         <name>.intvecs</name>
         <load_address>0x0</load_address>
         <run_address>0x0</run_address>
         <size>0x200</size>
         <input_file_ref idref="fl-26"/>
      </object_component>
      <object_component id="oc-3c4">
         <name>.text</name>
         <load_address>0x200</load_address>
         <run_address>0x200</run_address>
         <size>0x3608</size>
         <input_file_ref idref="fl-13"/>
      </object_component>
      <object_component id="oc-3be">
         <name>.text</name>
         <load_address>0x3808</load_address>
         <run_address>0x3808</run_address>
         <size>0x134c</size>
         <input_file_ref idref="fl-1c"/>
      </object_component>
      <object_component id="oc-1bb">
         <name>.text</name>
         <load_address>0x4b54</load_address>
         <run_address>0x4b54</run_address>
         <size>0x1260</size>
         <input_file_ref idref="fl-d"/>
      </object_component>
      <object_component id="oc-4b1">
         <name>.text</name>
         <load_address>0x5db4</load_address>
         <run_address>0x5db4</run_address>
         <size>0x11d4</size>
         <input_file_ref idref="fl-15"/>
      </object_component>
      <object_component id="oc-1a0">
         <name>.text</name>
         <load_address>0x6f88</load_address>
         <run_address>0x6f88</run_address>
         <size>0x10ba</size>
         <input_file_ref idref="fl-162"/>
      </object_component>
      <object_component id="oc-10f">
         <name>.text</name>
         <load_address>0x8042</load_address>
         <run_address>0x8042</run_address>
         <size>0x2</size>
         <input_file_ref idref="fl-16e"/>
      </object_component>
      <object_component id="oc-33">
         <name>.text</name>
         <load_address>0x8044</load_address>
         <run_address>0x8044</run_address>
         <size>0x98c</size>
         <input_file_ref idref="fl-28"/>
      </object_component>
      <object_component id="oc-516">
         <name>.text</name>
         <load_address>0x89d0</load_address>
         <run_address>0x89d0</run_address>
         <size>0x7e4</size>
         <input_file_ref idref="fl-1d"/>
      </object_component>
      <object_component id="oc-14a">
         <name>.text</name>
         <load_address>0x91b4</load_address>
         <run_address>0x91b4</run_address>
         <size>0x700</size>
         <input_file_ref idref="fl-3"/>
      </object_component>
      <object_component id="oc-32e">
         <name>.text</name>
         <load_address>0x98b4</load_address>
         <run_address>0x98b4</run_address>
         <size>0x6f4</size>
         <input_file_ref idref="fl-5"/>
      </object_component>
      <object_component id="oc-341">
         <name>.text</name>
         <load_address>0x9fa8</load_address>
         <run_address>0x9fa8</run_address>
         <size>0x6c0</size>
         <input_file_ref idref="fl-1b"/>
      </object_component>
      <object_component id="oc-b3">
         <name>.text</name>
         <load_address>0xa668</load_address>
         <run_address>0xa668</run_address>
         <size>0x672</size>
         <input_file_ref idref="fl-6"/>
      </object_component>
      <object_component id="oc-1ca">
         <name>.text</name>
         <load_address>0xacdc</load_address>
         <run_address>0xacdc</run_address>
         <size>0x660</size>
         <input_file_ref idref="fl-a"/>
      </object_component>
      <object_component id="oc-3b8">
         <name>.text</name>
         <load_address>0xb33c</load_address>
         <run_address>0xb33c</run_address>
         <size>0x5d0</size>
         <input_file_ref idref="fl-11"/>
      </object_component>
      <object_component id="oc-3a8">
         <name>.text</name>
         <load_address>0xb90c</load_address>
         <run_address>0xb90c</run_address>
         <size>0x550</size>
         <input_file_ref idref="fl-14"/>
      </object_component>
      <object_component id="oc-29f">
         <name>.text</name>
         <load_address>0xbe5c</load_address>
         <run_address>0xbe5c</run_address>
         <size>0x514</size>
         <input_file_ref idref="fl-2"/>
      </object_component>
      <object_component id="oc-2ab">
         <name>.text</name>
         <load_address>0xc370</load_address>
         <run_address>0xc370</run_address>
         <size>0x4ac</size>
         <input_file_ref idref="fl-4"/>
      </object_component>
      <object_component id="oc-480">
         <name>.text</name>
         <load_address>0xc81c</load_address>
         <run_address>0xc81c</run_address>
         <size>0x488</size>
         <input_file_ref idref="fl-12"/>
      </object_component>
      <object_component id="oc-3ca">
         <name>.text</name>
         <load_address>0xcca4</load_address>
         <run_address>0xcca4</run_address>
         <size>0x464</size>
         <input_file_ref idref="fl-17"/>
      </object_component>
      <object_component id="oc-33b">
         <name>.text</name>
         <load_address>0xd108</load_address>
         <run_address>0xd108</run_address>
         <size>0x3ec</size>
         <input_file_ref idref="fl-19"/>
      </object_component>
      <object_component id="oc-41e">
         <name>.text</name>
         <load_address>0xd4f4</load_address>
         <run_address>0xd4f4</run_address>
         <size>0x3dc</size>
         <input_file_ref idref="fl-156"/>
      </object_component>
      <object_component id="oc-3d0">
         <name>.text</name>
         <load_address>0xd8d0</load_address>
         <run_address>0xd8d0</run_address>
         <size>0x318</size>
         <input_file_ref idref="fl-18"/>
      </object_component>
      <object_component id="oc-1b3">
         <name>.text:SysCtlClockFreqSet</name>
         <load_address>0xdbe8</load_address>
         <run_address>0xdbe8</run_address>
         <size>0x204</size>
         <input_file_ref idref="fl-180"/>
      </object_component>
      <object_component id="oc-212">
         <name>.text</name>
         <load_address>0xddec</load_address>
         <run_address>0xddec</run_address>
         <size>0x1f4</size>
         <input_file_ref idref="fl-15f"/>
      </object_component>
      <object_component id="oc-2ba">
         <name>.text</name>
         <load_address>0xdfe0</load_address>
         <run_address>0xdfe0</run_address>
         <size>0x1f0</size>
         <input_file_ref idref="fl-c"/>
      </object_component>
      <object_component id="oc-438">
         <name>.text</name>
         <load_address>0xe1d0</load_address>
         <run_address>0xe1d0</run_address>
         <size>0x1d8</size>
         <input_file_ref idref="fl-1a"/>
      </object_component>
      <object_component id="oc-2a5">
         <name>.text</name>
         <load_address>0xe3a8</load_address>
         <run_address>0xe3a8</run_address>
         <size>0x1c8</size>
         <input_file_ref idref="fl-7"/>
      </object_component>
      <object_component id="oc-241">
         <name>.text</name>
         <load_address>0xe570</load_address>
         <run_address>0xe570</run_address>
         <size>0x1b6</size>
         <input_file_ref idref="fl-168"/>
      </object_component>
      <object_component id="oc-e3">
         <name>.text</name>
         <load_address>0xe728</load_address>
         <run_address>0xe728</run_address>
         <size>0x170</size>
         <input_file_ref idref="fl-f"/>
      </object_component>
      <object_component id="oc-227">
         <name>.text</name>
         <load_address>0xe898</load_address>
         <run_address>0xe898</run_address>
         <size>0x136</size>
         <input_file_ref idref="fl-16a"/>
      </object_component>
      <object_component id="oc-4ab">
         <name>.text</name>
         <load_address>0xe9ce</load_address>
         <run_address>0xe9ce</run_address>
         <size>0x134</size>
         <input_file_ref idref="fl-16"/>
      </object_component>
      <object_component id="oc-1e5">
         <name>.text:GPIOPadConfigSet</name>
         <load_address>0xeb02</load_address>
         <run_address>0xeb02</run_address>
         <size>0x132</size>
         <input_file_ref idref="fl-17e"/>
      </object_component>
      <object_component id="oc-2fb">
         <name>.text</name>
         <load_address>0xec34</load_address>
         <run_address>0xec34</run_address>
         <size>0x110</size>
         <input_file_ref idref="fl-175"/>
      </object_component>
      <object_component id="oc-222">
         <name>.text</name>
         <load_address>0xed44</load_address>
         <run_address>0xed44</run_address>
         <size>0xfc</size>
         <input_file_ref idref="fl-16b"/>
      </object_component>
      <object_component id="oc-39">
         <name>.text</name>
         <load_address>0xee40</load_address>
         <run_address>0xee40</run_address>
         <size>0xf0</size>
         <input_file_ref idref="fl-23"/>
      </object_component>
      <object_component id="oc-88">
         <name>.text</name>
         <load_address>0xef30</load_address>
         <run_address>0xef30</run_address>
         <size>0xc8</size>
         <input_file_ref idref="fl-27"/>
      </object_component>
      <object_component id="oc-374">
         <name>.text</name>
         <load_address>0xeff8</load_address>
         <run_address>0xeff8</run_address>
         <size>0xbe</size>
         <input_file_ref idref="fl-17d"/>
      </object_component>
      <object_component id="oc-1c1">
         <name>.text</name>
         <load_address>0xf0b6</load_address>
         <run_address>0xf0b6</run_address>
         <size>0x9e</size>
         <input_file_ref idref="fl-b"/>
      </object_component>
      <object_component id="oc-42">
         <name>.text</name>
         <load_address>0xf154</load_address>
         <run_address>0xf154</run_address>
         <size>0x9c</size>
         <input_file_ref idref="fl-155"/>
      </object_component>
      <object_component id="oc-21d">
         <name>.text:__aeabi_cdcmple</name>
         <load_address>0xf1f0</load_address>
         <run_address>0xf1f0</run_address>
         <size>0x86</size>
         <input_file_ref idref="fl-169"/>
      </object_component>
      <object_component id="oc-22c">
         <name>.text:__aeabi_cdrcmple</name>
         <load_address>0xf276</load_address>
         <run_address>0xf276</run_address>
         <size>0x86</size>
         <input_file_ref idref="fl-169"/>
      </object_component>
      <object_component id="oc-5b">
         <name>.text</name>
         <load_address>0xf2fc</load_address>
         <run_address>0xf2fc</run_address>
         <size>0x7a</size>
         <input_file_ref idref="fl-157"/>
      </object_component>
      <object_component id="oc-6d">
         <name>.text</name>
         <load_address>0xf378</load_address>
         <run_address>0xf378</run_address>
         <size>0x6c</size>
         <input_file_ref idref="fl-165"/>
      </object_component>
      <object_component id="oc-4e">
         <name>.text</name>
         <load_address>0xf3e4</load_address>
         <run_address>0xf3e4</run_address>
         <size>0x6a</size>
         <input_file_ref idref="fl-151"/>
      </object_component>
      <object_component id="oc-2f3">
         <name>.text</name>
         <load_address>0xf44e</load_address>
         <run_address>0xf44e</run_address>
         <size>0x66</size>
         <input_file_ref idref="fl-176"/>
      </object_component>
      <object_component id="oc-144">
         <name>.text</name>
         <load_address>0xf4b4</load_address>
         <run_address>0xf4b4</run_address>
         <size>0x60</size>
         <input_file_ref idref="fl-24"/>
      </object_component>
      <object_component id="oc-236">
         <name>.text</name>
         <load_address>0xf514</load_address>
         <run_address>0xf514</run_address>
         <size>0x56</size>
         <input_file_ref idref="fl-171"/>
      </object_component>
      <object_component id="oc-2c6">
         <name>.text</name>
         <load_address>0xf56c</load_address>
         <run_address>0xf56c</run_address>
         <size>0x54</size>
         <input_file_ref idref="fl-21"/>
      </object_component>
      <object_component id="oc-24c">
         <name>.text</name>
         <load_address>0xf5c0</load_address>
         <run_address>0xf5c0</run_address>
         <size>0x52</size>
         <input_file_ref idref="fl-170"/>
      </object_component>
      <object_component id="oc-24">
         <name>.text</name>
         <load_address>0xf614</load_address>
         <run_address>0xf614</run_address>
         <size>0x50</size>
         <input_file_ref idref="fl-14f"/>
      </object_component>
      <object_component id="oc-13e">
         <name>.text</name>
         <load_address>0xf664</load_address>
         <run_address>0xf664</run_address>
         <size>0x4c</size>
         <input_file_ref idref="fl-1e"/>
      </object_component>
      <object_component id="oc-264">
         <name>.text</name>
         <load_address>0xf6b0</load_address>
         <run_address>0xf6b0</run_address>
         <size>0x4c</size>
         <input_file_ref idref="fl-164"/>
      </object_component>
      <object_component id="oc-db">
         <name>.text</name>
         <load_address>0xf6fc</load_address>
         <run_address>0xf6fc</run_address>
         <size>0x4c</size>
         <input_file_ref idref="fl-166"/>
      </object_component>
      <object_component id="oc-450">
         <name>.text</name>
         <load_address>0xf748</load_address>
         <run_address>0xf748</run_address>
         <size>0x4c</size>
         <input_file_ref idref="fl-159"/>
      </object_component>
      <object_component id="oc-283">
         <name>.text:_SysCtlFrequencyGet</name>
         <load_address>0xf794</load_address>
         <run_address>0xf794</run_address>
         <size>0x48</size>
         <input_file_ref idref="fl-180"/>
      </object_component>
      <object_component id="oc-231">
         <name>.text</name>
         <load_address>0xf7dc</load_address>
         <run_address>0xf7dc</run_address>
         <size>0x48</size>
         <input_file_ref idref="fl-16c"/>
      </object_component>
      <object_component id="oc-117">
         <name>.text</name>
         <load_address>0xf824</load_address>
         <run_address>0xf824</run_address>
         <size>0x48</size>
         <input_file_ref idref="fl-160"/>
      </object_component>
      <object_component id="oc-79">
         <name>.text</name>
         <load_address>0xf86c</load_address>
         <run_address>0xf86c</run_address>
         <size>0x44</size>
         <input_file_ref idref="fl-153"/>
      </object_component>
      <object_component id="oc-491">
         <name>.text</name>
         <load_address>0xf8b0</load_address>
         <run_address>0xf8b0</run_address>
         <size>0x40</size>
         <input_file_ref idref="fl-17c"/>
      </object_component>
      <object_component id="oc-9d">
         <name>.text</name>
         <load_address>0xf8f0</load_address>
         <run_address>0xf8f0</run_address>
         <size>0x40</size>
         <input_file_ref idref="fl-15e"/>
      </object_component>
      <object_component id="oc-156">
         <name>.text:SysCtlPeripheralReady</name>
         <load_address>0xf930</load_address>
         <run_address>0xf930</run_address>
         <size>0x38</size>
         <input_file_ref idref="fl-180"/>
      </object_component>
      <object_component id="oc-150">
         <name>.text:SysCtlPeripheralEnable</name>
         <load_address>0xf968</load_address>
         <run_address>0xf968</run_address>
         <size>0x34</size>
         <input_file_ref idref="fl-180"/>
      </object_component>
      <object_component id="oc-383">
         <name>.text</name>
         <load_address>0xf99c</load_address>
         <run_address>0xf99c</run_address>
         <size>0x34</size>
         <input_file_ref idref="fl-17a"/>
      </object_component>
      <object_component id="oc-47a">
         <name>.text</name>
         <load_address>0xf9d0</load_address>
         <run_address>0xf9d0</run_address>
         <size>0x34</size>
         <input_file_ref idref="fl-15d"/>
      </object_component>
      <object_component id="oc-258">
         <name>.text</name>
         <load_address>0xfa04</load_address>
         <run_address>0xfa04</run_address>
         <size>0x30</size>
         <input_file_ref idref="fl-174"/>
      </object_component>
      <object_component id="oc-301">
         <name>.text</name>
         <load_address>0xfa34</load_address>
         <run_address>0xfa34</run_address>
         <size>0x30</size>
         <input_file_ref idref="fl-177"/>
      </object_component>
      <object_component id="oc-23c">
         <name>.text</name>
         <load_address>0xfa64</load_address>
         <run_address>0xfa64</run_address>
         <size>0x2e</size>
         <input_file_ref idref="fl-16f"/>
      </object_component>
      <object_component id="oc-404">
         <name>.text</name>
         <load_address>0xfa92</load_address>
         <run_address>0xfa92</run_address>
         <size>0x2e</size>
         <input_file_ref idref="fl-17b"/>
      </object_component>
      <object_component id="oc-1eb">
         <name>.text:GPIODirModeSet</name>
         <load_address>0xfac0</load_address>
         <run_address>0xfac0</run_address>
         <size>0x2a</size>
         <input_file_ref idref="fl-17e"/>
      </object_component>
      <object_component id="oc-246">
         <name>.text</name>
         <load_address>0xfaea</load_address>
         <run_address>0xfaea</run_address>
         <size>0x2a</size>
         <input_file_ref idref="fl-16d"/>
      </object_component>
      <object_component id="oc-448">
         <name>.text</name>
         <load_address>0xfb14</load_address>
         <run_address>0xfb14</run_address>
         <size>0x22</size>
         <input_file_ref idref="fl-154"/>
      </object_component>
      <object_component id="oc-27d">
         <name>.text:_SysCtlMemTimingGet</name>
         <load_address>0xfb38</load_address>
         <run_address>0xfb38</run_address>
         <size>0x20</size>
         <input_file_ref idref="fl-180"/>
      </object_component>
      <object_component id="oc-25e">
         <name>.text</name>
         <load_address>0xfb58</load_address>
         <run_address>0xfb58</run_address>
         <size>0x1c</size>
         <input_file_ref idref="fl-172"/>
      </object_component>
      <object_component id="oc-15c">
         <name>.text:GPIOPinTypeGPIOOutput</name>
         <load_address>0xfb74</load_address>
         <run_address>0xfb74</run_address>
         <size>0x18</size>
         <input_file_ref idref="fl-17e"/>
      </object_component>
      <object_component id="oc-73">
         <name>.text</name>
         <load_address>0xfb8c</load_address>
         <run_address>0xfb8c</run_address>
         <size>0x18</size>
         <input_file_ref idref="fl-163"/>
      </object_component>
      <object_component id="oc-418">
         <name>.text</name>
         <load_address>0xfba4</load_address>
         <run_address>0xfba4</run_address>
         <size>0x18</size>
         <input_file_ref idref="fl-15b"/>
      </object_component>
      <object_component id="oc-252">
         <name>.text</name>
         <load_address>0xfbbc</load_address>
         <run_address>0xfbbc</run_address>
         <size>0x16</size>
         <input_file_ref idref="fl-173"/>
      </object_component>
      <object_component id="oc-188">
         <name>.text</name>
         <load_address>0xfbd4</load_address>
         <run_address>0xfbd4</run_address>
         <size>0x14</size>
         <input_file_ref idref="fl-161"/>
      </object_component>
      <object_component id="oc-217">
         <name>.text</name>
         <load_address>0xfbe8</load_address>
         <run_address>0xfbe8</run_address>
         <size>0x14</size>
         <input_file_ref idref="fl-15c"/>
      </object_component>
      <object_component id="oc-12">
         <name>.text:decompress:none</name>
         <load_address>0xfbfc</load_address>
         <run_address>0xfbfc</run_address>
         <size>0xe</size>
         <input_file_ref idref="fl-150"/>
      </object_component>
      <object_component id="oc-171">
         <name>.text</name>
         <load_address>0xfc0a</load_address>
         <run_address>0xfc0a</run_address>
         <size>0xe</size>
         <input_file_ref idref="fl-25"/>
      </object_component>
      <object_component id="oc-1e">
         <name>.text:decompress:ZI</name>
         <load_address>0xfc18</load_address>
         <run_address>0xfc18</run_address>
         <size>0xc</size>
         <input_file_ref idref="fl-152"/>
      </object_component>
      <object_component id="oc-2d">
         <name>.text</name>
         <load_address>0xfc24</load_address>
         <run_address>0xfc24</run_address>
         <size>0xc</size>
         <input_file_ref idref="fl-26"/>
      </object_component>
      <object_component id="oc-162">
         <name>.text:GPIOPinWrite</name>
         <load_address>0xfc30</load_address>
         <run_address>0xfc30</run_address>
         <size>0x6</size>
         <input_file_ref idref="fl-17e"/>
      </object_component>
      <object_component id="oc-18">
         <name>.text:decompress:rle24</name>
         <load_address>0xfc36</load_address>
         <run_address>0xfc36</run_address>
         <size>0x6</size>
         <input_file_ref idref="fl-151"/>
      </object_component>
      <object_component id="oc-67">
         <name>.text</name>
         <load_address>0xfc3c</load_address>
         <run_address>0xfc3c</run_address>
         <size>0x4</size>
         <input_file_ref idref="fl-158"/>
      </object_component>
      <object_component id="oc-4d7">
         <name>.const:.string</name>
         <load_address>0xfc40</load_address>
         <run_address>0xfc40</run_address>
         <size>0xa0c</size>
         <input_file_ref idref="fl-17"/>
      </object_component>
      <object_component id="oc-456">
         <name>.const:.string</name>
         <load_address>0x1064c</load_address>
         <run_address>0x1064c</run_address>
         <size>0x396</size>
         <input_file_ref idref="fl-1c"/>
      </object_component>
      <object_component id="oc-520">
         <name>.const:md5_test_buf</name>
         <load_address>0x109e2</load_address>
         <run_address>0x109e2</run_address>
         <size>0x237</size>
         <input_file_ref idref="fl-15"/>
      </object_component>
      <object_component id="oc-463">
         <name>.const:oid_x520_attr_type</name>
         <load_address>0x10c1c</load_address>
         <run_address>0x10c1c</run_address>
         <size>0x190</size>
         <input_file_ref idref="fl-17"/>
      </object_component>
      <object_component id="oc-16e">
         <name>.const:.string:license</name>
         <load_address>0x10dac</load_address>
         <run_address>0x10dac</run_address>
         <size>0x182</size>
         <input_file_ref idref="fl-f"/>
      </object_component>
      <object_component id="oc-46c">
         <name>.const:oid_sig_alg</name>
         <load_address>0x10f30</load_address>
         <run_address>0x10f30</run_address>
         <size>0x140</size>
         <input_file_ref idref="fl-17"/>
      </object_component>
      <object_component id="oc-28c">
         <name>.const:g_pppui32XTALtoVCO</name>
         <load_address>0x11070</load_address>
         <run_address>0x11070</run_address>
         <size>0x120</size>
         <input_file_ref idref="fl-180"/>
      </object_component>
      <object_component id="oc-30f">
         <name>.const:.string:_ctypes_</name>
         <load_address>0x11190</load_address>
         <run_address>0x11190</run_address>
         <size>0x101</size>
         <input_file_ref idref="fl-167"/>
      </object_component>
      <object_component id="oc-39c">
         <name>.const:.string:sbox</name>
         <load_address>0x11291</load_address>
         <run_address>0x11291</run_address>
         <size>0x100</size>
         <input_file_ref idref="fl-5"/>
      </object_component>
      <object_component id="oc-54d">
         <name>.const:K</name>
         <load_address>0x11394</load_address>
         <run_address>0x11394</run_address>
         <size>0x100</size>
         <input_file_ref idref="fl-1d"/>
      </object_component>
      <object_component id="oc-39f">
         <name>.const:.string:Rcon</name>
         <load_address>0x11494</load_address>
         <run_address>0x11494</run_address>
         <size>0xff</size>
         <input_file_ref idref="fl-5"/>
      </object_component>
      <object_component id="oc-559">
         <name>.const:sha256_test_sum</name>
         <load_address>0x11593</load_address>
         <run_address>0x11593</run_address>
         <size>0xc0</size>
         <input_file_ref idref="fl-1d"/>
      </object_component>
      <object_component id="oc-475">
         <name>.const:oid_md_alg</name>
         <load_address>0x11654</load_address>
         <run_address>0x11654</run_address>
         <size>0xb4</size>
         <input_file_ref idref="fl-17"/>
      </object_component>
      <object_component id="oc-553">
         <name>.const:sha256_test_buf</name>
         <load_address>0x11708</load_address>
         <run_address>0x11708</run_address>
         <size>0xab</size>
         <input_file_ref idref="fl-1d"/>
      </object_component>
      <object_component id="oc-4f7">
         <name>.const:.string:base64_dec_map</name>
         <load_address>0x117b3</load_address>
         <run_address>0x117b3</run_address>
         <size>0x80</size>
         <input_file_ref idref="fl-12"/>
      </object_component>
      <object_component id="oc-466">
         <name>.const:oid_x509_ext</name>
         <load_address>0x11834</load_address>
         <run_address>0x11834</run_address>
         <size>0x78</size>
         <input_file_ref idref="fl-17"/>
      </object_component>
      <object_component id="oc-526">
         <name>.const:md5_test_sum</name>
         <load_address>0x118ac</load_address>
         <run_address>0x118ac</run_address>
         <size>0x70</size>
         <input_file_ref idref="fl-15"/>
      </object_component>
      <object_component id="oc-469">
         <name>.const:oid_ext_key_usage</name>
         <load_address>0x1191c</load_address>
         <run_address>0x1191c</run_address>
         <size>0x70</size>
         <input_file_ref idref="fl-17"/>
      </object_component>
      <object_component id="oc-289">
         <name>.const:g_pui32Xtals</name>
         <load_address>0x1198c</load_address>
         <run_address>0x1198c</run_address>
         <size>0x6c</size>
         <input_file_ref idref="fl-180"/>
      </object_component>
      <object_component id="oc-4fd">
         <name>.const:.string:base64_test_enc</name>
         <load_address>0x119f8</load_address>
         <run_address>0x119f8</run_address>
         <size>0x59</size>
         <input_file_ref idref="fl-12"/>
      </object_component>
      <object_component id="oc-46f">
         <name>.const:oid_pk_alg</name>
         <load_address>0x11a54</load_address>
         <run_address>0x11a54</run_address>
         <size>0x50</size>
         <input_file_ref idref="fl-17"/>
      </object_component>
      <object_component id="oc-2c3">
         <name>.const</name>
         <load_address>0x11aa4</load_address>
         <run_address>0x11aa4</run_address>
         <size>0x48</size>
         <input_file_ref idref="fl-a"/>
      </object_component>
      <object_component id="oc-293">
         <name>.const</name>
         <load_address>0x11aec</load_address>
         <run_address>0x11aec</run_address>
         <size>0x48</size>
         <input_file_ref idref="fl-d"/>
      </object_component>
      <object_component id="oc-4f4">
         <name>.const:.string:base64_enc_map</name>
         <load_address>0x11b34</load_address>
         <run_address>0x11b34</run_address>
         <size>0x40</size>
         <input_file_ref idref="fl-12"/>
      </object_component>
      <object_component id="oc-4fa">
         <name>.const:.string:base64_test_dec</name>
         <load_address>0x11b74</load_address>
         <run_address>0x11b74</run_address>
         <size>0x40</size>
         <input_file_ref idref="fl-12"/>
      </object_component>
      <object_component id="oc-51d">
         <name>.const:.string:md5_padding</name>
         <load_address>0x11bb4</load_address>
         <run_address>0x11bb4</run_address>
         <size>0x40</size>
         <input_file_ref idref="fl-15"/>
      </object_component>
      <object_component id="oc-550">
         <name>.const:.string:sha256_padding</name>
         <load_address>0x11bf4</load_address>
         <run_address>0x11bf4</run_address>
         <size>0x40</size>
         <input_file_ref idref="fl-1d"/>
      </object_component>
      <object_component id="oc-472">
         <name>.const:oid_cipher_alg</name>
         <load_address>0x11c34</load_address>
         <run_address>0x11c34</run_address>
         <size>0x3c</size>
         <input_file_ref idref="fl-17"/>
      </object_component>
      <object_component id="oc-31b">
         <name>.const:g_sXTALtoMEMTIM</name>
         <load_address>0x11c70</load_address>
         <run_address>0x11c70</run_address>
         <size>0x30</size>
         <input_file_ref idref="fl-180"/>
      </object_component>
      <object_component id="oc-427">
         <name>.const:mbedtls_md5_info</name>
         <load_address>0x11ca0</load_address>
         <run_address>0x11ca0</run_address>
         <size>0x30</size>
         <input_file_ref idref="fl-16"/>
      </object_component>
      <object_component id="oc-3ae">
         <name>.const:mbedtls_rsa_info</name>
         <load_address>0x11cd0</load_address>
         <run_address>0x11cd0</run_address>
         <size>0x30</size>
         <input_file_ref idref="fl-1a"/>
      </object_component>
      <object_component id="oc-42a">
         <name>.const:mbedtls_sha224_info</name>
         <load_address>0x11d00</load_address>
         <run_address>0x11d00</run_address>
         <size>0x30</size>
         <input_file_ref idref="fl-16"/>
      </object_component>
      <object_component id="oc-42d">
         <name>.const:mbedtls_sha256_info</name>
         <load_address>0x11d30</load_address>
         <run_address>0x11d30</run_address>
         <size>0x30</size>
         <input_file_ref idref="fl-16"/>
      </object_component>
      <object_component id="oc-168">
         <name>.const:$P$T0$1</name>
         <load_address>0x11d60</load_address>
         <run_address>0x11d60</run_address>
         <size>0x28</size>
         <input_file_ref idref="fl-f"/>
      </object_component>
      <object_component id="oc-2c0">
         <name>.const:$P$T0$1</name>
         <load_address>0x11d88</load_address>
         <run_address>0x11d88</run_address>
         <size>0x28</size>
         <input_file_ref idref="fl-a"/>
      </object_component>
      <object_component id="oc-1d3">
         <name>.const:$P$T1$2</name>
         <load_address>0x11db0</load_address>
         <run_address>0x11db0</run_address>
         <size>0x28</size>
         <input_file_ref idref="fl-3"/>
      </object_component>
      <object_component id="oc-2b1">
         <name>.const:$P$T4$6</name>
         <load_address>0x11dd8</load_address>
         <run_address>0x11dd8</run_address>
         <size>0x28</size>
         <input_file_ref idref="fl-d"/>
      </object_component>
      <object_component id="oc-91">
         <name>.const</name>
         <load_address>0x11e00</load_address>
         <run_address>0x11e00</run_address>
         <size>0x28</size>
         <input_file_ref idref="fl-28"/>
      </object_component>
      <object_component id="oc-337">
         <name>.const</name>
         <load_address>0x11e28</load_address>
         <run_address>0x11e28</run_address>
         <size>0x24</size>
         <input_file_ref idref="fl-2"/>
      </object_component>
      <object_component id="oc-348">
         <name>.const</name>
         <load_address>0x11e4c</load_address>
         <run_address>0x11e4c</run_address>
         <size>0x24</size>
         <input_file_ref idref="fl-4"/>
      </object_component>
      <object_component id="oc-45e">
         <name>.const:gcd_pairs</name>
         <load_address>0x11e70</load_address>
         <run_address>0x11e70</run_address>
         <size>0x24</size>
         <input_file_ref idref="fl-13"/>
      </object_component>
      <object_component id="oc-523">
         <name>.const</name>
         <load_address>0x11e94</load_address>
         <run_address>0x11e94</run_address>
         <size>0x1c</size>
         <input_file_ref idref="fl-15"/>
      </object_component>
      <object_component id="oc-16b">
         <name>.const</name>
         <load_address>0x11eb0</load_address>
         <run_address>0x11eb0</run_address>
         <size>0x18</size>
         <input_file_ref idref="fl-f"/>
      </object_component>
      <object_component id="oc-4aa">
         <name>.const:.string</name>
         <load_address>0x11ec8</load_address>
         <run_address>0x11ec8</run_address>
         <size>0x14</size>
         <input_file_ref idref="fl-16"/>
      </object_component>
      <object_component id="oc-106">
         <name>.const:.string</name>
         <load_address>0x11edc</load_address>
         <run_address>0x11edc</run_address>
         <size>0x12</size>
         <input_file_ref idref="fl-28"/>
      </object_component>
      <object_component id="oc-34b">
         <name>.const:.string</name>
         <load_address>0x11eee</load_address>
         <run_address>0x11eee</run_address>
         <size>0x10</size>
         <input_file_ref idref="fl-4"/>
      </object_component>
      <object_component id="oc-1d0">
         <name>.const</name>
         <load_address>0x11f00</load_address>
         <run_address>0x11f00</run_address>
         <size>0x10</size>
         <input_file_ref idref="fl-3"/>
      </object_component>
      <object_component id="oc-424">
         <name>.const</name>
         <load_address>0x11f10</load_address>
         <run_address>0x11f10</run_address>
         <size>0x10</size>
         <input_file_ref idref="fl-14"/>
      </object_component>
      <object_component id="oc-356">
         <name>.const</name>
         <load_address>0x11f20</load_address>
         <run_address>0x11f20</run_address>
         <size>0xc</size>
         <input_file_ref idref="fl-c"/>
      </object_component>
      <object_component id="oc-556">
         <name>.const</name>
         <load_address>0x11f2c</load_address>
         <run_address>0x11f2c</run_address>
         <size>0xc</size>
         <input_file_ref idref="fl-1d"/>
      </object_component>
      <object_component id="oc-28f">
         <name>.const</name>
         <load_address>0x11f38</load_address>
         <run_address>0x11f38</run_address>
         <size>0x8</size>
         <input_file_ref idref="fl-180"/>
      </object_component>
      <object_component id="oc-437">
         <name>.const:.string</name>
         <load_address>0x11f40</load_address>
         <run_address>0x11f40</run_address>
         <size>0x4</size>
         <input_file_ref idref="fl-1a"/>
      </object_component>
      <object_component id="oc-597">
         <name>.cinit..data.load</name>
         <load_address>0x11f48</load_address>
         <run_address>0x11f48</run_address>
         <size>0x248</size>
      </object_component>
      <object_component id="oc-595">
         <name>__TI_handler_table</name>
         <load_address>0x12190</load_address>
         <run_address>0x12190</run_address>
         <size>0xc</size>
      </object_component>
      <object_component id="oc-598">
         <name>.cinit..bss.load</name>
         <load_address>0x121a0</load_address>
         <run_address>0x121a0</run_address>
         <size>0x8</size>
      </object_component>
      <object_component id="oc-596">
         <name>__TI_cinit_table</name>
         <load_address>0x121a8</load_address>
         <run_address>0x121a8</run_address>
         <size>0x10</size>
      </object_component>
      <object_component id="oc-2a">
         <name>.sysmem</name>
         <uninitialized>true</uninitialized>
         <run_address>0x20004000</run_address>
         <size>0x8</size>
         <input_file_ref idref="fl-156"/>
      </object_component>
      <object_component id="oc-59a">
         <name>.sysmem</name>
         <uninitialized>true</uninitialized>
         <run_address>0x20004000</run_address>
         <size>0x0</size>
      </object_component>
      <object_component id="oc-29">
         <name>.stack</name>
         <uninitialized>true</uninitialized>
         <run_address>0x20000000</run_address>
         <size>0x0</size>
         <input_file_ref idref="fl-14f"/>
      </object_component>
      <object_component id="oc-599">
         <name>.stack</name>
         <uninitialized>true</uninitialized>
         <run_address>0x20000000</run_address>
         <size>0x0</size>
      </object_component>
      <object_component id="oc-97">
         <name>.bss:g_pcUARTTxBuffer</name>
         <uninitialized>true</uninitialized>
         <run_address>0x200085d4</run_address>
         <size>0x400</size>
         <input_file_ref idref="fl-28"/>
      </object_component>
      <object_component id="oc-9a">
         <name>.bss:g_pcUARTRxBuffer</name>
         <uninitialized>true</uninitialized>
         <run_address>0x200089d4</run_address>
         <size>0x80</size>
         <input_file_ref idref="fl-28"/>
      </object_component>
      <object_component id="oc-bc">
         <name>.common:g_ui32SysClock</name>
         <uninitialized>true</uninitialized>
         <run_address>0x20008a58</run_address>
         <size>0x4</size>
      </object_component>
      <object_component id="oc-a2">
         <name>.common:g_bDisableEcho</name>
         <uninitialized>true</uninitialized>
         <run_address>0x20008a5c</run_address>
         <size>0x1</size>
      </object_component>
      <object_component id="oc-94">
         <name>.common:g_ui32PortNum</name>
         <uninitialized>true</uninitialized>
         <run_address>0x20008a54</run_address>
         <size>0x4</size>
      </object_component>
      <object_component id="oc-334">
         <name>.data</name>
         <load_address>0x20008565</load_address>
         <run_address>0x20008565</run_address>
         <size>0x20</size>
         <input_file_ref idref="fl-2"/>
      </object_component>
      <object_component id="oc-1c7">
         <name>.data</name>
         <load_address>0x20008474</load_address>
         <run_address>0x20008474</run_address>
         <size>0x4</size>
         <input_file_ref idref="fl-3"/>
      </object_component>
      <object_component id="oc-11d">
         <name>.data</name>
         <load_address>0x2000859e</load_address>
         <run_address>0x2000859e</run_address>
         <size>0x2</size>
         <input_file_ref idref="fl-6"/>
      </object_component>
      <object_component id="oc-299">
         <name>.data:lic_field_type</name>
         <load_address>0x200081c4</load_address>
         <run_address>0x200081c4</run_address>
         <size>0x100</size>
         <input_file_ref idref="fl-d"/>
      </object_component>
      <object_component id="oc-29c">
         <name>.data:lic_tag_id</name>
         <load_address>0x200082c4</load_address>
         <run_address>0x200082c4</run_address>
         <size>0x100</size>
         <input_file_ref idref="fl-d"/>
      </object_component>
      <object_component id="oc-296">
         <name>.data</name>
         <load_address>0x20008538</load_address>
         <run_address>0x20008538</run_address>
         <size>0x2d</size>
         <input_file_ref idref="fl-d"/>
      </object_component>
      <object_component id="oc-177">
         <name>.data:pubkey</name>
         <load_address>0x20008000</load_address>
         <run_address>0x20008000</run_address>
         <size>0x1c4</size>
         <input_file_ref idref="fl-f"/>
      </object_component>
      <object_component id="oc-362">
         <name>.data:devid</name>
         <load_address>0x200084f8</load_address>
         <run_address>0x200084f8</run_address>
         <size>0x40</size>
         <input_file_ref idref="fl-21"/>
      </object_component>
      <object_component id="oc-35f">
         <name>.data</name>
         <load_address>0x20008586</load_address>
         <run_address>0x20008586</run_address>
         <size>0x2</size>
         <input_file_ref idref="fl-21"/>
      </object_component>
      <object_component id="oc-b9">
         <name>.data</name>
         <load_address>0x200085c4</load_address>
         <run_address>0x200085c4</run_address>
         <size>0x4</size>
         <input_file_ref idref="fl-23"/>
      </object_component>
      <object_component id="oc-8e">
         <name>.data</name>
         <load_address>0x20008588</load_address>
         <run_address>0x20008588</run_address>
         <size>0x15</size>
         <input_file_ref idref="fl-28"/>
      </object_component>
      <object_component id="oc-ee">
         <name>.data</name>
         <load_address>0x200085b4</load_address>
         <run_address>0x200085b4</run_address>
         <size>0x8</size>
         <input_file_ref idref="fl-153"/>
      </object_component>
      <object_component id="oc-4a4">
         <name>.data</name>
         <load_address>0x200085a0</load_address>
         <run_address>0x200085a0</run_address>
         <size>0xc</size>
         <input_file_ref idref="fl-156"/>
      </object_component>
      <object_component id="oc-4cc">
         <name>.data</name>
         <load_address>0x200085cc</load_address>
         <run_address>0x200085cc</run_address>
         <size>0x4</size>
         <input_file_ref idref="fl-159"/>
      </object_component>
      <object_component id="oc-7f">
         <name>.data</name>
         <load_address>0x200085d0</load_address>
         <run_address>0x200085d0</run_address>
         <size>0x4</size>
         <input_file_ref idref="fl-15a"/>
      </object_component>
      <object_component id="oc-eb">
         <name>.data</name>
         <load_address>0x200085ac</load_address>
         <run_address>0x200085ac</run_address>
         <size>0x8</size>
         <input_file_ref idref="fl-161"/>
      </object_component>
      <object_component id="oc-37e">
         <name>.data</name>
         <load_address>0x20008478</load_address>
         <run_address>0x20008478</run_address>
         <size>0x80</size>
         <input_file_ref idref="fl-178"/>
      </object_component>
      <object_component id="oc-389">
         <name>.data</name>
         <load_address>0x200085c8</load_address>
         <run_address>0x200085c8</run_address>
         <size>0x4</size>
         <input_file_ref idref="fl-179"/>
      </object_component>
      <object_component id="oc-40a">
         <name>.data</name>
         <load_address>0x200085bc</load_address>
         <run_address>0x200085bc</run_address>
         <size>0x8</size>
         <input_file_ref idref="fl-17a"/>
      </object_component>
      <object_component id="oc-504">
         <name>.data:sigtable</name>
         <load_address>0x200083c4</load_address>
         <run_address>0x200083c4</run_address>
         <size>0xb0</size>
         <input_file_ref idref="fl-17c"/>
      </object_component>
      <object_component id="oc-116">
         <name>.debug_info</name>
         <load_address>0x0</load_address>
         <run_address>0x0</run_address>
         <size>0x3e0</size>
         <input_file_ref idref="fl-2"/>
      </object_component>
      <object_component id="oc-335">
         <name>.debug_info</name>
         <load_address>0x3e0</load_address>
         <run_address>0x3e0</run_address>
         <size>0xda</size>
         <input_file_ref idref="fl-2"/>
      </object_component>
      <object_component id="oc-338">
         <name>.debug_info</name>
         <load_address>0x4ba</load_address>
         <run_address>0x4ba</run_address>
         <size>0x111</size>
         <input_file_ref idref="fl-2"/>
      </object_component>
      <object_component id="oc-2a0">
         <name>.debug_info</name>
         <load_address>0x5cb</load_address>
         <run_address>0x5cb</run_address>
         <size>0xb00</size>
         <input_file_ref idref="fl-2"/>
      </object_component>
      <object_component id="oc-17b">
         <name>.debug_info</name>
         <load_address>0x10cb</load_address>
         <run_address>0x10cb</run_address>
         <size>0x551</size>
         <input_file_ref idref="fl-2"/>
      </object_component>
      <object_component id="oc-1dd">
         <name>.debug_info</name>
         <load_address>0x161c</load_address>
         <run_address>0x161c</run_address>
         <size>0x133</size>
         <input_file_ref idref="fl-2"/>
      </object_component>
      <object_component id="oc-c2">
         <name>.debug_info</name>
         <load_address>0x174f</load_address>
         <run_address>0x174f</run_address>
         <size>0x84</size>
         <input_file_ref idref="fl-2"/>
      </object_component>
      <object_component id="oc-a9">
         <name>.debug_info</name>
         <load_address>0x17d3</load_address>
         <run_address>0x17d3</run_address>
         <size>0x18b</size>
         <input_file_ref idref="fl-2"/>
      </object_component>
      <object_component id="oc-12b">
         <name>.debug_info</name>
         <load_address>0x195e</load_address>
         <run_address>0x195e</run_address>
         <size>0xb7</size>
         <input_file_ref idref="fl-2"/>
      </object_component>
      <object_component id="oc-2e1">
         <name>.debug_info</name>
         <load_address>0x1a15</load_address>
         <run_address>0x1a15</run_address>
         <size>0x46</size>
         <input_file_ref idref="fl-2"/>
      </object_component>
      <object_component id="oc-ae">
         <name>.debug_info</name>
         <load_address>0x1a5b</load_address>
         <run_address>0x1a5b</run_address>
         <size>0x4e</size>
         <input_file_ref idref="fl-2"/>
      </object_component>
      <object_component id="oc-19b">
         <name>.debug_info</name>
         <load_address>0x1aa9</load_address>
         <run_address>0x1aa9</run_address>
         <size>0x76</size>
         <input_file_ref idref="fl-2"/>
      </object_component>
      <object_component id="oc-122">
         <name>.debug_info</name>
         <load_address>0x1b1f</load_address>
         <run_address>0x1b1f</run_address>
         <size>0x1ea</size>
         <input_file_ref idref="fl-2"/>
      </object_component>
      <object_component id="oc-1d7">
         <name>.debug_info</name>
         <load_address>0x1d09</load_address>
         <run_address>0x1d09</run_address>
         <size>0x3a2</size>
         <input_file_ref idref="fl-3"/>
      </object_component>
      <object_component id="oc-1c8">
         <name>.debug_info</name>
         <load_address>0x20ab</load_address>
         <run_address>0x20ab</run_address>
         <size>0xef</size>
         <input_file_ref idref="fl-3"/>
      </object_component>
      <object_component id="oc-1d1">
         <name>.debug_info</name>
         <load_address>0x219a</load_address>
         <run_address>0x219a</run_address>
         <size>0xf0</size>
         <input_file_ref idref="fl-3"/>
      </object_component>
      <object_component id="oc-1d4">
         <name>.debug_info</name>
         <load_address>0x228a</load_address>
         <run_address>0x228a</run_address>
         <size>0xd2</size>
         <input_file_ref idref="fl-3"/>
      </object_component>
      <object_component id="oc-14d">
         <name>.debug_info</name>
         <load_address>0x235c</load_address>
         <run_address>0x235c</run_address>
         <size>0x8dc</size>
         <input_file_ref idref="fl-3"/>
      </object_component>
      <object_component id="oc-1d8">
         <name>.debug_info</name>
         <load_address>0x2c38</load_address>
         <run_address>0x2c38</run_address>
         <size>0x2c</size>
         <input_file_ref idref="fl-3"/>
      </object_component>
      <object_component id="oc-34f">
         <name>.debug_info</name>
         <load_address>0x2c64</load_address>
         <run_address>0x2c64</run_address>
         <size>0x386</size>
         <input_file_ref idref="fl-4"/>
      </object_component>
      <object_component id="oc-349">
         <name>.debug_info</name>
         <load_address>0x2fea</load_address>
         <run_address>0x2fea</run_address>
         <size>0x10e</size>
         <input_file_ref idref="fl-4"/>
      </object_component>
      <object_component id="oc-34c">
         <name>.debug_info</name>
         <load_address>0x30f8</load_address>
         <run_address>0x30f8</run_address>
         <size>0xd2</size>
         <input_file_ref idref="fl-4"/>
      </object_component>
      <object_component id="oc-2ac">
         <name>.debug_info</name>
         <load_address>0x31ca</load_address>
         <run_address>0x31ca</run_address>
         <size>0x56b</size>
         <input_file_ref idref="fl-4"/>
      </object_component>
      <object_component id="oc-3a3">
         <name>.debug_info</name>
         <load_address>0x3735</load_address>
         <run_address>0x3735</run_address>
         <size>0x221</size>
         <input_file_ref idref="fl-5"/>
      </object_component>
      <object_component id="oc-39d">
         <name>.debug_info</name>
         <load_address>0x3956</load_address>
         <run_address>0x3956</run_address>
         <size>0xcc</size>
         <input_file_ref idref="fl-5"/>
      </object_component>
      <object_component id="oc-3a0">
         <name>.debug_info</name>
         <load_address>0x3a22</load_address>
         <run_address>0x3a22</run_address>
         <size>0xcc</size>
         <input_file_ref idref="fl-5"/>
      </object_component>
      <object_component id="oc-330">
         <name>.debug_info</name>
         <load_address>0x3aee</load_address>
         <run_address>0x3aee</run_address>
         <size>0x9a8</size>
         <input_file_ref idref="fl-5"/>
      </object_component>
      <object_component id="oc-121">
         <name>.debug_info</name>
         <load_address>0x4496</load_address>
         <run_address>0x4496</run_address>
         <size>0x208</size>
         <input_file_ref idref="fl-6"/>
      </object_component>
      <object_component id="oc-11e">
         <name>.debug_info</name>
         <load_address>0x469e</load_address>
         <run_address>0x469e</run_address>
         <size>0xe5</size>
         <input_file_ref idref="fl-6"/>
      </object_component>
      <object_component id="oc-b4">
         <name>.debug_info</name>
         <load_address>0x4783</load_address>
         <run_address>0x4783</run_address>
         <size>0x305</size>
         <input_file_ref idref="fl-6"/>
      </object_component>
      <object_component id="oc-3f2">
         <name>.debug_info</name>
         <load_address>0x4a88</load_address>
         <run_address>0x4a88</run_address>
         <size>0x110</size>
         <input_file_ref idref="fl-6"/>
      </object_component>
      <object_component id="oc-2e6">
         <name>.debug_info</name>
         <load_address>0x4b98</load_address>
         <run_address>0x4b98</run_address>
         <size>0x2e3</size>
         <input_file_ref idref="fl-7"/>
      </object_component>
      <object_component id="oc-2a6">
         <name>.debug_info</name>
         <load_address>0x4e7b</load_address>
         <run_address>0x4e7b</run_address>
         <size>0x2d3</size>
         <input_file_ref idref="fl-7"/>
      </object_component>
      <object_component id="oc-205">
         <name>.debug_info</name>
         <load_address>0x514e</load_address>
         <run_address>0x514e</run_address>
         <size>0xf9</size>
         <input_file_ref idref="fl-7"/>
      </object_component>
      <object_component id="oc-20a">
         <name>.debug_info</name>
         <load_address>0x5247</load_address>
         <run_address>0x5247</run_address>
         <size>0x18e</size>
         <input_file_ref idref="fl-7"/>
      </object_component>
      <object_component id="oc-36b">
         <name>.debug_info</name>
         <load_address>0x53d5</load_address>
         <run_address>0x53d5</run_address>
         <size>0x99</size>
         <input_file_ref idref="fl-7"/>
      </object_component>
      <object_component id="oc-d2">
         <name>.debug_info</name>
         <load_address>0x546e</load_address>
         <run_address>0x546e</run_address>
         <size>0x2c</size>
         <input_file_ref idref="fl-7"/>
      </object_component>
      <object_component id="oc-2cd">
         <name>.debug_info</name>
         <load_address>0x549a</load_address>
         <run_address>0x549a</run_address>
         <size>0x3e6</size>
         <input_file_ref idref="fl-a"/>
      </object_component>
      <object_component id="oc-2c1">
         <name>.debug_info</name>
         <load_address>0x5880</load_address>
         <run_address>0x5880</run_address>
         <size>0xd3</size>
         <input_file_ref idref="fl-a"/>
      </object_component>
      <object_component id="oc-2c4">
         <name>.debug_info</name>
         <load_address>0x5953</load_address>
         <run_address>0x5953</run_address>
         <size>0x12d</size>
         <input_file_ref idref="fl-a"/>
      </object_component>
      <object_component id="oc-1cb">
         <name>.debug_info</name>
         <load_address>0x5a80</load_address>
         <run_address>0x5a80</run_address>
         <size>0x8c3</size>
         <input_file_ref idref="fl-a"/>
      </object_component>
      <object_component id="oc-2b7">
         <name>.debug_info</name>
         <load_address>0x6343</load_address>
         <run_address>0x6343</run_address>
         <size>0x151</size>
         <input_file_ref idref="fl-b"/>
      </object_component>
      <object_component id="oc-1c3">
         <name>.debug_info</name>
         <load_address>0x6494</load_address>
         <run_address>0x6494</run_address>
         <size>0x40d</size>
         <input_file_ref idref="fl-b"/>
      </object_component>
      <object_component id="oc-35a">
         <name>.debug_info</name>
         <load_address>0x68a1</load_address>
         <run_address>0x68a1</run_address>
         <size>0x2e1</size>
         <input_file_ref idref="fl-c"/>
      </object_component>
      <object_component id="oc-357">
         <name>.debug_info</name>
         <load_address>0x6b82</load_address>
         <run_address>0x6b82</run_address>
         <size>0xd7</size>
         <input_file_ref idref="fl-c"/>
      </object_component>
      <object_component id="oc-2be">
         <name>.debug_info</name>
         <load_address>0x6c59</load_address>
         <run_address>0x6c59</run_address>
         <size>0x2e1</size>
         <input_file_ref idref="fl-c"/>
      </object_component>
      <object_component id="oc-2b5">
         <name>.debug_info</name>
         <load_address>0x6f3a</load_address>
         <run_address>0x6f3a</run_address>
         <size>0x474</size>
         <input_file_ref idref="fl-d"/>
      </object_component>
      <object_component id="oc-29a">
         <name>.debug_info</name>
         <load_address>0x73ae</load_address>
         <run_address>0x73ae</run_address>
         <size>0xe0</size>
         <input_file_ref idref="fl-d"/>
      </object_component>
      <object_component id="oc-29d">
         <name>.debug_info</name>
         <load_address>0x748e</load_address>
         <run_address>0x748e</run_address>
         <size>0xd8</size>
         <input_file_ref idref="fl-d"/>
      </object_component>
      <object_component id="oc-297">
         <name>.debug_info</name>
         <load_address>0x7566</load_address>
         <run_address>0x7566</run_address>
         <size>0xed</size>
         <input_file_ref idref="fl-d"/>
      </object_component>
      <object_component id="oc-294">
         <name>.debug_info</name>
         <load_address>0x7653</load_address>
         <run_address>0x7653</run_address>
         <size>0x16c</size>
         <input_file_ref idref="fl-d"/>
      </object_component>
      <object_component id="oc-2b2">
         <name>.debug_info</name>
         <load_address>0x77bf</load_address>
         <run_address>0x77bf</run_address>
         <size>0xd2</size>
         <input_file_ref idref="fl-d"/>
      </object_component>
      <object_component id="oc-1bc">
         <name>.debug_info</name>
         <load_address>0x7891</load_address>
         <run_address>0x7891</run_address>
         <size>0x189e</size>
         <input_file_ref idref="fl-d"/>
      </object_component>
      <object_component id="oc-180">
         <name>.debug_info</name>
         <load_address>0x912f</load_address>
         <run_address>0x912f</run_address>
         <size>0x4a3</size>
         <input_file_ref idref="fl-f"/>
      </object_component>
      <object_component id="oc-178">
         <name>.debug_info</name>
         <load_address>0x95d2</load_address>
         <run_address>0x95d2</run_address>
         <size>0xd3</size>
         <input_file_ref idref="fl-f"/>
      </object_component>
      <object_component id="oc-16f">
         <name>.debug_info</name>
         <load_address>0x96a5</load_address>
         <run_address>0x96a5</run_address>
         <size>0xd5</size>
         <input_file_ref idref="fl-f"/>
      </object_component>
      <object_component id="oc-169">
         <name>.debug_info</name>
         <load_address>0x977a</load_address>
         <run_address>0x977a</run_address>
         <size>0xd4</size>
         <input_file_ref idref="fl-f"/>
      </object_component>
      <object_component id="oc-16c">
         <name>.debug_info</name>
         <load_address>0x984e</load_address>
[...]
      </symbol>
      <symbol id="sm-d88">
         <name>fit_time_init</name>
         <value>0xee89</value>
         <object_component_ref idref="oc-39"/>
      </symbol>
      <symbol id="sm-d89">
         <name>fit_time_get</name>
         <value>0xee41</value>
         <object_component_ref idref="oc-39"/>
      </symbol>
      <symbol id="sm-d8a">
         <name>fit_time_set</name>
         <value>0xee59</value>
         <object_component_ref idref="oc-39"/>
      </symbol>
      <symbol id="sm-d8b">
         <name>Timer0IntHandler</name>
         <value>0xee6f</value>
         <object_component_ref idref="oc-39"/>
      </symbol>
      <symbol id="sm-d9d">
         <name>fit_led_on</name>
         <value>0xf4b5</value>
         <object_component_ref idref="oc-144"/>
      </symbol>
      <symbol id="sm-d9e">
         <name>fit_led_init</name>
         <value>0xf4d1</value>
         <object_component_ref idref="oc-144"/>
      </symbol>
      <symbol id="sm-d9f">
         <name>fit_led_off</name>
         <value>0xf4c3</value>
         <object_component_ref idref="oc-144"/>
      </symbol>
      <symbol id="sm-dac">
         <name>read_ram_u8</name>
         <value>0xfc0b</value>
         <object_component_ref idref="oc-171"/>
      </symbol>
      <symbol id="sm-dc8">
         <name>ResetISR</name>
         <value>0xfc25</value>
         <object_component_ref idref="oc-2d"/>
      </symbol>
      <symbol id="sm-dc9">
         <name>g_pfnVectors</name>
         <value>0x0</value>
         <object_component_ref idref="oc-f"/>
      </symbol>
      <symbol id="sm-de6">
         <name>fit_uart_getc</name>
         <value>0xefb9</value>
         <object_component_ref idref="oc-88"/>
      </symbol>
      <symbol id="sm-de7">
         <name>fit_uart_init</name>
         <value>0xef3d</value>
         <object_component_ref idref="oc-88"/>
      </symbol>
      <symbol id="sm-de8">
         <name>fit_uart_getchar</name>
         <value>0xefcd</value>
         <object_component_ref idref="oc-88"/>
      </symbol>
      <symbol id="sm-de9">
         <name>__error__</name>
         <value>0xef31</value>
         <object_component_ref idref="oc-88"/>
      </symbol>
      <symbol id="sm-dea">
         <name>fit_uart_putc</name>
         <value>0xef99</value>
         <object_component_ref idref="oc-88"/>
      </symbol>
      <symbol id="sm-eb7">
         <name>UARTTxBytesFree</name>
         <value>0x873d</value>
         <object_component_ref idref="oc-33"/>
      </symbol>
      <symbol id="sm-eb8">
         <name>UARTFlushRx</name>
         <value>0x87ab</value>
         <object_component_ref idref="oc-33"/>
      </symbol>
      <symbol id="sm-eb9">
         <name>UARTgetc</name>
         <value>0x8391</value>
         <object_component_ref idref="oc-33"/>
      </symbol>
      <symbol id="sm-eba">
         <name>UARTgets</name>
         <value>0x82cb</value>
         <object_component_ref idref="oc-33"/>
      </symbol>
      <symbol id="sm-ebb">
         <name>UARTFlushTx</name>
         <value>0x87d3</value>
         <object_component_ref idref="oc-33"/>
      </symbol>
      <symbol id="sm-ebc">
         <name>UARTStdioConfig</name>
         <value>0x8159</value>
         <object_component_ref idref="oc-33"/>
      </symbol>
      <symbol id="sm-ebd">
         <name>UARTStdioIntHandler</name>
         <value>0x8845</value>
         <object_component_ref idref="oc-33"/>
      </symbol>
      <symbol id="sm-ebe">
         <name>UARTRxBytesAvail</name>
         <value>0x872f</value>
         <object_component_ref idref="oc-33"/>
      </symbol>
      <symbol id="sm-ebf">
         <name>UARTwrite</name>
         <value>0x823b</value>
         <object_component_ref idref="oc-33"/>
      </symbol>
      <symbol id="sm-ec0">
         <name>UARTPeek</name>
         <value>0x8751</value>
         <object_component_ref idref="oc-33"/>
      </symbol>
      <symbol id="sm-ec1">
         <name>UARTEchoSet</name>
         <value>0x8811</value>
         <object_component_ref idref="oc-33"/>
      </symbol>
      <symbol id="sm-ec2">
         <name>UARTprintf</name>
         <value>0x870b</value>
         <object_component_ref idref="oc-33"/>
      </symbol>
      <symbol id="sm-ec3">
         <name>UARTvprintf</name>
         <value>0x83dd</value>
         <object_component_ref idref="oc-33"/>
      </symbol>
      <symbol id="sm-ed5">
         <name>_c_int00</name>
         <value>0xf615</value>
         <object_component_ref idref="oc-24"/>
      </symbol>
      <symbol id="sm-ed6">
         <name>__stack</name>
         <value>0x20000000</value>
         <object_component_ref idref="oc-29"/>
      </symbol>
      <symbol id="sm-eed">
         <name>__TI_decompress_none</name>
         <value>0xfbfd</value>
         <object_component_ref idref="oc-12"/>
      </symbol>
      <symbol id="sm-f10">
         <name>__TI_decompress_rle24</name>
         <value>0xfc37</value>
         <object_component_ref idref="oc-18"/>
      </symbol>
      <symbol id="sm-f22">
         <name>__TI_zero_init</name>
         <value>0xfc19</value>
         <object_component_ref idref="oc-1e"/>
      </symbol>
      <symbol id="sm-f41">
         <name>C$$EXIT</name>
         <value>0xf86d</value>
         <object_component_ref idref="oc-79"/>
      </symbol>
      <symbol id="sm-f42">
         <name>abort</name>
         <value>0xf871</value>
         <object_component_ref idref="oc-79"/>
      </symbol>
      <symbol id="sm-f43">
         <name>exit</name>
         <value>0xf879</value>
         <object_component_ref idref="oc-79"/>
      </symbol>
      <symbol id="sm-f44">
         <name>__TI_dtors_ptr</name>
         <value>0x200085b8</value>
         <object_component_ref idref="oc-ee"/>
      </symbol>
      <symbol id="sm-f45">
         <name>__TI_cleanup_ptr</name>
         <value>0x200085b4</value>
         <object_component_ref idref="oc-ee"/>
      </symbol>
      <symbol id="sm-f55">
         <name>memcmp</name>
         <value>0xfb15</value>
         <object_component_ref idref="oc-448"/>
      </symbol>
      <symbol id="sm-f70">
         <name>memcpy</name>
         <value>0xf155</value>
         <object_component_ref idref="oc-42"/>
      </symbol>
      <symbol id="sm-f71">
         <name>__aeabi_memcpy</name>
         <value>0xf155</value>
         <object_component_ref idref="oc-42"/>
      </symbol>
      <symbol id="sm-f72">
         <name>__aeabi_memcpy8</name>
         <value>0xf155</value>
         <object_component_ref idref="oc-42"/>
      </symbol>
      <symbol id="sm-f73">
         <name>__aeabi_memcpy4</name>
         <value>0xf155</value>
         <object_component_ref idref="oc-42"/>
      </symbol>
      <symbol id="sm-fea">
         <name>_sys_memory</name>
         <value>0x20004000</value>
         <object_component_ref idref="oc-2a"/>
      </symbol>
      <symbol id="sm-feb">
         <name>free</name>
         <value>0xd5eb</value>
         <object_component_ref idref="oc-41e"/>
      </symbol>
      <symbol id="sm-fec">
         <name>realloc</name>
         <value>0xd6ad</value>
         <object_component_ref idref="oc-41e"/>
      </symbol>
      <symbol id="sm-fed">
         <name>memalign</name>
         <value>0xd7b9</value>
         <object_component_ref idref="oc-41e"/>
      </symbol>
      <symbol id="sm-fee">
         <name>calloc</name>
         <value>0xd89d</value>
         <object_component_ref idref="oc-41e"/>
      </symbol>
      <symbol id="sm-fef">
         <name>malloc</name>
         <value>0xd583</value>
         <object_component_ref idref="oc-41e"/>
      </symbol>
      <symbol id="sm-ff0">
         <name>minit</name>
         <value>0xd4f5</value>
         <object_component_ref idref="oc-41e"/>
      </symbol>
      <symbol id="sm-fff">
         <name>__aeabi_memset</name>
         <value>0xf2ff</value>
         <object_component_ref idref="oc-5b"/>
      </symbol>
      <symbol id="sm-1000">
         <name>memset</name>
         <value>0xf305</value>
         <object_component_ref idref="oc-5b"/>
      </symbol>
      <symbol id="sm-1001">
         <name>__aeabi_memset8</name>
         <value>0xf2ff</value>
         <object_component_ref idref="oc-5b"/>
      </symbol>
      <symbol id="sm-1002">
         <name>__aeabi_memset4</name>
         <value>0xf2ff</value>
         <object_component_ref idref="oc-5b"/>
      </symbol>
      <symbol id="sm-1003">
         <name>__aeabi_memclr8</name>
         <value>0xf2fd</value>
         <object_component_ref idref="oc-5b"/>
      </symbol>
      <symbol id="sm-1004">
         <name>__aeabi_memclr4</name>
         <value>0xf2fd</value>
         <object_component_ref idref="oc-5b"/>
      </symbol>
      <symbol id="sm-1005">
         <name>__aeabi_memclr</name>
         <value>0xf2fd</value>
         <object_component_ref idref="oc-5b"/>
      </symbol>
      <symbol id="sm-100f">
         <name>_system_pre_init</name>
         <value>0xfc3d</value>
         <object_component_ref idref="oc-67"/>
      </symbol>
      <symbol id="sm-1029">
         <name>rand</name>
         <value>0xf75f</value>
         <object_component_ref idref="oc-450"/>
      </symbol>
      <symbol id="sm-102a">
         <name>srand</name>
         <value>0xf749</value>
         <object_component_ref idref="oc-450"/>
      </symbol>
      <symbol id="sm-1032">
         <name>main_func_sp</name>
         <value>0x200085d0</value>
         <object_component_ref idref="oc-7f"/>
      </symbol>
      <symbol id="sm-1041">
         <name>strcmp</name>
         <value>0xfba5</value>
         <object_component_ref idref="oc-418"/>
      </symbol>
      <symbol id="sm-104f">
         <name>strlen</name>
         <value>0xfbe9</value>
         <object_component_ref idref="oc-217"/>
      </symbol>
      <symbol id="sm-1062">
         <name>strstr</name>
         <value>0xf9d1</value>
         <object_component_ref idref="oc-47a"/>
      </symbol>
      <symbol id="sm-1074">
         <name>__aeabi_uidivmod</name>
         <value>0xf8f1</value>
         <object_component_ref idref="oc-9d"/>
      </symbol>
      <symbol id="sm-1075">
         <name>__aeabi_uidiv</name>
         <value>0xf8f1</value>
         <object_component_ref idref="oc-9d"/>
      </symbol>
      <symbol id="sm-109f">
         <name>__aeabi_uldivmod</name>
         <value>0xdded</value>
         <object_component_ref idref="oc-212"/>
      </symbol>
      <symbol id="sm-10b8">
         <name>vsprintf</name>
         <value>0xf825</value>
         <object_component_ref idref="oc-117"/>
      </symbol>
      <symbol id="sm-10d1">
         <name>_nop</name>
         <value>0xfbe3</value>
         <object_component_ref idref="oc-188"/>
      </symbol>
      <symbol id="sm-10d2">
         <name>_lock</name>
         <value>0x200085ac</value>
         <object_component_ref idref="oc-eb"/>
      </symbol>
      <symbol id="sm-10d3">
         <name>_unlock</name>
         <value>0x200085b0</value>
         <object_component_ref idref="oc-eb"/>
      </symbol>
      <symbol id="sm-10d4">
         <name>_register_lock</name>
         <value>0xfbdb</value>
         <object_component_ref idref="oc-188"/>
      </symbol>
      <symbol id="sm-10d5">
         <name>_register_unlock</name>
         <value>0xfbd5</value>
         <object_component_ref idref="oc-188"/>
      </symbol>
      <symbol id="sm-11da">
         <name>__TI_printfi</name>
         <value>0x7d3d</value>
         <object_component_ref idref="oc-1a0"/>
      </symbol>
      <symbol id="sm-11ef">
         <name>_args_main</name>
         <value>0xfb8d</value>
         <object_component_ref idref="oc-73"/>
      </symbol>
      <symbol id="sm-1205">
         <name>atoi</name>
         <value>0xf6b1</value>
         <object_component_ref idref="oc-264"/>
      </symbol>
      <symbol id="sm-122b">
         <name>__TI_auto_init</name>
         <value>0xf379</value>
         <object_component_ref idref="oc-6d"/>
      </symbol>
      <symbol id="sm-1245">
         <name>copy_in</name>
         <value>0xf6fd</value>
         <object_component_ref idref="oc-db"/>
      </symbol>
      <symbol id="sm-1250">
         <name>_ctypes_</name>
         <value>0x11190</value>
         <object_component_ref idref="oc-30f"/>
      </symbol>
      <symbol id="sm-1274">
         <name>__aeabi_dsub</name>
         <value>0xe571</value>
         <object_component_ref idref="oc-241"/>
      </symbol>
      <symbol id="sm-1275">
         <name>__aeabi_dadd</name>
         <value>0xe57b</value>
         <object_component_ref idref="oc-241"/>
      </symbol>
      <symbol id="sm-129c">
         <name>__aeabi_cdcmpeq</name>
         <value>0xf1f1</value>
         <object_component_ref idref="oc-21d"/>
      </symbol>
      <symbol id="sm-129d">
         <name>__aeabi_cdcmple</name>
         <value>0xf1f1</value>
         <object_component_ref idref="oc-21d"/>
      </symbol>
      <symbol id="sm-129e">
         <name>__aeabi_cdrcmple</name>
         <value>0xf277</value>
         <object_component_ref idref="oc-22c"/>
      </symbol>
      <symbol id="sm-12be">
         <name>__aeabi_ddiv</name>
         <value>0xe899</value>
         <object_component_ref idref="oc-227"/>
      </symbol>
      <symbol id="sm-12d5">
         <name>__aeabi_dmul</name>
         <value>0xed45</value>
         <object_component_ref idref="oc-222"/>
      </symbol>
      <symbol id="sm-12e3">
         <name>__aeabi_d2iz</name>
         <value>0xf7dd</value>
         <object_component_ref idref="oc-231"/>
      </symbol>
      <symbol id="sm-12f0">
         <name>frexp</name>
         <value>0xfaeb</value>
         <object_component_ref idref="oc-246"/>
      </symbol>
      <symbol id="sm-12fa">
         <name>__aeabi_idiv0</name>
         <value>0x8043</value>
         <object_component_ref idref="oc-10f"/>
      </symbol>
      <symbol id="sm-1306">
         <name>__aeabi_i2d</name>
         <value>0xfa65</value>
         <object_component_ref idref="oc-23c"/>
      </symbol>
      <symbol id="sm-1317">
         <name>ldexp</name>
         <value>0xf5c1</value>
         <object_component_ref idref="oc-24c"/>
      </symbol>
      <symbol id="sm-1326">
         <name>ltoa</name>
         <value>0xf515</value>
         <object_component_ref idref="oc-236"/>
      </symbol>
      <symbol id="sm-1336">
         <name>memccpy</name>
         <value>0xfb59</value>
         <object_component_ref idref="oc-25e"/>
      </symbol>
      <symbol id="sm-1346">
         <name>strchr</name>
         <value>0xfbbd</value>
         <object_component_ref idref="oc-252"/>
      </symbol>
      <symbol id="sm-1354">
         <name>_Dclass</name>
         <value>0xfa05</value>
         <object_component_ref idref="oc-258"/>
      </symbol>
      <symbol id="sm-1375">
         <name>_Dscale</name>
         <value>0xec35</value>
         <object_component_ref idref="oc-2fb"/>
      </symbol>
      <symbol id="sm-1389">
         <name>_Dunscale</name>
         <value>0xf44f</value>
         <object_component_ref idref="oc-2f3"/>
      </symbol>
      <symbol id="sm-1398">
         <name>_Feraise</name>
         <value>0xfa35</value>
         <object_component_ref idref="oc-301"/>
      </symbol>
      <symbol id="sm-13a8">
         <name>_Rteps</name>
         <value>0x200084d8</value>
         <object_component_ref idref="oc-37e"/>
      </symbol>
      <symbol id="sm-13a9">
         <name>_Zero</name>
         <value>0x200084f0</value>
         <object_component_ref idref="oc-37e"/>
      </symbol>
      <symbol id="sm-13aa">
         <name>_Hugeval</name>
         <value>0x20008498</value>
         <object_component_ref idref="oc-37e"/>
      </symbol>
      <symbol id="sm-13ab">
         <name>_Snan</name>
         <value>0x200084c8</value>
         <object_component_ref idref="oc-37e"/>
      </symbol>
      <symbol id="sm-13ac">
         <name>_Nan</name>
         <value>0x200084b8</value>
         <object_component_ref idref="oc-37e"/>
      </symbol>
      <symbol id="sm-13ad">
         <name>_Inf</name>
         <value>0x200084a8</value>
         <object_component_ref idref="oc-37e"/>
      </symbol>
      <symbol id="sm-13ae">
         <name>_Xbig</name>
         <value>0x200084e8</value>
         <object_component_ref idref="oc-37e"/>
      </symbol>
      <symbol id="sm-13af">
         <name>_Eps</name>
         <value>0x20008488</value>
         <object_component_ref idref="oc-37e"/>
      </symbol>
      <symbol id="sm-13b0">
         <name>_Denorm</name>
         <value>0x20008478</value>
         <object_component_ref idref="oc-37e"/>
      </symbol>
      <symbol id="sm-13b8">
         <name>_Errno</name>
         <value>0x200085c8</value>
         <object_component_ref idref="oc-389"/>
      </symbol>
      <symbol id="sm-13d6">
         <name>feraiseexcept</name>
         <value>0xf99d</value>
         <object_component_ref idref="oc-383"/>
      </symbol>
      <symbol id="sm-13d7">
         <name>_Tls_setup__Fenv</name>
         <value>0x200085c0</value>
         <object_component_ref idref="oc-40a"/>
      </symbol>
      <symbol id="sm-13d8">
         <name>_Fenv</name>
         <value>0x200085bc</value>
         <object_component_ref idref="oc-40a"/>
      </symbol>
      <symbol id="sm-13ec">
         <name>raise</name>
         <value>0xfa93</value>
         <object_component_ref idref="oc-404"/>
      </symbol>
      <symbol id="sm-1406">
         <name>signal</name>
         <value>0xf8b1</value>
         <object_component_ref idref="oc-491"/>
      </symbol>
      <symbol id="sm-141b">
         <name>_Dnorm</name>
         <value>0xeff9</value>
         <object_component_ref idref="oc-374"/>
      </symbol>
      <symbol id="sm-1442">
         <name>GPIOPinTypeGPIOOutput</name>
         <value>0xfb75</value>
         <object_component_ref idref="oc-15c"/>
      </symbol>
      <symbol id="sm-1443">
         <name>GPIODirModeSet</name>
         <value>0xfac1</value>
         <object_component_ref idref="oc-1eb"/>
      </symbol>
      <symbol id="sm-1444">
         <name>GPIOPinWrite</name>
         <value>0xfc31</value>
         <object_component_ref idref="oc-162"/>
      </symbol>
      <symbol id="sm-1445">
         <name>GPIOPadConfigSet</name>
         <value>0xeb03</value>
         <object_component_ref idref="oc-1e5"/>
      </symbol>
      <symbol id="sm-14c0">
         <name>SysCtlPeripheralEnable</name>
         <value>0xf969</value>
         <object_component_ref idref="oc-150"/>
      </symbol>
      <symbol id="sm-14c1">
         <name>SysCtlPeripheralReady</name>
         <value>0xf931</value>
         <object_component_ref idref="oc-156"/>
      </symbol>
      <symbol id="sm-14c2">
         <name>SysCtlClockFreqSet</name>
         <value>0xdbe9</value>
         <object_component_ref idref="oc-1b3"/>
      </symbol>
      <symbol id="sm-14c4">
         <name>__TI_static_base__</name>
         <value>0x0</value>
      </symbol>
      <symbol id="sm-14c7">
         <name>SHT$$INIT_ARRAY$$Limit</name>
         <value>0x0</value>
      </symbol>
      <symbol id="sm-14c8">
         <name>SHT$$INIT_ARRAY$$Base</name>
         <value>0x0</value>
      </symbol>
   </symbol_table>
   <title>Link successful</title>
</link_info>
