******************************************************************************
                  TI ARM Linker PC v5.2.7                      
******************************************************************************
>> Linked Tue Aug 23 17:43:00 2016

OUTPUT FILE NAME:   <fitgood_plus_blinky.out>
ENTRY POINT SYMBOL: "_c_int00"  address: 0000f601


MEMORY CONFIGURATION

         name            origin    length      used     unused   attr    fill
----------------------  --------  ---------  --------  --------  ----  --------
  FLASH                 00000000   00100000  000121a8  000ede58  R  X
  SRAM                  20000000   00040000  00008a5d  000375a3  RW X


SEGMENT ALLOCATION MAP

run origin  load origin   length   init length attrs members
----------  ----------- ---------- ----------- ----- -------
00000000    00000000    000121a8   000121a8    r-x
  00000000    00000000    00000200   00000200    r-- .intvecs
  00000200    00000200    0000fa2c   0000fa2c    r-x .text
  0000fc2c    0000fc2c    0000230c   0000230c    r-- .const
  00011f38    00011f38    00000270   00000270    r-- .cinit
20000000    20000000    00008a5d   00000000    rw-
  20000000    20000000    00004000   00000000    rw- .stack
  20004000    20004000    00004000   00000000    rw- .sysmem
  20008000    20008000    000005d4   00000000    rw- .data
  200085d4    200085d4    00000489   00000000    rw- .bss


SECTION ALLOCATION MAP

 output                                  attributes/
section   page    origin      length       input sections
--------  ----  ----------  ----------   ----------------
.intvecs   0    00000000    00000200     
                  00000000    00000200     startup_ccs.obj (.intvecs)

.text      0    00000200    0000fa2c     
                  00000200    00003608     bignum.obj (.text)
                  00003808    0000134c     rsa.obj (.text)
                  00004b54    00001260     parser.obj (.text)
                  00005db4    000011d4     md5.obj (.text)
                  00006f88    000010ba     rtsv7M4_T_le_v4SPD16_eabi.lib : _printfi.obj (.text)
                  00008042    00000002                                   : i_div0.obj (.text)
                  00008044    0000098c     uartstdio.obj (.text)
                  000089d0    000007e4     sha256.obj (.text)
                  000091b4    00000700     consume.obj (.text)
                  000098b4    000006f4     fit_aes.obj (.text)
                  00009fa8    000006c0     pkparse.obj (.text)
                  0000a668    00000672     fit_debug.obj (.text)
                  0000acda    00000002     --HOLE-- [fill = 0]
                  0000acdc    00000660     internal.obj (.text)
                  0000b33c    000005d0     asn1parse.obj (.text)
                  0000b90c    00000550     md.obj (.text)
                  0000be5c    00000514     abreast_dm.obj (.text)
                  0000c370    000004ac     dm_hash.obj (.text)
                  0000c81c    00000488     base64.obj (.text)
                  0000cca4    00000464     oid.obj (.text)
                  0000d108    000003ec     pk.obj (.text)
                  0000d4f4    000003dc     rtsv7M4_T_le_v4SPD16_eabi.lib : memory.obj (.text)
                  0000d8d0    00000318     pem.obj (.text)
                  0000dbe8    00000204     driverlib.lib : sysctl.obj (.text:SysCtlClockFreqSet)
                  0000ddec    000001f4     rtsv7M4_T_le_v4SPD16_eabi.lib : ull_div_t2.obj (.text)
                  0000dfe0    000001f0     node_locking.obj (.text)
                  0000e1d0    000001d8     pk_wrap.obj (.text)
                  0000e3a8    000001c8     fit_rsa.obj (.text)
                  0000e570    000001b6     rtsv7M4_T_le_v4SPD16_eabi.lib : fd_add_t2.obj (.text)
                  0000e726    00000002     --HOLE-- [fill = 0]
                  0000e728    0000015c     blinky.obj (.text)
                  0000e884    00000136     rtsv7M4_T_le_v4SPD16_eabi.lib : fd_div_t2.obj (.text)
                  0000e9ba    00000134     md_wrap.obj (.text)
                  0000eaee    00000132     driverlib.lib : gpio.obj (.text:GPIOPadConfigSet)
                  0000ec20    00000110     rtsv7M4_T_le_v4SPD16_eabi.lib : xdscale.obj (.text)
                  0000ed30    000000fc                                   : fd_mul_t2.obj (.text)
                  0000ee2c    000000f0     get_time.obj (.text)
                  0000ef1c    000000c8     uart.obj (.text)
                  0000efe4    000000be     rtsv7M4_T_le_v4SPD16_eabi.lib : xdnorm.obj (.text)
                  0000f0a2    0000009e     mem_read.obj (.text)
                  0000f140    0000009c     rtsv7M4_T_le_v4SPD16_eabi.lib : memcpy_t2.obj (.text)
                  0000f1dc    00000086                                   : fd_cmp_t2.obj (.text:__aeabi_cdcmple)
                  0000f262    00000086                                   : fd_cmp_t2.obj (.text:__aeabi_cdrcmple)
                  0000f2e8    0000007a                                   : memset_t2.obj (.text)
                  0000f362    00000002     --HOLE-- [fill = 0]
                  0000f364    0000006c                                   : autoinit.obj (.text)
                  0000f3d0    0000006a                                   : copy_decompress_rle.obj (.text)
                  0000f43a    00000066                                   : xdunscal.obj (.text)
                  0000f4a0    00000060     led.obj (.text)
                  0000f500    00000056     rtsv7M4_T_le_v4SPD16_eabi.lib : ltoa.obj (.text)
                  0000f556    00000002     --HOLE-- [fill = 0]
                  0000f558    00000054     fingerprint.obj (.text)
                  0000f5ac    00000052     rtsv7M4_T_le_v4SPD16_eabi.lib : ldexp.obj (.text)
                  0000f5fe    00000002     --HOLE-- [fill = 0]
                  0000f600    00000050                                   : boot.obj (.text)
                  0000f650    0000004c     board_setup.obj (.text)
                  0000f69c    0000004c     rtsv7M4_T_le_v4SPD16_eabi.lib : atoi.obj (.text)
                  0000f6e8    0000004c                                   : cpy_tbl.obj (.text)
                  0000f734    0000004c                                   : rand.obj (.text)
                  0000f780    00000048     driverlib.lib : sysctl.obj (.text:_SysCtlFrequencyGet)
                  0000f7c8    00000048     rtsv7M4_T_le_v4SPD16_eabi.lib : fd_toi_t2.obj (.text)
                  0000f810    00000048                                   : vsprintf.obj (.text)
                  0000f858    00000044                                   : exit.obj (.text)
                  0000f89c    00000040                                   : signal.obj (.text)
                  0000f8dc    00000040                                   : u_divt2.obj (.text)
                  0000f91c    00000038     driverlib.lib : sysctl.obj (.text:SysCtlPeripheralReady)
                  0000f954    00000034                   : sysctl.obj (.text:SysCtlPeripheralEnable)
                  0000f988    00000034     rtsv7M4_T_le_v4SPD16_eabi.lib : feraiseexcept.obj (.text)
                  0000f9bc    00000034                                   : strstr.obj (.text)
                  0000f9f0    00000030                                   : xdclass.obj (.text)
                  0000fa20    00000030                                   : xferaise.obj (.text)
                  0000fa50    0000002e                                   : i_tofd_t2.obj (.text)
                  0000fa7e    0000002e                                   : raise.obj (.text)
                  0000faac    0000002a     driverlib.lib : gpio.obj (.text:GPIODirModeSet)
                  0000fad6    0000002a     rtsv7M4_T_le_v4SPD16_eabi.lib : frexp.obj (.text)
                  0000fb00    00000022                                   : memcmp.obj (.text)
                  0000fb22    00000002     --HOLE-- [fill = 0]
                  0000fb24    00000020     driverlib.lib : sysctl.obj (.text:_SysCtlMemTimingGet)
                  0000fb44    0000001c     rtsv7M4_T_le_v4SPD16_eabi.lib : memccpy.obj (.text)
                  0000fb60    00000018     driverlib.lib : gpio.obj (.text:GPIOPinTypeGPIOOutput)
                  0000fb78    00000018     rtsv7M4_T_le_v4SPD16_eabi.lib : args_main.obj (.text)
                  0000fb90    00000018                                   : strcmp.obj (.text)
                  0000fba8    00000016                                   : strchr.obj (.text)
                  0000fbbe    00000002     --HOLE-- [fill = 0]
                  0000fbc0    00000014                                   : _lock.obj (.text)
                  0000fbd4    00000014                                   : strlen.obj (.text)
                  0000fbe8    0000000e                                   : copy_decompress_none.obj (.text:decompress:none)
                  0000fbf6    0000000e     memory.obj (.text)
                  0000fc04    0000000c     rtsv7M4_T_le_v4SPD16_eabi.lib : copy_zero_init.obj (.text:decompress:ZI)
                  0000fc10    0000000c     startup_ccs.obj (.text)
                  0000fc1c    00000006     driverlib.lib : gpio.obj (.text:GPIOPinWrite)
                  0000fc22    00000006     rtsv7M4_T_le_v4SPD16_eabi.lib : copy_decompress_rle.obj (.text:decompress:rle24)
                  0000fc28    00000004                                   : pre_init.obj (.text)

.const     0    0000fc2c    0000230c     
                  0000fc2c    00000a0c     oid.obj (.const:.string)
                  00010638    00000396     rsa.obj (.const:.string)
                  000109ce    00000237     md5.obj (.const:md5_test_buf)
                  00010c05    00000003     --HOLE-- [fill = 0]
                  00010c08    00000190     oid.obj (.const:oid_x520_attr_type)
                  00010d98    0000018a     blinky.obj (.const:.string:license)
                  00010f22    00000002     --HOLE-- [fill = 0]
                  00010f24    00000140     oid.obj (.const:oid_sig_alg)
                  00011064    00000120     driverlib.lib : sysctl.obj (.const:g_pppui32XTALtoVCO)
                  00011184    00000101     rtsv7M4_T_le_v4SPD16_eabi.lib : ctype.obj (.const:.string:_ctypes_)
                  00011285    00000100     fit_aes.obj (.const:.string:sbox)
                  00011385    00000003     --HOLE-- [fill = 0]
                  00011388    00000100     sha256.obj (.const:K)
                  00011488    000000ff     fit_aes.obj (.const:.string:Rcon)
                  00011587    000000c0     sha256.obj (.const:sha256_test_sum)
                  00011647    00000001     --HOLE-- [fill = 0]
                  00011648    000000b4     oid.obj (.const:oid_md_alg)
                  000116fc    000000ab     sha256.obj (.const:sha256_test_buf)
                  000117a7    00000080     base64.obj (.const:.string:base64_dec_map)
                  00011827    00000001     --HOLE-- [fill = 0]
                  00011828    00000078     oid.obj (.const:oid_x509_ext)
                  000118a0    00000070     md5.obj (.const:md5_test_sum)
                  00011910    00000070     oid.obj (.const:oid_ext_key_usage)
                  00011980    0000006c     driverlib.lib : sysctl.obj (.const:g_pui32Xtals)
                  000119ec    00000059     base64.obj (.const:.string:base64_test_enc)
                  00011a45    00000003     --HOLE-- [fill = 0]
                  00011a48    00000050     oid.obj (.const:oid_pk_alg)
                  00011a98    00000048     internal.obj (.const)
                  00011ae0    00000048     parser.obj (.const)
                  00011b28    00000040     base64.obj (.const:.string:base64_enc_map)
                  00011b68    00000040     base64.obj (.const:.string:base64_test_dec)
                  00011ba8    00000040     md5.obj (.const:.string:md5_padding)
                  00011be8    00000040     sha256.obj (.const:.string:sha256_padding)
                  00011c28    0000003c     oid.obj (.const:oid_cipher_alg)
                  00011c64    00000030     driverlib.lib : sysctl.obj (.const:g_sXTALtoMEMTIM)
                  00011c94    00000030     md_wrap.obj (.const:mbedtls_md5_info)
                  00011cc4    00000030     pk_wrap.obj (.const:mbedtls_rsa_info)
                  00011cf4    00000030     md_wrap.obj (.const:mbedtls_sha224_info)
                  00011d24    00000030     md_wrap.obj (.const:mbedtls_sha256_info)
                  00011d54    00000028     blinky.obj (.const:$P$T0$1)
                  00011d7c    00000028     internal.obj (.const:$P$T0$1)
                  00011da4    00000028     consume.obj (.const:$P$T1$2)
                  00011dcc    00000028     parser.obj (.const:$P$T4$6)
                  00011df4    00000028     uartstdio.obj (.const)
                  00011e1c    00000024     abreast_dm.obj (.const)
                  00011e40    00000024     dm_hash.obj (.const)
                  00011e64    00000024     bignum.obj (.const:gcd_pairs)
                  00011e88    0000001c     md5.obj (.const)
                  00011ea4    00000018     blinky.obj (.const)
                  00011ebc    00000014     md_wrap.obj (.const:.string)
                  00011ed0    00000012     uartstdio.obj (.const:.string)
                  00011ee2    00000010     dm_hash.obj (.const:.string)
                  00011ef2    00000002     --HOLE-- [fill = 0]
                  00011ef4    00000010     consume.obj (.const)
                  00011f04    00000010     md.obj (.const)
                  00011f14    0000000c     node_locking.obj (.const)
                  00011f20    0000000c     sha256.obj (.const)
                  00011f2c    00000008     driverlib.lib : sysctl.obj (.const)
                  00011f34    00000004     pk_wrap.obj (.const:.string)

.cinit     0    00011f38    00000270     
                  00011f38    0000024b     (.cinit..data.load) [load image, compression = rle]
                  00012183    00000001     --HOLE-- [fill = 0]
                  00012184    0000000c     (__TI_handler_table)
                  00012190    00000008     (.cinit..bss.load) [load image, compression = zero_init]
                  00012198    00000010     (__TI_cinit_table)

.init_array 
*          0    00000000    00000000     UNINITIALIZED

.stack     0    20000000    00004000     UNINITIALIZED
                  20000000    00004000     --HOLE--

.sysmem    0    20004000    00004000     UNINITIALIZED
                  20004000    00000008     rtsv7M4_T_le_v4SPD16_eabi.lib : memory.obj (.sysmem)
                  20004008    00003ff8     --HOLE--

.data      0    20008000    000005d4     UNINITIALIZED
                  20008000    000001c4     blinky.obj (.data:pubkey)
                  200081c4    00000100     parser.obj (.data:lic_field_type)
                  200082c4    00000100     parser.obj (.data:lic_tag_id)
                  200083c4    000000b0     rtsv7M4_T_le_v4SPD16_eabi.lib : signal.obj (.data:sigtable)
                  20008474    00000004     consume.obj (.data)
                  20008478    00000080     rtsv7M4_T_le_v4SPD16_eabi.lib : xvalues.obj (.data)
                  200084f8    00000040     fingerprint.obj (.data:devid)
                  20008538    0000002d     parser.obj (.data)
                  20008565    00000020     abreast_dm.obj (.data)
                  20008585    00000001     --HOLE--
                  20008586    00000002     fingerprint.obj (.data)
                  20008588    00000015     uartstdio.obj (.data)
                  2000859d    00000001     --HOLE--
                  2000859e    00000002     fit_debug.obj (.data)
                  200085a0    0000000c     rtsv7M4_T_le_v4SPD16_eabi.lib : memory.obj (.data)
                  200085ac    00000008                                   : _lock.obj (.data)
                  200085b4    00000008                                   : exit.obj (.data)
                  200085bc    00000008                                   : feraiseexcept.obj (.data)
                  200085c4    00000004     get_time.obj (.data)
                  200085c8    00000004     rtsv7M4_T_le_v4SPD16_eabi.lib : errno.obj (.data)
                  200085cc    00000004                                   : rand.obj (.data)
                  200085d0    00000004                                   : stkdepth_vars.obj (.data)

.TI.persistent 
*          0    20008000    00000000     UNINITIALIZED

.bss       0    200085d4    00000489     UNINITIALIZED
                  200085d4    00000400     uartstdio.obj (.bss:g_pcUARTTxBuffer)
                  200089d4    00000080     uartstdio.obj (.bss:g_pcUARTRxBuffer)
                  20008a54    00000004     (.common:g_ui32PortNum)
                  20008a58    00000004     (.common:g_ui32SysClock)
                  20008a5c    00000001     (.common:g_bDisableEcho)

.TI.noinit 
*          0    200085d4    00000000     UNINITIALIZED


LINKER GENERATED COPY TABLES

__TI_cinit_table @ 00012198 records: 2, size/record: 8, table size: 16
	.data: load addr=00011f38, load size=0000024b bytes, run addr=20008000, run size=000005d4 bytes, compression=rle
	.bss: load addr=00012190, load size=00000008 bytes, run addr=200085d4, run size=00000489 bytes, compression=zero_init


LINKER GENERATED HANDLER TABLE

__TI_handler_table @ 00012184 records: 3, size/record: 4, table size: 12
	index: 0, handler: __TI_decompress_rle24
	index: 1, handler: __TI_decompress_none
	index: 2, handler: __TI_zero_init


GLOBAL SYMBOLS: SORTED ALPHABETICALLY BY Name 

address   name                               
-------   ----                               
0000c1a9  AES256_AbreastDmHash_Finalize      
0000be5d  AES256_AbreastDmHash_Init          
0000bf17  AES256_AbreastDmHash_Update        
0000c047  AES256_AbreastDmHash_UpdateBlk     
0000be7d  AES_ECB_Encrypt                    
0000be6d  AES_KM_Load256                     
0000f859  C$$EXIT                            
0000faad  GPIODirModeSet                     
0000eaef  GPIOPadConfigSet                   
0000fb61  GPIOPinTypeGPIOOutput              
0000fc1d  GPIOPinWrite                       
0000fc11  ResetISR                           
UNDEFED   SHT$$INIT_ARRAY$$Base              
UNDEFED   SHT$$INIT_ARRAY$$Limit             
0000dbe9  SysCtlClockFreqSet                 
0000f955  SysCtlPeripheralEnable             
0000f91d  SysCtlPeripheralReady              
0000ee5b  Timer0IntHandler                   
00008811  UARTEchoSet                        
000087ab  UARTFlushRx                        
000087d3  UARTFlushTx                        
00008751  UARTPeek                           
0000872f  UARTRxBytesAvail                   
00008159  UARTStdioConfig                    
00008845  UARTStdioIntHandler                
0000873d  UARTTxBytesFree                    
00008391  UARTgetc                           
000082cb  UARTgets                           
0000870b  UARTprintf                         
000083dd  UARTvprintf                        
0000823b  UARTwrite                          
0000f9f1  _Dclass                            
20008478  _Denorm                            
0000efe5  _Dnorm                             
0000ec21  _Dscale                            
0000f43b  _Dunscale                          
20008488  _Eps                               
200085c8  _Errno                             
200085bc  _Fenv                              
0000fa21  _Feraise                           
20008498  _Hugeval                           
200084a8  _Inf                               
200084b8  _Nan                               
200084d8  _Rteps                             
200084c8  _Snan                              
200085c0  _Tls_setup__Fenv                   
200084e8  _Xbig                              
200084f0  _Zero                              
20004000  __STACK_END                        
00004000  __STACK_SIZE                       
20001000  __STACK_TOP                        
00004000  __SYSMEM_SIZE                      
00012198  __TI_CINIT_Base                    
000121a8  __TI_CINIT_Limit                   
00012184  __TI_Handler_Table_Base            
00012190  __TI_Handler_Table_Limit           
0000f365  __TI_auto_init                     
200085b4  __TI_cleanup_ptr                   
0000fbe9  __TI_decompress_none               
0000fc23  __TI_decompress_rle24              
200085b8  __TI_dtors_ptr                     
00007d3d  __TI_printfi                       
00000000  __TI_static_base__                 
0000fc05  __TI_zero_init                     
0000f1dd  __aeabi_cdcmpeq                    
0000f1dd  __aeabi_cdcmple                    
0000f263  __aeabi_cdrcmple                   
0000f7c9  __aeabi_d2iz                       
0000e57b  __aeabi_dadd                       
0000e885  __aeabi_ddiv                       
0000ed31  __aeabi_dmul                       
0000e571  __aeabi_dsub                       
0000fa51  __aeabi_i2d                        
00008043  __aeabi_idiv0                      
0000f2e9  __aeabi_memclr                     
0000f2e9  __aeabi_memclr4                    
0000f2e9  __aeabi_memclr8                    
0000f141  __aeabi_memcpy                     
0000f141  __aeabi_memcpy4                    
0000f141  __aeabi_memcpy8                    
0000f2eb  __aeabi_memset                     
0000f2eb  __aeabi_memset4                    
0000f2eb  __aeabi_memset8                    
0000f8dd  __aeabi_uidiv                      
0000f8dd  __aeabi_uidivmod                   
0000dded  __aeabi_uldivmod                   
ffffffff  __binit__                          
ffffffff  __c_args__                         
0000ef1d  __error__                          
20000000  __stack                            
0000fb79  _args_main                         
0000f601  _c_int00                           
00011184  _ctypes_                           
200085ac  _lock                              
0000fbcf  _nop                               
0000fbc7  _register_lock                     
0000fbc1  _register_unlock                   
20004000  _sys_memory                        
0000fc29  _system_pre_init                   
200085b0  _unlock                            
0000f85d  abort                              
00005035  add_field_type                     
00009b55  add_round_key                      
0000512b  add_tag_id                         
20008565  aes256key                          
00009f81  aes_encrypt                        
000098c9  aes_setup                          
0000f69d  atoi                               
ffffffff  binit                              
00009f3f  block_copy                         
0000d89d  calloc                             
0000f6e9  copy_in                            
200084f8  devid                              
20008586  devid_len                          
0000f865  exit                               
2000854c  fct                                
0000f989  feraiseexcept                      
0000f651  fit_board_setup                    
20008538  fit_cache                          
00005721  fit_check_license_validation       
000091b5  fit_consume_license                
0000c4e3  fit_davies_meyer_hash              
0000f559  fit_deviceid_get                   
0000c371  fit_dm_hash_init                   
0000c279  fit_get_AbreastDM_Hash             
00005471  fit_get_data_address               
0000dfe1  fit_get_device_fpblob              
0000a701  fit_get_error_str                  
000092b5  fit_get_lic_prop_model             
00009291  fit_getunixtime                    
0000f4bd  fit_led_init                       
0000f4af  fit_led_off                        
0000f4a1  fit_led_on                         
000094a5  fit_licenf_consume_license         
0000b2a1  fit_memcmp                         
0000afa1  fit_memcpy                         
0000b2f9  fit_memset                         
00004f71  fit_parse_array                    
00005215  fit_parse_field_data               
00004b55  fit_parse_object                   
0000a687  fit_printf                         
0000a669  fit_putc                           
0000f133  fit_read_ram_u8                    
0000ee2d  fit_time_get                       
20008474  fit_time_get_callback              
0000ee75  fit_time_init                      
0000ee45  fit_time_set                       
2000859e  fit_trace_flags                    
0000efa5  fit_uart_getc                      
0000efb9  fit_uart_getchar                   
0000ef29  fit_uart_init                      
0000ef85  fit_uart_putc                      
0000e3a9  fit_validate_rsa_signature         
0000acdd  fit_verify_license                 
0000afe5  fitptr_memcpy                      
0000d5eb  free                               
0000fad7  frexp                              
00000000  g_pfnVectors                       
20008a58  g_ui32SysClock                     
000050bb  get_field_type                     
00005181  get_tag_id                         
0000af49  getfingerprintdata                 
0000f5ad  ldexp                              
200081c4  lic_field_type                     
200082c4  lic_tag_id                         
00010d98  license                            
0000f501  ltoa                               
0000e73b  main                               
200085d0  main_func_sp                       
0000d583  malloc                             
0000b8d9  mbedtls_asn1_find_named_data       
0000b891  mbedtls_asn1_free_named_data       
0000b8b3  mbedtls_asn1_free_named_data_list  
0000b775  mbedtls_asn1_get_alg               
0000b84d  mbedtls_asn1_get_alg_null          
0000b5f5  mbedtls_asn1_get_bitstring         
0000b673  mbedtls_asn1_get_bitstring_null    
0000b4fb  mbedtls_asn1_get_bool              
0000b547  mbedtls_asn1_get_int               
0000b36b  mbedtls_asn1_get_len               
0000b5b7  mbedtls_asn1_get_mpi               
0000b6b9  mbedtls_asn1_get_sequence_of       
0000b4b3  mbedtls_asn1_get_tag               
0000c9e5  mbedtls_base64_decode              
0000c81d  mbedtls_base64_encode              
0000cbbb  mbedtls_base64_self_test           
0000bb2f  mbedtls_md                         
00006e9d  mbedtls_md5                        
00005e05  mbedtls_md5_clone                  
00006d2d  mbedtls_md5_finish                 
00005df3  mbedtls_md5_free                   
00011c94  mbedtls_md5_info                   
00005de3  mbedtls_md5_init                   
00005e55  mbedtls_md5_process                
00006ed1  mbedtls_md5_self_test              
00005e17  mbedtls_md5_starts                 
00006c55  mbedtls_md5_update                 
0000ba11  mbedtls_md_clone                   
0000bb07  mbedtls_md_finish                  
0000b9c5  mbedtls_md_free                    
0000be41  mbedtls_md_get_name                
0000be15  mbedtls_md_get_size                
0000be2b  mbedtls_md_get_type                
0000bd97  mbedtls_md_hmac                    
0000bcc5  mbedtls_md_hmac_finish             
0000bd51  mbedtls_md_hmac_reset              
0000bb7d  mbedtls_md_hmac_starts             
0000bc8d  mbedtls_md_hmac_update             
0000b93f  mbedtls_md_info_from_string        
0000b985  mbedtls_md_info_from_type          
0000b9b5  mbedtls_md_init                    
0000ba4f  mbedtls_md_init_ctx                
0000b93b  mbedtls_md_list                    
0000bded  mbedtls_md_process                 
0000ba61  mbedtls_md_setup                   
0000bab7  mbedtls_md_starts                  
0000badb  mbedtls_md_update                  
00001123  mbedtls_mpi_add_abs                
00001483  mbedtls_mpi_add_int                
0000139f  mbedtls_mpi_add_mpi                
000007b7  mbedtls_mpi_bitlen                 
00000f17  mbedtls_mpi_cmp_abs                
000010e5  mbedtls_mpi_cmp_int                
00000fe5  mbedtls_mpi_cmp_mpi                
00000397  mbedtls_mpi_copy                   
0000250b  mbedtls_mpi_div_int                
00002147  mbedtls_mpi_div_mpi                
0000280b  mbedtls_mpi_exp_mod                
00002daf  mbedtls_mpi_fill_random            
0000024f  mbedtls_mpi_free                   
00002c8f  mbedtls_mpi_gcd                    
0000066d  mbedtls_mpi_get_bit                
00000287  mbedtls_mpi_grow                   
0000022f  mbedtls_mpi_init                   
00002dfd  mbedtls_mpi_inv_mod                
00000729  mbedtls_mpi_lsb                    
00000621  mbedtls_mpi_lset                   
000025bd  mbedtls_mpi_mod_int                
00002551  mbedtls_mpi_mod_mpi                
0000208b  mbedtls_mpi_mul_int                
00001f7f  mbedtls_mpi_mul_mpi                
00000be7  mbedtls_mpi_read_binary            
0000088d  mbedtls_mpi_read_string            
0000044b  mbedtls_mpi_safe_cond_assign       
00000513  mbedtls_mpi_safe_cond_swap         
000030c3  mbedtls_mpi_self_test              
000006a1  mbedtls_mpi_set_bit                
00000d1b  mbedtls_mpi_shift_l                
00000e25  mbedtls_mpi_shift_r                
000002f5  mbedtls_mpi_shrink                 
00000807  mbedtls_mpi_size                   
00001305  mbedtls_mpi_sub_abs                
000014c5  mbedtls_mpi_sub_int                
00001411  mbedtls_mpi_sub_mpi                
00000421  mbedtls_mpi_swap                   
00000c95  mbedtls_mpi_write_binary           
00000a8b  mbedtls_mpi_write_string           
0000ccf5  mbedtls_oid_get_attr_short_name    
0000d019  mbedtls_oid_get_cipher_alg         
0000cddd  mbedtls_oid_get_extended_key_usage 
0000d091  mbedtls_oid_get_md_alg             
0000d0b5  mbedtls_oid_get_oid_by_md          
0000cf7d  mbedtls_oid_get_oid_by_pk_alg      
0000cead  mbedtls_oid_get_oid_by_sig_alg     
0000cf59  mbedtls_oid_get_pk_alg             
0000ce75  mbedtls_oid_get_sig_alg            
0000ce51  mbedtls_oid_get_sig_alg_desc       
0000cd69  mbedtls_oid_get_x509_ext_type      
0000da6d  mbedtls_pem_free                   
0000d8ff  mbedtls_pem_init                   
0000d90f  mbedtls_pem_read_buffer            
0000da95  mbedtls_pem_write_buffer           
0000d1fd  mbedtls_pk_can_do                  
0000d3e1  mbedtls_pk_check_pair              
0000d46d  mbedtls_pk_debug                   
0000d339  mbedtls_pk_decrypt                 
0000d389  mbedtls_pk_encrypt                 
0000d183  mbedtls_pk_free                    
0000d447  mbedtls_pk_get_bitlen              
0000d4a1  mbedtls_pk_get_name                
0000d4bf  mbedtls_pk_get_type                
0000d1ab  mbedtls_pk_info_from_type          
0000d169  mbedtls_pk_init                    
0000a3b1  mbedtls_pk_parse_key               
0000a529  mbedtls_pk_parse_public_key        
0000a0a1  mbedtls_pk_parse_subpubkey         
0000d1cb  mbedtls_pk_setup                   
0000d2d9  mbedtls_pk_sign                    
0000d223  mbedtls_pk_verify                  
0000d27b  mbedtls_pk_verify_ext              
000038b3  mbedtls_rsa_check_privkey          
00003acd  mbedtls_rsa_check_pub_priv         
00003845  mbedtls_rsa_check_pubkey           
00004649  mbedtls_rsa_copy                   
00004767  mbedtls_rsa_free                   
00011cc4  mbedtls_rsa_info                   
00003809  mbedtls_rsa_init                   
00004131  mbedtls_rsa_pkcs1_decrypt          
00003f1d  mbedtls_rsa_pkcs1_encrypt          
000043b1  mbedtls_rsa_pkcs1_sign             
000045f3  mbedtls_rsa_pkcs1_verify           
00003c7d  mbedtls_rsa_private                
00003b0b  mbedtls_rsa_public                 
00003f5b  mbedtls_rsa_rsaes_pkcs1_v15_decrypt
00003e01  mbedtls_rsa_rsaes_pkcs1_v15_encrypt
00004181  mbedtls_rsa_rsassa_pkcs1_v15_sign  
000043f9  mbedtls_rsa_rsassa_pkcs1_v15_verify
00004813  mbedtls_rsa_self_test              
00003827  mbedtls_rsa_set_padding            
00011cf4  mbedtls_sha224_info                
00009029  mbedtls_sha256                     
00008a21  mbedtls_sha256_clone               
00008e79  mbedtls_sha256_finish              
00008a0f  mbedtls_sha256_free                
00011d24  mbedtls_sha256_info                
000089ff  mbedtls_sha256_init                
00008ae5  mbedtls_sha256_process             
00009061  mbedtls_sha256_self_test           
00008a33  mbedtls_sha256_starts              
00008dbd  mbedtls_sha256_update              
0000d7b9  memalign                           
0000fb45  memccpy                            
0000fb01  memcmp                             
0000f141  memcpy                             
0000f2f1  memset                             
0000d4f5  minit                              
00009d29  mix_columns                        
20008000  pubkey                             
0000fa7f  raise                              
0000f74b  rand                               
0000f0a3  read_byte                          
0000f0e5  read_dword                         
0000fbf7  read_ram_u8                        
0000f0b1  read_word                          
0000d6ad  realloc                            
0000e729  setup                              
00009c73  shift_rows                         
0000f89d  signal                             
0000f735  srand                              
0000fba9  strchr                             
0000fb91  strcmp                             
0000fbd5  strlen                             
0000f9bd  strstr                             
00009bfd  sub_bytes                          
200085c4  unixtime                           
0000f811  vsprintf                           


GLOBAL SYMBOLS: SORTED BY Symbol Address 

address   name                               
-------   ----                               
00000000  __TI_static_base__                 
00000000  g_pfnVectors                       
0000022f  mbedtls_mpi_init                   
0000024f  mbedtls_mpi_free                   
00000287  mbedtls_mpi_grow                   
000002f5  mbedtls_mpi_shrink                 
00000397  mbedtls_mpi_copy                   
00000421  mbedtls_mpi_swap                   
0000044b  mbedtls_mpi_safe_cond_assign       
00000513  mbedtls_mpi_safe_cond_swap         
00000621  mbedtls_mpi_lset                   
0000066d  mbedtls_mpi_get_bit                
000006a1  mbedtls_mpi_set_bit                
00000729  mbedtls_mpi_lsb                    
000007b7  mbedtls_mpi_bitlen                 
00000807  mbedtls_mpi_size                   
0000088d  mbedtls_mpi_read_string            
00000a8b  mbedtls_mpi_write_string           
00000be7  mbedtls_mpi_read_binary            
00000c95  mbedtls_mpi_write_binary           
00000d1b  mbedtls_mpi_shift_l                
00000e25  mbedtls_mpi_shift_r                
00000f17  mbedtls_mpi_cmp_abs                
00000fe5  mbedtls_mpi_cmp_mpi                
000010e5  mbedtls_mpi_cmp_int                
00001123  mbedtls_mpi_add_abs                
00001305  mbedtls_mpi_sub_abs                
0000139f  mbedtls_mpi_add_mpi                
00001411  mbedtls_mpi_sub_mpi                
00001483  mbedtls_mpi_add_int                
000014c5  mbedtls_mpi_sub_int                
00001f7f  mbedtls_mpi_mul_mpi                
0000208b  mbedtls_mpi_mul_int                
00002147  mbedtls_mpi_div_mpi                
0000250b  mbedtls_mpi_div_int                
00002551  mbedtls_mpi_mod_mpi                
000025bd  mbedtls_mpi_mod_int                
0000280b  mbedtls_mpi_exp_mod                
00002c8f  mbedtls_mpi_gcd                    
00002daf  mbedtls_mpi_fill_random            
00002dfd  mbedtls_mpi_inv_mod                
000030c3  mbedtls_mpi_self_test              
00003809  mbedtls_rsa_init                   
00003827  mbedtls_rsa_set_padding            
00003845  mbedtls_rsa_check_pubkey           
000038b3  mbedtls_rsa_check_privkey          
00003acd  mbedtls_rsa_check_pub_priv         
00003b0b  mbedtls_rsa_public                 
00003c7d  mbedtls_rsa_private                
00003e01  mbedtls_rsa_rsaes_pkcs1_v15_encrypt
00003f1d  mbedtls_rsa_pkcs1_encrypt          
00003f5b  mbedtls_rsa_rsaes_pkcs1_v15_decrypt
00004000  __STACK_SIZE                       
00004000  __SYSMEM_SIZE                      
00004131  mbedtls_rsa_pkcs1_decrypt          
00004181  mbedtls_rsa_rsassa_pkcs1_v15_sign  
000043b1  mbedtls_rsa_pkcs1_sign             
000043f9  mbedtls_rsa_rsassa_pkcs1_v15_verify
000045f3  mbedtls_rsa_pkcs1_verify           
00004649  mbedtls_rsa_copy                   
00004767  mbedtls_rsa_free                   
00004813  mbedtls_rsa_self_test              
00004b55  fit_parse_object                   
00004f71  fit_parse_array                    
00005035  add_field_type                     
000050bb  get_field_type                     
0000512b  add_tag_id                         
00005181  get_tag_id                         
00005215  fit_parse_field_data               
00005471  fit_get_data_address               
00005721  fit_check_license_validation       
00005de3  mbedtls_md5_init                   
00005df3  mbedtls_md5_free                   
00005e05  mbedtls_md5_clone                  
00005e17  mbedtls_md5_starts                 
00005e55  mbedtls_md5_process                
00006c55  mbedtls_md5_update                 
00006d2d  mbedtls_md5_finish                 
00006e9d  mbedtls_md5                        
00006ed1  mbedtls_md5_self_test              
00007d3d  __TI_printfi                       
00008043  __aeabi_idiv0                      
00008159  UARTStdioConfig                    
0000823b  UARTwrite                          
000082cb  UARTgets                           
00008391  UARTgetc                           
000083dd  UARTvprintf                        
0000870b  UARTprintf                         
0000872f  UARTRxBytesAvail                   
0000873d  UARTTxBytesFree                    
00008751  UARTPeek                           
000087ab  UARTFlushRx                        
000087d3  UARTFlushTx                        
00008811  UARTEchoSet                        
00008845  UARTStdioIntHandler                
000089ff  mbedtls_sha256_init                
00008a0f  mbedtls_sha256_free                
00008a21  mbedtls_sha256_clone               
00008a33  mbedtls_sha256_starts              
00008ae5  mbedtls_sha256_process             
00008dbd  mbedtls_sha256_update              
00008e79  mbedtls_sha256_finish              
00009029  mbedtls_sha256                     
00009061  mbedtls_sha256_self_test           
000091b5  fit_consume_license                
00009291  fit_getunixtime                    
000092b5  fit_get_lic_prop_model             
000094a5  fit_licenf_consume_license         
000098c9  aes_setup                          
00009b55  add_round_key                      
00009bfd  sub_bytes                          
00009c73  shift_rows                         
00009d29  mix_columns                        
00009f3f  block_copy                         
00009f81  aes_encrypt                        
0000a0a1  mbedtls_pk_parse_subpubkey         
0000a3b1  mbedtls_pk_parse_key               
0000a529  mbedtls_pk_parse_public_key        
0000a669  fit_putc                           
0000a687  fit_printf                         
0000a701  fit_get_error_str                  
0000acdd  fit_verify_license                 
0000af49  getfingerprintdata                 
0000afa1  fit_memcpy                         
0000afe5  fitptr_memcpy                      
0000b2a1  fit_memcmp                         
0000b2f9  fit_memset                         
0000b36b  mbedtls_asn1_get_len               
0000b4b3  mbedtls_asn1_get_tag               
0000b4fb  mbedtls_asn1_get_bool              
0000b547  mbedtls_asn1_get_int               
0000b5b7  mbedtls_asn1_get_mpi               
0000b5f5  mbedtls_asn1_get_bitstring         
0000b673  mbedtls_asn1_get_bitstring_null    
0000b6b9  mbedtls_asn1_get_sequence_of       
0000b775  mbedtls_asn1_get_alg               
0000b84d  mbedtls_asn1_get_alg_null          
0000b891  mbedtls_asn1_free_named_data       
0000b8b3  mbedtls_asn1_free_named_data_list  
0000b8d9  mbedtls_asn1_find_named_data       
0000b93b  mbedtls_md_list                    
0000b93f  mbedtls_md_info_from_string        
0000b985  mbedtls_md_info_from_type          
0000b9b5  mbedtls_md_init                    
0000b9c5  mbedtls_md_free                    
0000ba11  mbedtls_md_clone                   
0000ba4f  mbedtls_md_init_ctx                
0000ba61  mbedtls_md_setup                   
0000bab7  mbedtls_md_starts                  
0000badb  mbedtls_md_update                  
0000bb07  mbedtls_md_finish                  
0000bb2f  mbedtls_md                         
0000bb7d  mbedtls_md_hmac_starts             
0000bc8d  mbedtls_md_hmac_update             
0000bcc5  mbedtls_md_hmac_finish             
0000bd51  mbedtls_md_hmac_reset              
0000bd97  mbedtls_md_hmac                    
0000bded  mbedtls_md_process                 
0000be15  mbedtls_md_get_size                
0000be2b  mbedtls_md_get_type                
0000be41  mbedtls_md_get_name                
0000be5d  AES256_AbreastDmHash_Init          
0000be6d  AES_KM_Load256                     
0000be7d  AES_ECB_Encrypt                    
0000bf17  AES256_AbreastDmHash_Update        
0000c047  AES256_AbreastDmHash_UpdateBlk     
0000c1a9  AES256_AbreastDmHash_Finalize      
0000c279  fit_get_AbreastDM_Hash             
0000c371  fit_dm_hash_init                   
0000c4e3  fit_davies_meyer_hash              
0000c81d  mbedtls_base64_encode              
0000c9e5  mbedtls_base64_decode              
0000cbbb  mbedtls_base64_self_test           
0000ccf5  mbedtls_oid_get_attr_short_name    
0000cd69  mbedtls_oid_get_x509_ext_type      
0000cddd  mbedtls_oid_get_extended_key_usage 
0000ce51  mbedtls_oid_get_sig_alg_desc       
0000ce75  mbedtls_oid_get_sig_alg            
0000cead  mbedtls_oid_get_oid_by_sig_alg     
0000cf59  mbedtls_oid_get_pk_alg             
0000cf7d  mbedtls_oid_get_oid_by_pk_alg      
0000d019  mbedtls_oid_get_cipher_alg         
0000d091  mbedtls_oid_get_md_alg             
0000d0b5  mbedtls_oid_get_oid_by_md          
0000d169  mbedtls_pk_init                    
0000d183  mbedtls_pk_free                    
0000d1ab  mbedtls_pk_info_from_type          
0000d1cb  mbedtls_pk_setup                   
0000d1fd  mbedtls_pk_can_do                  
0000d223  mbedtls_pk_verify                  
0000d27b  mbedtls_pk_verify_ext              
0000d2d9  mbedtls_pk_sign                    
0000d339  mbedtls_pk_decrypt                 
0000d389  mbedtls_pk_encrypt                 
0000d3e1  mbedtls_pk_check_pair              
0000d447  mbedtls_pk_get_bitlen              
0000d46d  mbedtls_pk_debug                   
0000d4a1  mbedtls_pk_get_name                
0000d4bf  mbedtls_pk_get_type                
0000d4f5  minit                              
0000d583  malloc                             
0000d5eb  free                               
0000d6ad  realloc                            
0000d7b9  memalign                           
0000d89d  calloc                             
0000d8ff  mbedtls_pem_init                   
0000d90f  mbedtls_pem_read_buffer            
0000da6d  mbedtls_pem_free                   
0000da95  mbedtls_pem_write_buffer           
0000dbe9  SysCtlClockFreqSet                 
0000dded  __aeabi_uldivmod                   
0000dfe1  fit_get_device_fpblob              
0000e3a9  fit_validate_rsa_signature         
0000e571  __aeabi_dsub                       
0000e57b  __aeabi_dadd                       
0000e729  setup                              
0000e73b  main                               
0000e885  __aeabi_ddiv                       
0000eaef  GPIOPadConfigSet                   
0000ec21  _Dscale                            
0000ed31  __aeabi_dmul                       
0000ee2d  fit_time_get                       
0000ee45  fit_time_set                       
0000ee5b  Timer0IntHandler                   
0000ee75  fit_time_init                      
0000ef1d  __error__                          
0000ef29  fit_uart_init                      
0000ef85  fit_uart_putc                      
0000efa5  fit_uart_getc                      
0000efb9  fit_uart_getchar                   
0000efe5  _Dnorm                             
0000f0a3  read_byte                          
0000f0b1  read_word                          
0000f0e5  read_dword                         
0000f133  fit_read_ram_u8                    
0000f141  __aeabi_memcpy                     
0000f141  __aeabi_memcpy4                    
0000f141  __aeabi_memcpy8                    
0000f141  memcpy                             
0000f1dd  __aeabi_cdcmpeq                    
0000f1dd  __aeabi_cdcmple                    
0000f263  __aeabi_cdrcmple                   
0000f2e9  __aeabi_memclr                     
0000f2e9  __aeabi_memclr4                    
0000f2e9  __aeabi_memclr8                    
0000f2eb  __aeabi_memset                     
0000f2eb  __aeabi_memset4                    
0000f2eb  __aeabi_memset8                    
0000f2f1  memset                             
0000f365  __TI_auto_init                     
0000f43b  _Dunscale                          
0000f4a1  fit_led_on                         
0000f4af  fit_led_off                        
0000f4bd  fit_led_init                       
0000f501  ltoa                               
0000f559  fit_deviceid_get                   
0000f5ad  ldexp                              
0000f601  _c_int00                           
0000f651  fit_board_setup                    
0000f69d  atoi                               
0000f6e9  copy_in                            
0000f735  srand                              
0000f74b  rand                               
0000f7c9  __aeabi_d2iz                       
0000f811  vsprintf                           
0000f859  C$$EXIT                            
0000f85d  abort                              
0000f865  exit                               
0000f89d  signal                             
0000f8dd  __aeabi_uidiv                      
0000f8dd  __aeabi_uidivmod                   
0000f91d  SysCtlPeripheralReady              
0000f955  SysCtlPeripheralEnable             
0000f989  feraiseexcept                      
0000f9bd  strstr                             
0000f9f1  _Dclass                            
0000fa21  _Feraise                           
0000fa51  __aeabi_i2d                        
0000fa7f  raise                              
0000faad  GPIODirModeSet                     
0000fad7  frexp                              
0000fb01  memcmp                             
0000fb45  memccpy                            
0000fb61  GPIOPinTypeGPIOOutput              
0000fb79  _args_main                         
0000fb91  strcmp                             
0000fba9  strchr                             
0000fbc1  _register_unlock                   
0000fbc7  _register_lock                     
0000fbcf  _nop                               
0000fbd5  strlen                             
0000fbe9  __TI_decompress_none               
0000fbf7  read_ram_u8                        
0000fc05  __TI_zero_init                     
0000fc11  ResetISR                           
0000fc1d  GPIOPinWrite                       
0000fc23  __TI_decompress_rle24              
0000fc29  _system_pre_init                   
00010d98  license                            
00011184  _ctypes_                           
00011c94  mbedtls_md5_info                   
00011cc4  mbedtls_rsa_info                   
00011cf4  mbedtls_sha224_info                
00011d24  mbedtls_sha256_info                
00012184  __TI_Handler_Table_Base            
00012190  __TI_Handler_Table_Limit           
00012198  __TI_CINIT_Base                    
000121a8  __TI_CINIT_Limit                   
20000000  __stack                            
20001000  __STACK_TOP                        
20004000  __STACK_END                        
20004000  _sys_memory                        
20008000  pubkey                             
200081c4  lic_field_type                     
200082c4  lic_tag_id                         
20008474  fit_time_get_callback              
20008478  _Denorm                            
20008488  _Eps                               
20008498  _Hugeval                           
200084a8  _Inf                               
200084b8  _Nan                               
200084c8  _Snan                              
200084d8  _Rteps                             
200084e8  _Xbig                              
200084f0  _Zero                              
200084f8  devid                              
20008538  fit_cache                          
2000854c  fct                                
20008565  aes256key                          
20008586  devid_len                          
2000859e  fit_trace_flags                    
200085ac  _lock                              
200085b0  _unlock                            
200085b4  __TI_cleanup_ptr                   
200085b8  __TI_dtors_ptr                     
200085bc  _Fenv                              
200085c0  _Tls_setup__Fenv                   
200085c4  unixtime                           
200085c8  _Errno                             
200085d0  main_func_sp                       
20008a58  g_ui32SysClock                     
ffffffff  __binit__                          
ffffffff  __c_args__                         
ffffffff  binit                              
UNDEFED   SHT$$INIT_ARRAY$$Base              
UNDEFED   SHT$$INIT_ARRAY$$Limit             

[346 symbols]
